[2026-08-13T00:08:22.844Z] [INFO ] ══════════════════════════════════════════════
[2026-08-13T00:08:22.846Z] [INFO ] SonarGold Scraper v4.0 starting...
[2026-08-13T00:08:22.846Z] [INFO ] Mode: LIVE
[2026-08-13T00:08:22.847Z] [INFO ] ══════════════════════════════════════════════
[2026-08-13T00:08:22.850Z] [INFO ] History size — Gold: 250, Silver: 236, Intl: 329
[2026-08-13T00:08:22.852Z] [INFO ] ════════════════════════════════
[2026-08-13T00:08:22.853Z] [INFO ] Starting BAJUS scrape v4.0 (sequential)...
[2026-08-13T00:08:22.853Z] [INFO ] Trying Strategy 1: BAJUSCTG API...
[2026-08-13T00:08:23.218Z] [INFO ] ✓ BAJUSCTG success: 22K gram ≈ 20160
[2026-08-13T00:08:23.219Z] [INFO ] SUCCESS — Source: bajusctg-api
[2026-08-13T00:08:23.220Z] [INFO ] Fetching international prices...
[2026-08-13T00:08:23.613Z] [INFO ] Gold: no change — skipping append
[2026-08-13T00:08:23.614Z] [INFO ] Silver: no change — skipping append
[2026-08-13T00:08:23.615Z] [INFO ] Intl: appended entry #330
[2026-08-13T00:08:23.629Z] [INFO ] latest.json written | Final source: bajusctg-api
[2026-08-13T00:08:23.629Z] [INFO ] ══════════════════════════════════════════════
[2026-08-13T03:08:41.980Z] [INFO ] ══════════════════════════════════════════════
[2026-08-13T03:08:41.982Z] [INFO ] SonarGold Scraper v4.0 starting...
[2026-08-13T03:08:41.983Z] [INFO ] Mode: LIVE
[2026-08-13T03:08:41.984Z] [INFO ] ══════════════════════════════════════════════
[2026-08-13T03:08:41.987Z] [INFO ] History size — Gold: 250, Silver: 236, Intl: 330
[2026-08-13T03:08:41.988Z] [INFO ] ════════════════════════════════
[2026-08-13T03:08:41.991Z] [INFO ] Starting BAJUS scrape v4.0 (sequential)...
[2026-08-13T03:08:41.992Z] [INFO ] Trying Strategy 1: BAJUSCTG API...
[2026-08-13T03:08:42.947Z] [INFO ] ✓ BAJUSCTG success: 22K gram ≈ 20160
[2026-08-13T03:08:42.948Z] [INFO ] SUCCESS — Source: bajusctg-api
[2026-08-13T03:08:42.949Z] [INFO ] Fetching international prices...
[2026-08-13T03:08:43.330Z] [INFO ] Gold: no change — skipping append
[2026-08-13T03:08:43.331Z] [INFO ] Silver: no change — skipping append
[2026-08-13T03:08:43.332Z] [INFO ] Intl: updated same-day entry
[2026-08-13T03:08:43.348Z] [INFO ] latest.json written | Final source: bajusctg-api
[2026-08-13T03:08:43.349Z] [INFO ] ══════════════════════════════════════════════
[2026-08-13T05:18:15.461Z] [INFO ] ══════════════════════════════════════════════
[2026-08-13T05:18:15.463Z] [INFO ] SonarGold Scraper v4.0 starting...
[2026-08-13T05:18:15.465Z] [INFO ] Mode: LIVE
[2026-08-13T05:18:15.466Z] [INFO ] ══════════════════════════════════════════════
[2026-08-13T05:18:15.468Z] [INFO ] History size — Gold: 250, Silver: 236, Intl: 330
[2026-08-13T05:18:15.471Z] [INFO ] ════════════════════════════════
[2026-08-13T05:18:15.471Z] [INFO ] Starting BAJUS scrape v4.0 (sequential)...
[2026-08-13T05:18:15.472Z] [INFO ] Trying Strategy 1: BAJUSCTG API...
[2026-08-13T05:18:16.564Z] [INFO ] ✓ BAJUSCTG success: 22K gram ≈ 20300
[2026-08-13T05:18:16.565Z] [INFO ] SUCCESS — Source: bajusctg-api
[2026-08-13T05:18:16.566Z] [INFO ] Fetching international prices...
[2026-08-13T05:18:16.815Z] [INFO ] Gold: appended entry #251
[2026-08-13T05:18:16.816Z] [INFO ] Silver: no change — skipping append
[2026-08-13T05:18:16.817Z] [INFO ] Intl: updated same-day entry
[2026-08-13T05:18:17.128Z] [INFO ] latest.json written | Final source: bajusctg-api
[2026-08-13T05:18:17.129Z] [INFO ] ══════════════════════════════════════════════
[2026-08-13T06:57:26.014Z] [INFO ] ══════════════════════════════════════════════
[2026-08-13T06:57:26.016Z] [INFO ] SonarGold Scraper v4.0 starting...
[2026-08-13T06:57:26.018Z] [INFO ] Mode: LIVE
[2026-08-13T06:57:26.019Z] [INFO ] ══════════════════════════════════════════════
[2026-08-13T06:57:26.021Z] [INFO ] History size — Gold: 251, Silver: 236, Intl: 330
[2026-08-13T06:57:26.023Z] [INFO ] ════════════════════════════════
[2026-08-13T06:57:26.024Z] [INFO ] Starting BAJUS scrape v4.0 (sequential)...
[2026-08-13T06:57:26.025Z] [INFO ] Trying Strategy 1: BAJUSCTG API...
[2026-08-13T06:57:26.403Z] [INFO ] ✓ BAJUSCTG success: 22K gram ≈ 20300
[2026-08-13T06:57:26.404Z] [INFO ] SUCCESS — Source: bajusctg-api
[2026-08-13T06:57:26.405Z] [INFO ] Fetching international prices...
[2026-08-13T06:57:26.976Z] [INFO ] Gold: no change — skipping append
[2026-08-13T06:57:26.976Z] [INFO ] Silver: no change — skipping append
[2026-08-13T06:57:26.977Z] [INFO ] Intl: updated same-day entry
[2026-08-13T06:57:27.016Z] [INFO ] latest.json written | Final source: bajusctg-api
[2026-08-13T06:57:27.017Z] [INFO ] ══════════════════════════════════════════════
[2026-08-13T08:37:30.357Z] [INFO ] ══════════════════════════════════════════════
[2026-08-13T08:37:30.359Z] [INFO ] SonarGold Scraper v4.0 starting...
[2026-08-13T08:37:30.360Z] [INFO ] Mode: LIVE
[2026-08-13T08:37:30.361Z] [INFO ] ══════════════════════════════════════════════
[2026-08-13T08:37:30.364Z] [INFO ] History size — Gold: 251, Silver: 236, Intl: 330
[2026-08-13T08:37:30.367Z] [INFO ] ════════════════════════════════
[2026-08-13T08:37:30.367Z] [INFO ] Starting BAJUS scrape v4.0 (sequential)...
[2026-08-13T08:37:30.368Z] [INFO ] Trying Strategy 1: BAJUSCTG API...
[2026-08-13T08:37:30.684Z] [INFO ] ✓ BAJUSCTG success: 22K gram ≈ 20300
[2026-08-13T08:37:30.685Z] [INFO ] SUCCESS — Source: bajusctg-api
[2026-08-13T08:37:30.686Z] [INFO ] Fetching international prices...
[2026-08-13T08:37:31.333Z] [INFO ] Gold: no change — skipping append
[2026-08-13T08:37:31.334Z] [INFO ] Silver: no change — skipping append
[2026-08-13T08:37:31.335Z] [INFO ] Intl: updated same-day entry
[2026-08-13T08:37:31.350Z] [INFO ] latest.json written | Final source: bajusctg-api
[2026-08-13T08:37:31.351Z] [INFO ] ══════════════════════════════════════════════
[2026-08-13T10:12:06.389Z] [INFO ] ══════════════════════════════════════════════
[2026-08-13T10:12:06.391Z] [INFO ] SonarGold Scraper v4.0 starting...
[2026-08-13T10:12:06.391Z] [INFO ] Mode: LIVE
[2026-08-13T10:12:06.392Z] [INFO ] ══════════════════════════════════════════════
[2026-08-13T10:12:06.395Z] [INFO ] History size — Gold: 251, Silver: 236, Intl: 330
[2026-08-13T10:12:06.396Z] [INFO ] ════════════════════════════════
[2026-08-13T10:12:06.396Z] [INFO ] Starting BAJUS scrape v4.0 (sequential)...
[2026-08-13T10:12:06.397Z] [INFO ] Trying Strategy 1: BAJUSCTG API...
[2026-08-13T10:12:07.362Z] [INFO ] ✓ BAJUSCTG success: 22K gram ≈ 20300
[2026-08-13T10:12:07.363Z] [INFO ] SUCCESS — Source: bajusctg-api
[2026-08-13T10:12:07.364Z] [INFO ] Fetching international prices...
[2026-08-13T10:12:07.956Z] [INFO ] Gold: no change — skipping append
[2026-08-13T10:12:07.956Z] [INFO ] Silver: no change — skipping append
[2026-08-13T10:12:07.957Z] [INFO ] Intl: updated same-day entry
[2026-08-13T10:12:07.976Z] [INFO ] latest.json written | Final source: bajusctg-api
[2026-08-13T10:12:07.977Z] [INFO ] ══════════════════════════════════════════════
[2026-08-13T11:22:09.789Z] [INFO ] ══════════════════════════════════════════════
[2026-08-13T11:22:09.790Z] [INFO ] SonarGold Scraper v4.0 starting...
[2026-08-13T11:22:09.791Z] [INFO ] Mode: LIVE
[2026-08-13T11:22:09.791Z] [INFO ] ══════════════════════════════════════════════
[2026-08-13T11:22:09.793Z] [INFO ] History size — Gold: 251, Silver: 236, Intl: 330
[2026-08-13T11:22:09.795Z] [INFO ] ════════════════════════════════
[2026-08-13T11:22:09.795Z] [INFO ] Starting BAJUS scrape v4.0 (sequential)...
[2026-08-13T11:22:09.796Z] [INFO ] Trying Strategy 1: BAJUSCTG API...
[2026-08-13T11:22:11.084Z] [INFO ] ✓ BAJUSCTG success: 22K gram ≈ 20300
[2026-08-13T11:22:11.084Z] [INFO ] SUCCESS — Source: bajusctg-api
[2026-08-13T11:22:11.085Z] [INFO ] Fetching international prices...
[2026-08-13T11:22:11.668Z] [INFO ] Gold: no change — skipping append
[2026-08-13T11:22:11.668Z] [INFO ] Silver: no change — skipping append
[2026-08-13T11:22:11.669Z] [INFO ] Intl: updated same-day entry
[2026-08-13T11:22:11.679Z] [INFO ] latest.json written | Final source: bajusctg-api
[2026-08-13T11:22:11.679Z] [INFO ] ══════════════════════════════════════════════
[2026-08-13T12:11:17.106Z] [INFO ] ══════════════════════════════════════════════
[2026-08-13T12:11:17.108Z] [INFO ] SonarGold Scraper v4.0 starting...
[2026-08-13T12:11:17.109Z] [INFO ] Mode: LIVE
[2026-08-13T12:11:17.110Z] [INFO ] ══════════════════════════════════════════════
[2026-08-13T12:11:17.113Z] [INFO ] History size — Gold: 251, Silver: 236, Intl: 330
[2026-08-13T12:11:17.114Z] [INFO ] ════════════════════════════════
[2026-08-13T12:11:17.116Z] [INFO ] Starting BAJUS scrape v4.0 (sequential)...
[2026-08-13T12:11:17.117Z] [INFO ] Trying Strategy 1: BAJUSCTG API...
[2026-08-13T12:11:17.599Z] [INFO ] ✓ BAJUSCTG success: 22K gram ≈ 20300
[2026-08-13T12:11:17.600Z] [INFO ] SUCCESS — Source: bajusctg-api
[2026-08-13T12:11:17.601Z] [INFO ] Fetching international prices...
[2026-08-13T12:11:18.390Z] [INFO ] Gold: no change — skipping append
[2026-08-13T12:11:18.391Z] [INFO ] Silver: no change — skipping append
[2026-08-13T12:11:18.391Z] [INFO ] Intl: updated same-day entry
[2026-08-13T12:11:18.407Z] [INFO ] latest.json written | Final source: bajusctg-api
[2026-08-13T12:11:18.408Z] [INFO ] ══════════════════════════════════════════════
[2026-08-13T13:58:47.694Z] [INFO ] ══════════════════════════════════════════════
[2026-08-13T13:58:47.696Z] [INFO ] SonarGold Scraper v4.0 starting...
[2026-08-13T13:58:47.698Z] [INFO ] Mode: LIVE
[2026-08-13T13:58:47.699Z] [INFO ] ══════════════════════════════════════════════
[2026-08-13T13:58:47.702Z] [INFO ] History size — Gold: 251, Silver: 236, Intl: 330
[2026-08-13T13:58:47.703Z] [INFO ] ════════════════════════════════
[2026-08-13T13:58:47.705Z] [INFO ] Starting BAJUS scrape v4.0 (sequential)...
[2026-08-13T13:58:47.706Z] [INFO ] Trying Strategy 1: BAJUSCTG API...
[2026-08-13T13:58:48.945Z] [INFO ] ✓ BAJUSCTG success: 22K gram ≈ 20300
[2026-08-13T13:58:48.946Z] [INFO ] SUCCESS — Source: bajusctg-api
[2026-08-13T13:58:48.947Z] [INFO ] Fetching international prices...
[2026-08-13T13:58:49.496Z] [INFO ] Gold: no change — skipping append
[2026-08-13T13:58:49.497Z] [INFO ] Silver: no change — skipping append
[2026-08-13T13:58:49.497Z] [INFO ] Intl: updated same-day entry
[2026-08-13T13:58:49.513Z] [INFO ] latest.json written | Final source: bajusctg-api
[2026-08-13T13:58:49.514Z] [INFO ] ══════════════════════════════════════════════
[2026-08-13T15:06:49.440Z] [INFO ] ══════════════════════════════════════════════
[2026-08-13T15:06:49.443Z] [INFO ] SonarGold Scraper v4.0 starting...
[2026-08-13T15:06:49.444Z] [INFO ] Mode: LIVE
[2026-08-13T15:06:49.445Z] [INFO ] ══════════════════════════════════════════════
[2026-08-13T15:06:49.448Z] [INFO ] History size — Gold: 251, Silver: 236, Intl: 330
[2026-08-13T15:06:49.451Z] [INFO ] ════════════════════════════════
[2026-08-13T15:06:49.452Z] [INFO ] Starting BAJUS scrape v4.0 (sequential)...
[2026-08-13T15:06:49.453Z] [INFO ] Trying Strategy 1: BAJUSCTG API...
[2026-08-13T15:06:49.886Z] [INFO ] ✓ BAJUSCTG success: 22K gram ≈ 20300
[2026-08-13T15:06:49.887Z] [INFO ] SUCCESS — Source: bajusctg-api
[2026-08-13T15:06:49.888Z] [INFO ] Fetching international prices...
[2026-08-13T15:06:50.422Z] [INFO ] Gold: no change — skipping append
[2026-08-13T15:06:50.423Z] [INFO ] Silver: no change — skipping append
[2026-08-13T15:06:50.424Z] [INFO ] Intl: updated same-day entry
[2026-08-13T15:06:50.439Z] [INFO ] latest.json written | Final source: bajusctg-api
[2026-08-13T15:06:50.440Z] [INFO ] ══════════════════════════════════════════════
[2026-08-13T16:25:54.451Z] [INFO ] ══════════════════════════════════════════════
[2026-08-13T16:25:54.453Z] [INFO ] SonarGold Scraper v4.0 starting...
[2026-08-13T16:25:54.455Z] [INFO ] Mode: LIVE
[2026-08-13T16:25:54.456Z] [INFO ] ══════════════════════════════════════════════
[2026-08-13T16:25:54.458Z] [INFO ] History size — Gold: 251, Silver: 236, Intl: 330
[2026-08-13T16:25:54.461Z] [INFO ] ════════════════════════════════
[2026-08-13T16:25:54.461Z] [INFO ] Starting BAJUS scrape v4.0 (sequential)...
[2026-08-13T16:25:54.462Z] [INFO ] Trying Strategy 1: BAJUSCTG API...
[2026-08-13T16:25:54.860Z] [INFO ] ✓ BAJUSCTG success: 22K gram ≈ 20300
[2026-08-13T16:25:54.861Z] [INFO ] SUCCESS — Source: bajusctg-api
[2026-08-13T16:25:54.862Z] [INFO ] Fetching international prices...
[2026-08-13T16:25:55.639Z] [INFO ] Gold: no change — skipping append
[2026-08-13T16:25:55.640Z] [INFO ] Silver: no change — skipping append
[2026-08-13T16:25:55.641Z] [INFO ] Intl: updated same-day entry
[2026-08-13T16:25:55.656Z] [INFO ] latest.json written | Final source: bajusctg-api
[2026-08-13T16:25:55.657Z] [INFO ] ══════════════════════════════════════════════
