[2026-08-29T01:50:58.174Z] [INFO ] ══════════════════════════════════════════════
[2026-08-29T01:50:58.176Z] [INFO ] SonarGold Scraper v4.0 starting...
[2026-08-29T01:50:58.178Z] [INFO ] Mode: LIVE
[2026-08-29T01:50:58.179Z] [INFO ] ══════════════════════════════════════════════
[2026-08-29T01:50:58.182Z] [INFO ] History size — Gold: 257, Silver: 239, Intl: 345
[2026-08-29T01:50:58.185Z] [INFO ] ════════════════════════════════
[2026-08-29T01:50:58.186Z] [INFO ] Starting BAJUS scrape v4.0 (sequential)...
[2026-08-29T01:50:58.187Z] [INFO ] Trying Strategy 1: BAJUSCTG API...
[2026-08-29T01:50:58.876Z] [WARN ] BAJUSCTG API failed: HTTP 403
[2026-08-29T01:50:58.877Z] [INFO ] Trying BAJUSCTG HTML fallback...
[2026-08-29T01:50:59.748Z] [WARN ] BAJUSCTG HTML failed: HTTP 403
[2026-08-29T01:50:59.750Z] [INFO ] Trying Strategy 2: GoldR.org homepage...
[2026-08-29T01:51:00.005Z] [WARN ] GoldR.org parsed but data invalid
[2026-08-29T01:51:00.006Z] [INFO ] Trying Strategy 3: bdgoldprice.com...
[2026-08-29T01:51:00.206Z] [INFO ] Trying Strategy 4: Wayback Machine...
[2026-08-29T01:51:01.174Z] [INFO ] Using cached prices from 2026-08-28 (20h old)
[2026-08-29T01:51:01.176Z] [WARN ] ALL LIVE SOURCES FAILED — Using cached prices (mandatory fallback)
[2026-08-29T01:51:01.177Z] [INFO ] Fetching international prices...
[2026-08-29T01:51:01.852Z] [INFO ] Gold: no change — skipping append
[2026-08-29T01:51:01.854Z] [INFO ] Silver: no change — skipping append
[2026-08-29T01:51:01.855Z] [INFO ] Intl: appended entry #346
[2026-08-29T01:51:01.870Z] [INFO ] latest.json written | Final source: cache
[2026-08-29T01:51:01.871Z] [INFO ] ══════════════════════════════════════════════
[2026-08-29T08:47:49.070Z] [INFO ] ══════════════════════════════════════════════
[2026-08-29T08:47:49.073Z] [INFO ] SonarGold Scraper v4.0 starting...
[2026-08-29T08:47:49.074Z] [INFO ] Mode: LIVE
[2026-08-29T08:47:49.075Z] [INFO ] ══════════════════════════════════════════════
[2026-08-29T08:47:49.078Z] [INFO ] History size — Gold: 257, Silver: 239, Intl: 346
[2026-08-29T08:47:49.080Z] [INFO ] ════════════════════════════════
[2026-08-29T08:47:49.081Z] [INFO ] Starting BAJUS scrape v4.0 (sequential)...
[2026-08-29T08:47:49.082Z] [INFO ] Trying Strategy 1: BAJUSCTG API...
[2026-08-29T08:47:49.607Z] [WARN ] BAJUSCTG API failed: HTTP 403
[2026-08-29T08:47:49.608Z] [INFO ] Trying BAJUSCTG HTML fallback...
[2026-08-29T08:47:50.408Z] [WARN ] BAJUSCTG HTML failed: HTTP 403
[2026-08-29T08:47:50.409Z] [INFO ] Trying Strategy 2: GoldR.org homepage...
[2026-08-29T08:47:50.951Z] [WARN ] GoldR.org failed: HTTP 403
[2026-08-29T08:47:50.952Z] [INFO ] Trying Strategy 3: bdgoldprice.com...
[2026-08-29T08:47:51.220Z] [INFO ] Trying Strategy 4: Wayback Machine...
[2026-08-29T08:47:52.445Z] [WARN ] Wayback failed: HTTP 503
[2026-08-29T08:47:52.447Z] [INFO ] Using cached prices from 2026-08-28 (27h old)
[2026-08-29T08:47:52.448Z] [WARN ] ALL LIVE SOURCES FAILED — Using cached prices (mandatory fallback)
[2026-08-29T08:47:52.449Z] [INFO ] Fetching international prices...
[2026-08-29T08:47:52.647Z] [INFO ] Gold: no change — skipping append
[2026-08-29T08:47:52.648Z] [INFO ] Silver: no change — skipping append
[2026-08-29T08:47:52.649Z] [INFO ] Intl: no change — skipping append
[2026-08-29T08:47:52.663Z] [INFO ] latest.json written | Final source: cache
[2026-08-29T08:47:52.664Z] [INFO ] ══════════════════════════════════════════════
[2026-08-29T14:16:17.406Z] [INFO ] ══════════════════════════════════════════════
[2026-08-29T14:16:17.408Z] [INFO ] SonarGold Scraper v4.0 starting...
[2026-08-29T14:16:17.409Z] [INFO ] Mode: LIVE
[2026-08-29T14:16:17.410Z] [INFO ] ══════════════════════════════════════════════
[2026-08-29T14:16:17.413Z] [INFO ] History size — Gold: 257, Silver: 239, Intl: 346
[2026-08-29T14:16:17.415Z] [INFO ] ════════════════════════════════
[2026-08-29T14:16:17.415Z] [INFO ] Starting BAJUS scrape v4.0 (sequential)...
[2026-08-29T14:16:17.416Z] [INFO ] Trying Strategy 1: BAJUSCTG API...
[2026-08-29T14:16:18.064Z] [WARN ] BAJUSCTG API failed: HTTP 403
[2026-08-29T14:16:18.065Z] [INFO ] Trying BAJUSCTG HTML fallback...
[2026-08-29T14:16:19.064Z] [WARN ] BAJUSCTG HTML failed: HTTP 403
[2026-08-29T14:16:19.065Z] [INFO ] Trying Strategy 2: GoldR.org homepage...
[2026-08-29T14:16:19.235Z] [WARN ] GoldR.org parsed but data invalid
[2026-08-29T14:16:19.235Z] [INFO ] Trying Strategy 3: bdgoldprice.com...
[2026-08-29T14:16:19.544Z] [INFO ] Trying Strategy 4: Wayback Machine...
[2026-08-29T14:16:23.899Z] [INFO ] Using cached prices from 2026-08-28 (33h old)
[2026-08-29T14:16:23.900Z] [WARN ] ALL LIVE SOURCES FAILED — Using cached prices (mandatory fallback)
[2026-08-29T14:16:23.901Z] [INFO ] Fetching international prices...
[2026-08-29T14:16:24.162Z] [INFO ] Gold: no change — skipping append
[2026-08-29T14:16:24.163Z] [INFO ] Silver: no change — skipping append
[2026-08-29T14:16:24.163Z] [INFO ] Intl: no change — skipping append
[2026-08-29T14:16:24.175Z] [INFO ] latest.json written | Final source: cache
[2026-08-29T14:16:24.176Z] [INFO ] ══════════════════════════════════════════════
[2026-08-29T17:49:21.246Z] [INFO ] ══════════════════════════════════════════════
[2026-08-29T17:49:21.248Z] [INFO ] SonarGold Scraper v4.0 starting...
[2026-08-29T17:49:21.250Z] [INFO ] Mode: LIVE
[2026-08-29T17:49:21.251Z] [INFO ] ══════════════════════════════════════════════
[2026-08-29T17:49:21.254Z] [INFO ] History size — Gold: 257, Silver: 239, Intl: 346
[2026-08-29T17:49:21.257Z] [INFO ] ════════════════════════════════
[2026-08-29T17:49:21.258Z] [INFO ] Starting BAJUS scrape v4.0 (sequential)...
[2026-08-29T17:49:21.260Z] [INFO ] Trying Strategy 1: BAJUSCTG API...
[2026-08-29T17:49:22.014Z] [WARN ] BAJUSCTG API failed: HTTP 403
[2026-08-29T17:49:22.015Z] [INFO ] Trying BAJUSCTG HTML fallback...
[2026-08-29T17:49:22.796Z] [WARN ] BAJUSCTG HTML failed: HTTP 403
[2026-08-29T17:49:22.798Z] [INFO ] Trying Strategy 2: GoldR.org homepage...
[2026-08-29T17:49:23.829Z] [WARN ] GoldR.org failed: HTTP 403
[2026-08-29T17:49:23.830Z] [INFO ] Trying Strategy 3: bdgoldprice.com...
[2026-08-29T17:49:24.065Z] [INFO ] Trying Strategy 4: Wayback Machine...
[2026-08-29T17:49:25.653Z] [WARN ] Wayback failed: HTTP 503
[2026-08-29T17:49:25.655Z] [INFO ] Using cached prices from 2026-08-28 (36h old)
[2026-08-29T17:49:25.656Z] [WARN ] ALL LIVE SOURCES FAILED — Using cached prices (mandatory fallback)
[2026-08-29T17:49:25.657Z] [INFO ] Fetching international prices...
[2026-08-29T17:49:26.093Z] [INFO ] Gold: no change — skipping append
[2026-08-29T17:49:26.094Z] [INFO ] Silver: no change — skipping append
[2026-08-29T17:49:26.096Z] [INFO ] Intl: no change — skipping append
[2026-08-29T17:49:26.111Z] [INFO ] latest.json written | Final source: cache
[2026-08-29T17:49:26.112Z] [INFO ] ══════════════════════════════════════════════
