[2026-09-09T03:58:04.500Z] [INFO ] ══════════════════════════════════════════════
[2026-09-09T03:58:04.503Z] [INFO ] SonarGold Scraper v4.3 (Free Reliable + Correct Alamin) starting...
[2026-09-09T03:58:04.504Z] [INFO ] Mode: LIVE
[2026-09-09T03:58:04.505Z] [INFO ] ══════════════════════════════════════════════
[2026-09-09T03:58:04.510Z] [INFO ] History size — Gold: 259, Silver: 240, Intl: 356
[2026-09-09T03:58:04.511Z] [INFO ] ════════════════════════════════
[2026-09-09T03:58:04.512Z] [INFO ] Starting BAJUS scrape v4.3 (Free Reliable + Correct Alamin)...
[2026-09-09T03:58:04.513Z] [INFO ] Trying Strategy 1: alaminjewellers.com...
[2026-09-09T03:58:04.980Z] [INFO ] ✓ alaminjewellers (fallback) success: 22K = 20160
[2026-09-09T03:58:04.982Z] [INFO ] SUCCESS — Source: alamin
[2026-09-09T03:58:04.983Z] [INFO ] Fetching international prices...
[2026-09-09T03:58:05.462Z] [INFO ] Gold: no change — skipping append
[2026-09-09T03:58:05.464Z] [INFO ] Silver: no change — skipping append
[2026-09-09T03:58:05.465Z] [INFO ] Intl: appended entry #357
[2026-09-09T03:58:05.481Z] [INFO ] latest.json written | Final source: alamin
[2026-09-09T03:58:05.482Z] [INFO ] ══════════════════════════════════════════════
[2026-09-09T08:54:48.619Z] [INFO ] ══════════════════════════════════════════════
[2026-09-09T08:54:48.621Z] [INFO ] SonarGold Scraper v4.3 (Free Reliable + Correct Alamin) starting...
[2026-09-09T08:54:48.622Z] [INFO ] Mode: LIVE
[2026-09-09T08:54:48.623Z] [INFO ] ══════════════════════════════════════════════
[2026-09-09T08:54:48.627Z] [INFO ] History size — Gold: 259, Silver: 240, Intl: 357
[2026-09-09T08:54:48.628Z] [INFO ] ════════════════════════════════
[2026-09-09T08:54:48.629Z] [INFO ] Starting BAJUS scrape v4.3 (Free Reliable + Correct Alamin)...
[2026-09-09T08:54:48.630Z] [INFO ] Trying Strategy 1: alaminjewellers.com...
[2026-09-09T08:54:48.973Z] [INFO ] ✓ alaminjewellers (fallback) success: 22K = 20160
[2026-09-09T08:54:48.975Z] [INFO ] SUCCESS — Source: alamin
[2026-09-09T08:54:48.976Z] [INFO ] Fetching international prices...
[2026-09-09T08:54:49.227Z] [INFO ] Gold: no change — skipping append
[2026-09-09T08:54:49.228Z] [INFO ] Silver: no change — skipping append
[2026-09-09T08:54:49.229Z] [INFO ] Intl: updated same-day entry
[2026-09-09T08:54:49.241Z] [INFO ] latest.json written | Final source: alamin
[2026-09-09T08:54:49.242Z] [INFO ] ══════════════════════════════════════════════
[2026-09-09T11:16:37.442Z] [INFO ] ══════════════════════════════════════════════
[2026-09-09T11:16:37.444Z] [INFO ] SonarGold Scraper v4.3 (Free Reliable + Correct Alamin) starting...
[2026-09-09T11:16:37.446Z] [INFO ] Mode: LIVE
[2026-09-09T11:16:37.447Z] [INFO ] ══════════════════════════════════════════════
[2026-09-09T11:16:37.451Z] [INFO ] History size — Gold: 259, Silver: 240, Intl: 357
[2026-09-09T11:16:37.451Z] [INFO ] ════════════════════════════════
[2026-09-09T11:16:37.452Z] [INFO ] Starting BAJUS scrape v4.3 (Free Reliable + Correct Alamin)...
[2026-09-09T11:16:37.453Z] [INFO ] Trying Strategy 1: alaminjewellers.com...
[2026-09-09T11:16:37.904Z] [INFO ] ✓ alaminjewellers (fallback) success: 22K = 20160
[2026-09-09T11:16:37.905Z] [INFO ] SUCCESS — Source: alamin
[2026-09-09T11:16:37.907Z] [INFO ] Fetching international prices...
[2026-09-09T11:16:38.463Z] [INFO ] Gold: no change — skipping append
[2026-09-09T11:16:38.486Z] [INFO ] Silver: no change — skipping append
[2026-09-09T11:16:38.486Z] [INFO ] Intl: updated same-day entry
[2026-09-09T11:16:38.506Z] [INFO ] latest.json written | Final source: alamin
[2026-09-09T11:16:38.507Z] [INFO ] ══════════════════════════════════════════════
[2026-09-09T11:25:10.472Z] [INFO ] ══════════════════════════════════════════════
[2026-09-09T11:25:10.473Z] [INFO ] SonarGold Scraper v4.3 (Free Reliable + Correct Alamin) starting...
[2026-09-09T11:25:10.474Z] [INFO ] Mode: LIVE
[2026-09-09T11:25:10.475Z] [INFO ] ══════════════════════════════════════════════
[2026-09-09T11:25:10.478Z] [INFO ] History size — Gold: 259, Silver: 240, Intl: 357
[2026-09-09T11:25:10.479Z] [INFO ] ════════════════════════════════
[2026-09-09T11:25:10.479Z] [INFO ] Starting BAJUS scrape v4.3 (Free Reliable + Correct Alamin)...
[2026-09-09T11:25:10.480Z] [INFO ] Trying Strategy 1: alaminjewellers.com...
[2026-09-09T11:25:10.962Z] [INFO ] ✓ alaminjewellers (fallback) success: 22K = 20160
[2026-09-09T11:25:10.963Z] [INFO ] SUCCESS — Source: alamin
[2026-09-09T11:25:10.964Z] [INFO ] Fetching international prices...
[2026-09-09T11:25:11.630Z] [INFO ] Gold: no change — skipping append
[2026-09-09T11:25:11.631Z] [INFO ] Silver: no change — skipping append
[2026-09-09T11:25:11.632Z] [INFO ] Intl: updated same-day entry
[2026-09-09T11:25:11.644Z] [INFO ] latest.json written | Final source: alamin
[2026-09-09T11:25:11.645Z] [INFO ] ══════════════════════════════════════════════
[2026-09-09T11:38:06.241Z] [INFO ] ══════════════════════════════════════════════
[2026-09-09T11:38:06.243Z] [INFO ] SonarGold Scraper v4.3 (Free Reliable + Correct Alamin) starting...
[2026-09-09T11:38:06.245Z] [INFO ] Mode: LIVE
[2026-09-09T11:38:06.247Z] [INFO ] ══════════════════════════════════════════════
[2026-09-09T11:38:06.252Z] [INFO ] History size — Gold: 259, Silver: 240, Intl: 357
[2026-09-09T11:38:06.253Z] [INFO ] ════════════════════════════════
[2026-09-09T11:38:06.254Z] [INFO ] Starting BAJUS scrape v4.3 (Free Reliable + Correct Alamin)...
[2026-09-09T11:38:06.256Z] [INFO ] Trying Strategy 1: alaminjewellers.com...
[2026-09-09T11:38:06.656Z] [INFO ] ✓ alaminjewellers (fallback) success: 22K = 20160
[2026-09-09T11:38:06.658Z] [INFO ] SUCCESS — Source: alamin
[2026-09-09T11:38:06.659Z] [INFO ] Fetching international prices...
[2026-09-09T11:38:07.195Z] [INFO ] Gold: no change — skipping append
[2026-09-09T11:38:07.196Z] [INFO ] Silver: no change — skipping append
[2026-09-09T11:38:07.197Z] [INFO ] Intl: updated same-day entry
[2026-09-09T11:38:07.212Z] [INFO ] latest.json written | Final source: alamin
[2026-09-09T11:38:07.214Z] [INFO ] ══════════════════════════════════════════════
[2026-09-09T11:41:51.941Z] [INFO ] ══════════════════════════════════════════════
[2026-09-09T11:41:51.943Z] [INFO ] SonarGold Scraper v4.3 (Free Reliable + Correct Alamin) starting...
[2026-09-09T11:41:51.944Z] [INFO ] Mode: LIVE
[2026-09-09T11:41:51.945Z] [INFO ] ══════════════════════════════════════════════
[2026-09-09T11:41:51.952Z] [INFO ] History size — Gold: 259, Silver: 240, Intl: 357
[2026-09-09T11:41:51.953Z] [INFO ] ════════════════════════════════
[2026-09-09T11:41:51.954Z] [INFO ] Starting BAJUS scrape v4.3 (Free Reliable + Correct Alamin)...
[2026-09-09T11:41:51.955Z] [INFO ] Trying Strategy 1: alaminjewellers.com...
[2026-09-09T11:41:52.390Z] [INFO ] ✓ alaminjewellers (fallback) success: 22K = 20160
[2026-09-09T11:41:52.391Z] [INFO ] SUCCESS — Source: alamin
[2026-09-09T11:41:52.393Z] [INFO ] Fetching international prices...
[2026-09-09T11:41:52.869Z] [INFO ] Gold: no change — skipping append
[2026-09-09T11:41:52.871Z] [INFO ] Silver: no change — skipping append
[2026-09-09T11:41:52.872Z] [INFO ] Intl: updated same-day entry
[2026-09-09T11:41:52.893Z] [INFO ] latest.json written | Final source: alamin
[2026-09-09T11:41:52.895Z] [INFO ] ══════════════════════════════════════════════
[2026-09-09T13:35:55.900Z] [INFO ] ══════════════════════════════════════════════
[2026-09-09T13:35:55.902Z] [INFO ] SonarGold Scraper v4.3 (Free Reliable + Correct Alamin) starting...
[2026-09-09T13:35:55.904Z] [INFO ] Mode: LIVE
[2026-09-09T13:35:55.905Z] [INFO ] ══════════════════════════════════════════════
[2026-09-09T13:35:55.909Z] [INFO ] History size — Gold: 259, Silver: 240, Intl: 357
[2026-09-09T13:35:55.910Z] [INFO ] ════════════════════════════════
[2026-09-09T13:35:55.911Z] [INFO ] Starting BAJUS scrape v4.3 (Free Reliable + Correct Alamin)...
[2026-09-09T13:35:55.912Z] [INFO ] Trying Strategy 1: alaminjewellers.com...
[2026-09-09T13:35:56.364Z] [INFO ] ✓ alaminjewellers (fallback) success: 22K = 20160
[2026-09-09T13:35:56.366Z] [INFO ] SUCCESS — Source: alamin
[2026-09-09T13:35:56.367Z] [INFO ] Fetching international prices...
[2026-09-09T13:35:56.496Z] [INFO ] Gold: no change — skipping append
[2026-09-09T13:35:56.498Z] [INFO ] Silver: no change — skipping append
[2026-09-09T13:35:56.499Z] [INFO ] Intl: updated same-day entry
[2026-09-09T13:35:56.525Z] [INFO ] latest.json written | Final source: alamin
[2026-09-09T13:35:56.527Z] [INFO ] ══════════════════════════════════════════════
[2026-09-09T20:44:05.940Z] [INFO ] ══════════════════════════════════════════════
[2026-09-09T20:44:05.943Z] [INFO ] SonarGold Scraper v4.3 (Free Reliable + Correct Alamin) starting...
[2026-09-09T20:44:05.944Z] [INFO ] Mode: LIVE
[2026-09-09T20:44:05.946Z] [INFO ] ══════════════════════════════════════════════
[2026-09-09T20:44:05.950Z] [INFO ] History size — Gold: 259, Silver: 240, Intl: 357
[2026-09-09T20:44:05.951Z] [INFO ] ════════════════════════════════
[2026-09-09T20:44:05.952Z] [INFO ] Starting BAJUS scrape v4.3 (Free Reliable + Correct Alamin)...
[2026-09-09T20:44:05.953Z] [INFO ] Trying Strategy 1: alaminjewellers.com...
[2026-09-09T20:44:06.489Z] [INFO ] ✓ alaminjewellers (fallback) success: 22K = 20160
[2026-09-09T20:44:06.491Z] [INFO ] SUCCESS — Source: alamin
[2026-09-09T20:44:06.493Z] [INFO ] Fetching international prices...
[2026-09-09T20:44:07.087Z] [INFO ] Gold: no change — skipping append
[2026-09-09T20:44:07.088Z] [INFO ] Silver: no change — skipping append
[2026-09-09T20:44:07.089Z] [INFO ] Intl: updated same-day entry
[2026-09-09T20:44:07.104Z] [INFO ] latest.json written | Final source: alamin
[2026-09-09T20:44:07.105Z] [INFO ] ══════════════════════════════════════════════
[2026-09-09T23:04:54.034Z] [INFO ] ══════════════════════════════════════════════
[2026-09-09T23:04:54.035Z] [INFO ] SonarGold Scraper v4.3 (Free Reliable + Correct Alamin) starting...
[2026-09-09T23:04:54.036Z] [INFO ] Mode: LIVE
[2026-09-09T23:04:54.038Z] [INFO ] ══════════════════════════════════════════════
[2026-09-09T23:04:54.042Z] [INFO ] History size — Gold: 259, Silver: 240, Intl: 357
[2026-09-09T23:04:54.043Z] [INFO ] ════════════════════════════════
[2026-09-09T23:04:54.043Z] [INFO ] Starting BAJUS scrape v4.3 (Free Reliable + Correct Alamin)...
[2026-09-09T23:04:54.044Z] [INFO ] Trying Strategy 1: alaminjewellers.com...
[2026-09-09T23:04:54.572Z] [INFO ] ✓ alaminjewellers (fallback) success: 22K = 20160
[2026-09-09T23:04:54.573Z] [INFO ] SUCCESS — Source: alamin
[2026-09-09T23:04:54.574Z] [INFO ] Fetching international prices...
[2026-09-09T23:04:54.839Z] [INFO ] Gold: no change — skipping append
[2026-09-09T23:04:54.840Z] [INFO ] Silver: no change — skipping append
[2026-09-09T23:04:54.841Z] [INFO ] Intl: updated same-day entry
[2026-09-09T23:04:54.869Z] [INFO ] latest.json written | Final source: alamin
[2026-09-09T23:04:54.870Z] [INFO ] ══════════════════════════════════════════════
