[2026-09-29T01:38:08.772Z] [INFO ] ══════════════════════════════════════════════
[2026-09-29T01:38:08.775Z] [INFO ] SonarGold Scraper v4.4 (Fixed Alamin) starting...
[2026-09-29T01:38:08.777Z] [INFO ] Mode: LIVE
[2026-09-29T01:38:08.779Z] [INFO ] ══════════════════════════════════════════════
[2026-09-29T01:38:08.783Z] [INFO ] History size — Gold: 260, Silver: 241, Intl: 376
[2026-09-29T01:38:08.787Z] [INFO ] ════════════════════════════════
[2026-09-29T01:38:08.788Z] [INFO ] Starting BAJUS scrape v4.4 (Fixed Alamin)...
[2026-09-29T01:38:08.789Z] [INFO ] Trying Strategy 1: alaminjewellers.com...
[2026-09-29T01:38:09.267Z] [INFO ] ✓ alaminjewellers (fallback) success: 22K = 19970
[2026-09-29T01:38:09.269Z] [INFO ] SUCCESS — Source: alamin
[2026-09-29T01:38:09.271Z] [INFO ] Fetching international prices...
[2026-09-29T01:38:09.733Z] [INFO ] Gold: no change — skipping append
[2026-09-29T01:38:09.735Z] [INFO ] Silver: no change — skipping append
[2026-09-29T01:38:09.736Z] [INFO ] Intl: appended entry #377
[2026-09-29T01:38:09.752Z] [INFO ] latest.json written | Final source: alamin
[2026-09-29T01:38:09.753Z] [INFO ] ══════════════════════════════════════════════
[2026-09-29T08:09:28.181Z] [INFO ] ══════════════════════════════════════════════
[2026-09-29T08:09:28.183Z] [INFO ] SonarGold Scraper v4.4 (Fixed Alamin) starting...
[2026-09-29T08:09:28.185Z] [INFO ] Mode: LIVE
[2026-09-29T08:09:28.186Z] [INFO ] ══════════════════════════════════════════════
[2026-09-29T08:09:28.189Z] [INFO ] History size — Gold: 260, Silver: 241, Intl: 377
[2026-09-29T08:09:28.192Z] [INFO ] ════════════════════════════════
[2026-09-29T08:09:28.193Z] [INFO ] Starting BAJUS scrape v4.4 (Fixed Alamin)...
[2026-09-29T08:09:28.194Z] [INFO ] Trying Strategy 1: alaminjewellers.com...
[2026-09-29T08:09:28.835Z] [INFO ] ✓ alaminjewellers (fallback) success: 22K = 19970
[2026-09-29T08:09:28.837Z] [INFO ] SUCCESS — Source: alamin
[2026-09-29T08:09:28.838Z] [INFO ] Fetching international prices...
[2026-09-29T08:09:29.403Z] [INFO ] Gold: no change — skipping append
[2026-09-29T08:09:29.404Z] [INFO ] Silver: no change — skipping append
[2026-09-29T08:09:29.406Z] [INFO ] Intl: updated same-day entry
[2026-09-29T08:09:29.449Z] [INFO ] latest.json written | Final source: alamin
[2026-09-29T08:09:29.450Z] [INFO ] ══════════════════════════════════════════════
[2026-09-29T15:00:32.396Z] [INFO ] ══════════════════════════════════════════════
[2026-09-29T15:00:32.398Z] [INFO ] SonarGold Scraper v4.4 (Fixed Alamin) starting...
[2026-09-29T15:00:32.398Z] [INFO ] Mode: LIVE
[2026-09-29T15:00:32.399Z] [INFO ] ══════════════════════════════════════════════
[2026-09-29T15:00:32.401Z] [INFO ] History size — Gold: 260, Silver: 241, Intl: 377
[2026-09-29T15:00:32.403Z] [INFO ] ════════════════════════════════
[2026-09-29T15:00:32.403Z] [INFO ] Starting BAJUS scrape v4.4 (Fixed Alamin)...
[2026-09-29T15:00:32.404Z] [INFO ] Trying Strategy 1: alaminjewellers.com...
[2026-09-29T15:00:32.996Z] [INFO ] ✓ alaminjewellers (fallback) success: 22K = 19970
[2026-09-29T15:00:32.997Z] [INFO ] SUCCESS — Source: alamin
[2026-09-29T15:00:32.998Z] [INFO ] Fetching international prices...
[2026-09-29T15:00:34.978Z] [INFO ] Gold: no change — skipping append
[2026-09-29T15:00:34.979Z] [INFO ] Silver: no change — skipping append
[2026-09-29T15:00:34.979Z] [INFO ] Intl: updated same-day entry
[2026-09-29T15:00:34.995Z] [INFO ] latest.json written | Final source: alamin
[2026-09-29T15:00:34.996Z] [INFO ] ══════════════════════════════════════════════
[2026-09-29T19:56:46.988Z] [INFO ] ══════════════════════════════════════════════
[2026-09-29T19:56:46.990Z] [INFO ] SonarGold Scraper v4.4 (Fixed Alamin) starting...
[2026-09-29T19:56:46.992Z] [INFO ] Mode: LIVE
[2026-09-29T19:56:46.994Z] [INFO ] ══════════════════════════════════════════════
[2026-09-29T19:56:46.997Z] [INFO ] History size — Gold: 260, Silver: 241, Intl: 377
[2026-09-29T19:56:47.000Z] [INFO ] ════════════════════════════════
[2026-09-29T19:56:47.001Z] [INFO ] Starting BAJUS scrape v4.4 (Fixed Alamin)...
[2026-09-29T19:56:47.003Z] [INFO ] Trying Strategy 1: alaminjewellers.com...
[2026-09-29T19:56:47.569Z] [INFO ] ✓ alaminjewellers (fallback) success: 22K = 19970
[2026-09-29T19:56:47.571Z] [INFO ] SUCCESS — Source: alamin
[2026-09-29T19:56:47.573Z] [INFO ] Fetching international prices...
[2026-09-29T19:56:47.976Z] [INFO ] Gold: no change — skipping append
[2026-09-29T19:56:47.978Z] [INFO ] Silver: no change — skipping append
[2026-09-29T19:56:47.979Z] [INFO ] Intl: updated same-day entry
[2026-09-29T19:56:47.995Z] [INFO ] latest.json written | Final source: alamin
[2026-09-29T19:56:47.997Z] [INFO ] ══════════════════════════════════════════════
