[2026-09-30T04:52:50.716Z] [INFO ] ══════════════════════════════════════════════
[2026-09-30T04:52:50.719Z] [INFO ] SonarGold Scraper v4.4 (Fixed Alamin) starting...
[2026-09-30T04:52:50.721Z] [INFO ] Mode: LIVE
[2026-09-30T04:52:50.723Z] [INFO ] ══════════════════════════════════════════════
[2026-09-30T04:52:50.726Z] [INFO ] History size — Gold: 260, Silver: 241, Intl: 377
[2026-09-30T04:52:50.728Z] [INFO ] ════════════════════════════════
[2026-09-30T04:52:50.729Z] [INFO ] Starting BAJUS scrape v4.4 (Fixed Alamin)...
[2026-09-30T04:52:50.730Z] [INFO ] Trying Strategy 1: alaminjewellers.com...
[2026-09-30T04:52:51.125Z] [INFO ] ✓ alaminjewellers (fallback) success: 22K = 19970
[2026-09-30T04:52:51.127Z] [INFO ] SUCCESS — Source: alamin
[2026-09-30T04:52:51.128Z] [INFO ] Fetching international prices...
[2026-09-30T04:52:51.295Z] [INFO ] Gold: no change — skipping append
[2026-09-30T04:52:51.296Z] [INFO ] Silver: no change — skipping append
[2026-09-30T04:52:51.297Z] [INFO ] Intl: appended entry #378
[2026-09-30T04:52:51.339Z] [INFO ] latest.json written | Final source: alamin
[2026-09-30T04:52:51.340Z] [INFO ] ══════════════════════════════════════════════
[2026-09-30T07:15:11.013Z] [INFO ] ══════════════════════════════════════════════
[2026-09-30T07:15:11.015Z] [INFO ] SonarGold Scraper v4.4 (Fixed Alamin) starting...
[2026-09-30T07:15:11.017Z] [INFO ] Mode: LIVE
[2026-09-30T07:15:11.018Z] [INFO ] ══════════════════════════════════════════════
[2026-09-30T07:15:11.021Z] [INFO ] History size — Gold: 260, Silver: 241, Intl: 378
[2026-09-30T07:15:11.023Z] [INFO ] ════════════════════════════════
[2026-09-30T07:15:11.024Z] [INFO ] Starting BAJUS scrape v4.4 (Fixed Alamin)...
[2026-09-30T07:15:11.024Z] [INFO ] Trying Strategy 1: alaminjewellers.com...
[2026-09-30T07:15:11.617Z] [INFO ] ✓ alaminjewellers (fallback) success: 22K = 19970
[2026-09-30T07:15:11.618Z] [INFO ] SUCCESS — Source: alamin
[2026-09-30T07:15:11.619Z] [INFO ] Fetching international prices...
[2026-09-30T07:15:12.180Z] [INFO ] Gold: no change — skipping append
[2026-09-30T07:15:12.181Z] [INFO ] Silver: no change — skipping append
[2026-09-30T07:15:12.182Z] [INFO ] Intl: updated same-day entry
[2026-09-30T07:15:12.311Z] [INFO ] latest.json written | Final source: alamin
[2026-09-30T07:15:12.312Z] [INFO ] ══════════════════════════════════════════════
[2026-09-30T11:00:58.632Z] [INFO ] ══════════════════════════════════════════════
[2026-09-30T11:00:58.634Z] [INFO ] SonarGold Scraper v4.4 (Fixed Alamin) starting...
[2026-09-30T11:00:58.636Z] [INFO ] Mode: LIVE
[2026-09-30T11:00:58.637Z] [INFO ] ══════════════════════════════════════════════
[2026-09-30T11:00:58.640Z] [INFO ] History size — Gold: 260, Silver: 241, Intl: 378
[2026-09-30T11:00:58.643Z] [INFO ] ════════════════════════════════
[2026-09-30T11:00:58.645Z] [INFO ] Starting BAJUS scrape v4.4 (Fixed Alamin)...
[2026-09-30T11:00:58.646Z] [INFO ] Trying Strategy 1: alaminjewellers.com...
[2026-09-30T11:00:59.288Z] [INFO ] ✓ alaminjewellers (fallback) success: 22K = 19970
[2026-09-30T11:00:59.289Z] [INFO ] SUCCESS — Source: alamin
[2026-09-30T11:00:59.291Z] [INFO ] Fetching international prices...
[2026-09-30T11:00:59.965Z] [INFO ] Gold: no change — skipping append
[2026-09-30T11:00:59.966Z] [INFO ] Silver: no change — skipping append
[2026-09-30T11:00:59.967Z] [INFO ] Intl: updated same-day entry
[2026-09-30T11:00:59.983Z] [INFO ] latest.json written | Final source: alamin
[2026-09-30T11:00:59.985Z] [INFO ] ══════════════════════════════════════════════
[2026-09-30T16:56:18.411Z] [INFO ] ══════════════════════════════════════════════
[2026-09-30T16:56:18.413Z] [INFO ] SonarGold Scraper v4.4 (Fixed Alamin) starting...
[2026-09-30T16:56:18.415Z] [INFO ] Mode: LIVE
[2026-09-30T16:56:18.416Z] [INFO ] ══════════════════════════════════════════════
[2026-09-30T16:56:18.418Z] [INFO ] History size — Gold: 260, Silver: 241, Intl: 378
[2026-09-30T16:56:18.421Z] [INFO ] ════════════════════════════════
[2026-09-30T16:56:18.422Z] [INFO ] Starting BAJUS scrape v4.4 (Fixed Alamin)...
[2026-09-30T16:56:18.423Z] [INFO ] Trying Strategy 1: alaminjewellers.com...
[2026-09-30T16:56:19.058Z] [INFO ] ✓ alaminjewellers (fallback) success: 22K = 19970
[2026-09-30T16:56:19.059Z] [INFO ] SUCCESS — Source: alamin
[2026-09-30T16:56:19.061Z] [INFO ] Fetching international prices...
[2026-09-30T16:56:19.466Z] [INFO ] Gold: no change — skipping append
[2026-09-30T16:56:19.467Z] [INFO ] Silver: no change — skipping append
[2026-09-30T16:56:19.468Z] [INFO ] Intl: updated same-day entry
[2026-09-30T16:56:19.503Z] [INFO ] latest.json written | Final source: alamin
[2026-09-30T16:56:19.504Z] [INFO ] ══════════════════════════════════════════════
[2026-09-30T21:21:05.331Z] [INFO ] ══════════════════════════════════════════════
[2026-09-30T21:21:05.334Z] [INFO ] SonarGold Scraper v4.4 (Fixed Alamin) starting...
[2026-09-30T21:21:05.335Z] [INFO ] Mode: LIVE
[2026-09-30T21:21:05.337Z] [INFO ] ══════════════════════════════════════════════
[2026-09-30T21:21:05.340Z] [INFO ] History size — Gold: 260, Silver: 241, Intl: 378
[2026-09-30T21:21:05.342Z] [INFO ] ════════════════════════════════
[2026-09-30T21:21:05.343Z] [INFO ] Starting BAJUS scrape v4.4 (Fixed Alamin)...
[2026-09-30T21:21:05.344Z] [INFO ] Trying Strategy 1: alaminjewellers.com...
[2026-09-30T21:21:05.779Z] [INFO ] ✓ alaminjewellers (fallback) success: 22K = 19970
[2026-09-30T21:21:05.781Z] [INFO ] SUCCESS — Source: alamin
[2026-09-30T21:21:05.782Z] [INFO ] Fetching international prices...
[2026-09-30T21:21:06.402Z] [INFO ] Gold: no change — skipping append
[2026-09-30T21:21:06.403Z] [INFO ] Silver: no change — skipping append
[2026-09-30T21:21:06.404Z] [INFO ] Intl: updated same-day entry
[2026-09-30T21:21:06.420Z] [INFO ] latest.json written | Final source: alamin
[2026-09-30T21:21:06.421Z] [INFO ] ══════════════════════════════════════════════
