[2026-09-01T01:07:06.660Z] [INFO ] ══════════════════════════════════════════════
[2026-09-01T01:07:06.663Z] [INFO ] SonarGold Scraper v4.0 starting...
[2026-09-01T01:07:06.664Z] [INFO ] Mode: LIVE
[2026-09-01T01:07:06.665Z] [INFO ] ══════════════════════════════════════════════
[2026-09-01T01:07:06.668Z] [INFO ] History size — Gold: 257, Silver: 239, Intl: 348
[2026-09-01T01:07:06.670Z] [INFO ] ════════════════════════════════
[2026-09-01T01:07:06.671Z] [INFO ] Starting BAJUS scrape v4.0 (sequential)...
[2026-09-01T01:07:06.672Z] [INFO ] Trying Strategy 1: BAJUSCTG API...
[2026-09-01T01:07:07.448Z] [WARN ] BAJUSCTG API failed: HTTP 403
[2026-09-01T01:07:07.449Z] [INFO ] Trying BAJUSCTG HTML fallback...
[2026-09-01T01:07:08.109Z] [WARN ] BAJUSCTG HTML failed: HTTP 403
[2026-09-01T01:07:08.110Z] [INFO ] Trying Strategy 2: GoldR.org homepage...
[2026-09-01T01:07:08.402Z] [WARN ] GoldR.org parsed but data invalid
[2026-09-01T01:07:08.403Z] [INFO ] Trying Strategy 3: bdgoldprice.com...
[2026-09-01T01:07:08.627Z] [INFO ] Trying Strategy 4: Wayback Machine...
[2026-09-01T01:07:11.603Z] [WARN ] Cache too old (92h)
[2026-09-01T01:07:11.605Z] [ERROR] CRITICAL FAILURE — All sources + cache unavailable. Using zero fallback.
[2026-09-01T01:07:11.606Z] [INFO ] Fetching international prices...
[2026-09-01T01:07:12.161Z] [INFO ] Gold: no change — skipping append
[2026-09-01T01:07:12.162Z] [INFO ] Silver: no change — skipping append
[2026-09-01T01:07:12.163Z] [INFO ] Intl: appended entry #349
[2026-09-01T01:07:12.179Z] [INFO ] latest.json written | Final source: fallback
[2026-09-01T01:07:12.180Z] [INFO ] ══════════════════════════════════════════════
[2026-09-01T06:39:39.867Z] [INFO ] ══════════════════════════════════════════════
[2026-09-01T06:39:39.868Z] [INFO ] SonarGold Scraper v4.0 starting...
[2026-09-01T06:39:39.870Z] [INFO ] Mode: LIVE
[2026-09-01T06:39:39.871Z] [INFO ] ══════════════════════════════════════════════
[2026-09-01T06:39:39.873Z] [INFO ] History size — Gold: 257, Silver: 239, Intl: 349
[2026-09-01T06:39:39.876Z] [INFO ] ════════════════════════════════
[2026-09-01T06:39:39.876Z] [INFO ] Starting BAJUS scrape v4.0 (sequential)...
[2026-09-01T06:39:39.877Z] [INFO ] Trying Strategy 1: BAJUSCTG API...
[2026-09-01T06:39:40.487Z] [WARN ] BAJUSCTG API failed: HTTP 403
[2026-09-01T06:39:40.488Z] [INFO ] Trying BAJUSCTG HTML fallback...
[2026-09-01T06:39:41.003Z] [WARN ] BAJUSCTG HTML failed: HTTP 403
[2026-09-01T06:39:41.004Z] [INFO ] Trying Strategy 2: GoldR.org homepage...
[2026-09-01T06:39:41.423Z] [WARN ] GoldR.org parsed but data invalid
[2026-09-01T06:39:41.424Z] [INFO ] Trying Strategy 3: bdgoldprice.com...
[2026-09-01T06:39:41.700Z] [INFO ] Trying Strategy 4: Wayback Machine...
[2026-09-01T06:39:44.124Z] [WARN ] Wayback failed: HTTP 503
[2026-09-01T06:39:44.125Z] [WARN ] Cache too old (97h)
[2026-09-01T06:39:44.126Z] [ERROR] CRITICAL FAILURE — All sources + cache unavailable. Using zero fallback.
[2026-09-01T06:39:44.127Z] [INFO ] Fetching international prices...
[2026-09-01T06:39:44.553Z] [INFO ] Gold: no change — skipping append
[2026-09-01T06:39:44.554Z] [INFO ] Silver: no change — skipping append
[2026-09-01T06:39:44.555Z] [INFO ] Intl: updated same-day entry
[2026-09-01T06:39:44.569Z] [INFO ] latest.json written | Final source: fallback
[2026-09-01T06:39:44.570Z] [INFO ] ══════════════════════════════════════════════
[2026-09-01T12:27:54.274Z] [INFO ] ══════════════════════════════════════════════
[2026-09-01T12:27:54.276Z] [INFO ] SonarGold Scraper v4.0 starting...
[2026-09-01T12:27:54.277Z] [INFO ] Mode: LIVE
[2026-09-01T12:27:54.278Z] [INFO ] ══════════════════════════════════════════════
[2026-09-01T12:27:54.282Z] [INFO ] History size — Gold: 257, Silver: 239, Intl: 349
[2026-09-01T12:27:54.283Z] [INFO ] ════════════════════════════════
[2026-09-01T12:27:54.284Z] [INFO ] Starting BAJUS scrape v4.0 (sequential)...
[2026-09-01T12:27:54.285Z] [INFO ] Trying Strategy 1: BAJUSCTG API...
[2026-09-01T12:27:54.801Z] [WARN ] BAJUSCTG API failed: HTTP 403
[2026-09-01T12:27:54.802Z] [INFO ] Trying BAJUSCTG HTML fallback...
[2026-09-01T12:27:55.386Z] [WARN ] BAJUSCTG HTML failed: HTTP 403
[2026-09-01T12:27:55.387Z] [INFO ] Trying Strategy 2: GoldR.org homepage...
[2026-09-01T12:27:55.994Z] [WARN ] GoldR.org failed: HTTP 403
[2026-09-01T12:27:55.995Z] [INFO ] Trying Strategy 3: bdgoldprice.com...
[2026-09-01T12:27:56.368Z] [INFO ] Trying Strategy 4: Wayback Machine...
[2026-09-01T12:28:01.512Z] [WARN ] Wayback failed: No snapshot
[2026-09-01T12:28:01.513Z] [WARN ] Cache too old (103h)
[2026-09-01T12:28:01.514Z] [ERROR] CRITICAL FAILURE — All sources + cache unavailable. Using zero fallback.
[2026-09-01T12:28:01.514Z] [INFO ] Fetching international prices...
[2026-09-01T12:28:01.919Z] [INFO ] Gold: no change — skipping append
[2026-09-01T12:28:01.920Z] [INFO ] Silver: no change — skipping append
[2026-09-01T12:28:01.920Z] [INFO ] Intl: updated same-day entry
[2026-09-01T12:28:02.114Z] [INFO ] latest.json written | Final source: fallback
[2026-09-01T12:28:02.115Z] [INFO ] ══════════════════════════════════════════════
[2026-09-01T16:51:49.751Z] [INFO ] ══════════════════════════════════════════════
[2026-09-01T16:51:49.753Z] [INFO ] SonarGold Scraper v4.0 starting...
[2026-09-01T16:51:49.754Z] [INFO ] Mode: LIVE
[2026-09-01T16:51:49.755Z] [INFO ] ══════════════════════════════════════════════
[2026-09-01T16:51:49.759Z] [INFO ] History size — Gold: 257, Silver: 239, Intl: 349
[2026-09-01T16:51:49.760Z] [INFO ] ════════════════════════════════
[2026-09-01T16:51:49.761Z] [INFO ] Starting BAJUS scrape v4.0 (sequential)...
[2026-09-01T16:51:49.761Z] [INFO ] Trying Strategy 1: BAJUSCTG API...
[2026-09-01T16:51:50.387Z] [WARN ] BAJUSCTG API failed: HTTP 403
[2026-09-01T16:51:50.388Z] [INFO ] Trying BAJUSCTG HTML fallback...
[2026-09-01T16:51:50.953Z] [WARN ] BAJUSCTG HTML failed: HTTP 403
[2026-09-01T16:51:50.954Z] [INFO ] Trying Strategy 2: GoldR.org homepage...
[2026-09-01T16:51:51.207Z] [WARN ] GoldR.org parsed but data invalid
[2026-09-01T16:51:51.208Z] [INFO ] Trying Strategy 3: bdgoldprice.com...
[2026-09-01T16:51:51.350Z] [INFO ] Trying Strategy 4: Wayback Machine...
[2026-09-01T16:51:54.100Z] [WARN ] Cache too old (107h)
[2026-09-01T16:51:54.101Z] [ERROR] CRITICAL FAILURE — All sources + cache unavailable. Using zero fallback.
[2026-09-01T16:51:54.102Z] [INFO ] Fetching international prices...
[2026-09-01T16:51:54.631Z] [INFO ] Gold: no change — skipping append
[2026-09-01T16:51:54.632Z] [INFO ] Silver: no change — skipping append
[2026-09-01T16:51:54.633Z] [INFO ] Intl: updated same-day entry
[2026-09-01T16:51:54.757Z] [INFO ] latest.json written | Final source: fallback
[2026-09-01T16:51:54.758Z] [INFO ] ══════════════════════════════════════════════
[2026-09-01T19:47:46.827Z] [INFO ] ══════════════════════════════════════════════
[2026-09-01T19:47:46.829Z] [INFO ] SonarGold Scraper v4.0 starting...
[2026-09-01T19:47:46.830Z] [INFO ] Mode: LIVE
[2026-09-01T19:47:46.831Z] [INFO ] ══════════════════════════════════════════════
[2026-09-01T19:47:46.836Z] [INFO ] History size — Gold: 257, Silver: 239, Intl: 349
[2026-09-01T19:47:46.837Z] [INFO ] ════════════════════════════════
[2026-09-01T19:47:46.837Z] [INFO ] Starting BAJUS scrape v4.0 (sequential)...
[2026-09-01T19:47:46.838Z] [INFO ] Trying Strategy 1: BAJUSCTG API...
[2026-09-01T19:47:47.971Z] [WARN ] BAJUSCTG API failed: HTTP 403
[2026-09-01T19:47:47.973Z] [INFO ] Trying BAJUSCTG HTML fallback...
[2026-09-01T19:47:48.678Z] [WARN ] BAJUSCTG HTML failed: HTTP 403
[2026-09-01T19:47:48.679Z] [INFO ] Trying Strategy 2: GoldR.org homepage...
[2026-09-01T19:47:49.422Z] [WARN ] GoldR.org failed: HTTP 403
[2026-09-01T19:47:49.423Z] [INFO ] Trying Strategy 3: bdgoldprice.com...
[2026-09-01T19:47:50.117Z] [INFO ] Trying Strategy 4: Wayback Machine...
[2026-09-01T19:47:52.288Z] [WARN ] Cache too old (110h)
[2026-09-01T19:47:52.290Z] [ERROR] CRITICAL FAILURE — All sources + cache unavailable. Using zero fallback.
[2026-09-01T19:47:52.291Z] [INFO ] Fetching international prices...
[2026-09-01T19:47:52.527Z] [ERROR] XAU fetch failed: request to https://api.gold-api.com/price/XAU failed, reason: getaddrinfo ENOTFOUND api.gold-api.com
[2026-09-01T19:47:53.052Z] [INFO ] Gold: no change — skipping append
[2026-09-01T19:47:53.053Z] [INFO ] Silver: no change — skipping append
[2026-09-01T19:47:53.054Z] [INFO ] Intl: updated same-day entry
[2026-09-01T19:47:53.070Z] [INFO ] latest.json written | Final source: fallback
[2026-09-01T19:47:53.071Z] [INFO ] ══════════════════════════════════════════════
