[2026-08-18T01:25:45.522Z] [INFO ] ══════════════════════════════════════════════
[2026-08-18T01:25:45.524Z] [INFO ] SonarGold Scraper v4.0 starting...
[2026-08-18T01:25:45.525Z] [INFO ] Mode: LIVE
[2026-08-18T01:25:45.526Z] [INFO ] ══════════════════════════════════════════════
[2026-08-18T01:25:45.529Z] [INFO ] History size — Gold: 253, Silver: 236, Intl: 334
[2026-08-18T01:25:45.530Z] [INFO ] ════════════════════════════════
[2026-08-18T01:25:45.533Z] [INFO ] Starting BAJUS scrape v4.0 (sequential)...
[2026-08-18T01:25:45.534Z] [INFO ] Trying Strategy 1: BAJUSCTG API...
[2026-08-18T01:25:46.015Z] [INFO ] ✓ BAJUSCTG success: 22K gram ≈ 20300
[2026-08-18T01:25:46.017Z] [INFO ] SUCCESS — Source: bajusctg-api
[2026-08-18T01:25:46.018Z] [INFO ] Fetching international prices...
[2026-08-18T01:25:46.444Z] [INFO ] Gold: no change — skipping append
[2026-08-18T01:25:46.445Z] [INFO ] Silver: no change — skipping append
[2026-08-18T01:25:46.446Z] [INFO ] Intl: appended entry #335
[2026-08-18T01:25:46.461Z] [INFO ] latest.json written | Final source: bajusctg-api
[2026-08-18T01:25:46.462Z] [INFO ] ══════════════════════════════════════════════
[2026-08-18T02:38:33.372Z] [INFO ] ══════════════════════════════════════════════
[2026-08-18T02:38:33.374Z] [INFO ] SonarGold Scraper v4.0 starting...
[2026-08-18T02:38:33.375Z] [INFO ] Mode: LIVE
[2026-08-18T02:38:33.376Z] [INFO ] ══════════════════════════════════════════════
[2026-08-18T02:38:33.379Z] [INFO ] History size — Gold: 253, Silver: 236, Intl: 335
[2026-08-18T02:38:33.382Z] [INFO ] ════════════════════════════════
[2026-08-18T02:38:33.382Z] [INFO ] Starting BAJUS scrape v4.0 (sequential)...
[2026-08-18T02:38:33.383Z] [INFO ] Trying Strategy 1: BAJUSCTG API...
[2026-08-18T02:38:33.766Z] [INFO ] ✓ BAJUSCTG success: 22K gram ≈ 20300
[2026-08-18T02:38:33.767Z] [INFO ] SUCCESS — Source: bajusctg-api
[2026-08-18T02:38:33.768Z] [INFO ] Fetching international prices...
[2026-08-18T02:38:34.162Z] [INFO ] Gold: no change — skipping append
[2026-08-18T02:38:34.162Z] [INFO ] Silver: no change — skipping append
[2026-08-18T02:38:34.163Z] [INFO ] Intl: updated same-day entry
[2026-08-18T02:38:34.414Z] [INFO ] latest.json written | Final source: bajusctg-api
[2026-08-18T02:38:34.415Z] [INFO ] ══════════════════════════════════════════════
[2026-08-18T03:48:46.817Z] [INFO ] ══════════════════════════════════════════════
[2026-08-18T03:48:46.818Z] [INFO ] SonarGold Scraper v4.0 starting...
[2026-08-18T03:48:46.819Z] [INFO ] Mode: LIVE
[2026-08-18T03:48:46.820Z] [INFO ] ══════════════════════════════════════════════
[2026-08-18T03:48:46.823Z] [INFO ] History size — Gold: 253, Silver: 236, Intl: 335
[2026-08-18T03:48:46.825Z] [INFO ] ════════════════════════════════
[2026-08-18T03:48:46.825Z] [INFO ] Starting BAJUS scrape v4.0 (sequential)...
[2026-08-18T03:48:46.826Z] [INFO ] Trying Strategy 1: BAJUSCTG API...
[2026-08-18T03:48:47.261Z] [INFO ] ✓ BAJUSCTG success: 22K gram ≈ 20300
[2026-08-18T03:48:47.261Z] [INFO ] SUCCESS — Source: bajusctg-api
[2026-08-18T03:48:47.262Z] [INFO ] Fetching international prices...
[2026-08-18T03:48:47.807Z] [INFO ] Gold: no change — skipping append
[2026-08-18T03:48:47.808Z] [INFO ] Silver: no change — skipping append
[2026-08-18T03:48:47.808Z] [INFO ] Intl: updated same-day entry
[2026-08-18T03:48:48.032Z] [INFO ] latest.json written | Final source: bajusctg-api
[2026-08-18T03:48:48.033Z] [INFO ] ══════════════════════════════════════════════
[2026-08-18T04:39:33.137Z] [INFO ] ══════════════════════════════════════════════
[2026-08-18T04:39:33.139Z] [INFO ] SonarGold Scraper v4.0 starting...
[2026-08-18T04:39:33.140Z] [INFO ] Mode: LIVE
[2026-08-18T04:39:33.140Z] [INFO ] ══════════════════════════════════════════════
[2026-08-18T04:39:33.142Z] [INFO ] History size — Gold: 253, Silver: 236, Intl: 335
[2026-08-18T04:39:33.144Z] [INFO ] ════════════════════════════════
[2026-08-18T04:39:33.145Z] [INFO ] Starting BAJUS scrape v4.0 (sequential)...
[2026-08-18T04:39:33.145Z] [INFO ] Trying Strategy 1: BAJUSCTG API...
[2026-08-18T04:39:33.664Z] [INFO ] ✓ BAJUSCTG success: 22K gram ≈ 20300
[2026-08-18T04:39:33.665Z] [INFO ] SUCCESS — Source: bajusctg-api
[2026-08-18T04:39:33.666Z] [INFO ] Fetching international prices...
[2026-08-18T04:39:34.196Z] [INFO ] Gold: no change — skipping append
[2026-08-18T04:39:34.196Z] [INFO ] Silver: no change — skipping append
[2026-08-18T04:39:34.197Z] [INFO ] Intl: updated same-day entry
[2026-08-18T04:39:34.392Z] [INFO ] latest.json written | Final source: bajusctg-api
[2026-08-18T04:39:34.392Z] [INFO ] ══════════════════════════════════════════════
[2026-08-18T05:33:27.498Z] [INFO ] ══════════════════════════════════════════════
[2026-08-18T05:33:27.499Z] [INFO ] SonarGold Scraper v4.0 starting...
[2026-08-18T05:33:27.500Z] [INFO ] Mode: LIVE
[2026-08-18T05:33:27.501Z] [INFO ] ══════════════════════════════════════════════
[2026-08-18T05:33:27.504Z] [INFO ] History size — Gold: 253, Silver: 236, Intl: 335
[2026-08-18T05:33:27.504Z] [INFO ] ════════════════════════════════
[2026-08-18T05:33:27.505Z] [INFO ] Starting BAJUS scrape v4.0 (sequential)...
[2026-08-18T05:33:27.506Z] [INFO ] Trying Strategy 1: BAJUSCTG API...
[2026-08-18T05:33:28.544Z] [INFO ] ✓ BAJUSCTG success: 22K gram ≈ 20300
[2026-08-18T05:33:28.545Z] [INFO ] SUCCESS — Source: bajusctg-api
[2026-08-18T05:33:28.546Z] [INFO ] Fetching international prices...
[2026-08-18T05:33:29.143Z] [INFO ] Gold: no change — skipping append
[2026-08-18T05:33:29.143Z] [INFO ] Silver: no change — skipping append
[2026-08-18T05:33:29.144Z] [INFO ] Intl: updated same-day entry
[2026-08-18T05:33:29.156Z] [INFO ] latest.json written | Final source: bajusctg-api
[2026-08-18T05:33:29.156Z] [INFO ] ══════════════════════════════════════════════
[2026-08-18T06:50:16.551Z] [INFO ] ══════════════════════════════════════════════
[2026-08-18T06:50:16.553Z] [INFO ] SonarGold Scraper v4.0 starting...
[2026-08-18T06:50:16.554Z] [INFO ] Mode: LIVE
[2026-08-18T06:50:16.555Z] [INFO ] ══════════════════════════════════════════════
[2026-08-18T06:50:16.558Z] [INFO ] History size — Gold: 253, Silver: 236, Intl: 335
[2026-08-18T06:50:16.560Z] [INFO ] ════════════════════════════════
[2026-08-18T06:50:16.561Z] [INFO ] Starting BAJUS scrape v4.0 (sequential)...
[2026-08-18T06:50:16.562Z] [INFO ] Trying Strategy 1: BAJUSCTG API...
[2026-08-18T06:50:19.677Z] [INFO ] ✓ BAJUSCTG success: 22K gram ≈ 20300
[2026-08-18T06:50:19.678Z] [INFO ] SUCCESS — Source: bajusctg-api
[2026-08-18T06:50:19.679Z] [INFO ] Fetching international prices...
[2026-08-18T06:50:19.883Z] [INFO ] Gold: no change — skipping append
[2026-08-18T06:50:19.884Z] [INFO ] Silver: no change — skipping append
[2026-08-18T06:50:19.885Z] [INFO ] Intl: updated same-day entry
[2026-08-18T06:50:19.921Z] [INFO ] latest.json written | Final source: bajusctg-api
[2026-08-18T06:50:19.922Z] [INFO ] ══════════════════════════════════════════════
[2026-08-18T07:41:14.984Z] [INFO ] ══════════════════════════════════════════════
[2026-08-18T07:41:14.985Z] [INFO ] SonarGold Scraper v4.0 starting...
[2026-08-18T07:41:14.986Z] [INFO ] Mode: LIVE
[2026-08-18T07:41:14.987Z] [INFO ] ══════════════════════════════════════════════
[2026-08-18T07:41:14.991Z] [INFO ] History size — Gold: 253, Silver: 236, Intl: 335
[2026-08-18T07:41:14.991Z] [INFO ] ════════════════════════════════
[2026-08-18T07:41:14.992Z] [INFO ] Starting BAJUS scrape v4.0 (sequential)...
[2026-08-18T07:41:14.993Z] [INFO ] Trying Strategy 1: BAJUSCTG API...
[2026-08-18T07:41:15.594Z] [INFO ] ✓ BAJUSCTG success: 22K gram ≈ 20300
[2026-08-18T07:41:15.594Z] [INFO ] SUCCESS — Source: bajusctg-api
[2026-08-18T07:41:15.595Z] [INFO ] Fetching international prices...
[2026-08-18T07:41:16.054Z] [INFO ] Gold: no change — skipping append
[2026-08-18T07:41:16.055Z] [INFO ] Silver: no change — skipping append
[2026-08-18T07:41:16.056Z] [INFO ] Intl: updated same-day entry
[2026-08-18T07:41:16.068Z] [INFO ] latest.json written | Final source: bajusctg-api
[2026-08-18T07:41:16.069Z] [INFO ] ══════════════════════════════════════════════
[2026-08-18T08:41:34.461Z] [INFO ] ══════════════════════════════════════════════
[2026-08-18T08:41:34.463Z] [INFO ] SonarGold Scraper v4.0 starting...
[2026-08-18T08:41:34.464Z] [INFO ] Mode: LIVE
[2026-08-18T08:41:34.466Z] [INFO ] ══════════════════════════════════════════════
[2026-08-18T08:41:34.469Z] [INFO ] History size — Gold: 253, Silver: 236, Intl: 335
[2026-08-18T08:41:34.471Z] [INFO ] ════════════════════════════════
[2026-08-18T08:41:34.472Z] [INFO ] Starting BAJUS scrape v4.0 (sequential)...
[2026-08-18T08:41:34.473Z] [INFO ] Trying Strategy 1: BAJUSCTG API...
[2026-08-18T08:41:34.828Z] [INFO ] ✓ BAJUSCTG success: 22K gram ≈ 20300
[2026-08-18T08:41:34.830Z] [INFO ] SUCCESS — Source: bajusctg-api
[2026-08-18T08:41:34.831Z] [INFO ] Fetching international prices...
[2026-08-18T08:41:35.635Z] [INFO ] Gold: no change — skipping append
[2026-08-18T08:41:35.636Z] [INFO ] Silver: no change — skipping append
[2026-08-18T08:41:35.637Z] [INFO ] Intl: updated same-day entry
[2026-08-18T08:41:35.652Z] [INFO ] latest.json written | Final source: bajusctg-api
[2026-08-18T08:41:35.653Z] [INFO ] ══════════════════════════════════════════════
[2026-08-18T09:37:38.083Z] [INFO ] ══════════════════════════════════════════════
[2026-08-18T09:37:38.085Z] [INFO ] SonarGold Scraper v4.0 starting...
[2026-08-18T09:37:38.086Z] [INFO ] Mode: LIVE
[2026-08-18T09:37:38.087Z] [INFO ] ══════════════════════════════════════════════
[2026-08-18T09:37:38.091Z] [INFO ] History size — Gold: 253, Silver: 236, Intl: 335
[2026-08-18T09:37:38.092Z] [INFO ] ════════════════════════════════
[2026-08-18T09:37:38.093Z] [INFO ] Starting BAJUS scrape v4.0 (sequential)...
[2026-08-18T09:37:38.094Z] [INFO ] Trying Strategy 1: BAJUSCTG API...
[2026-08-18T09:37:38.932Z] [INFO ] ✓ BAJUSCTG success: 22K gram ≈ 20300
[2026-08-18T09:37:38.933Z] [INFO ] SUCCESS — Source: bajusctg-api
[2026-08-18T09:37:38.934Z] [INFO ] Fetching international prices...
[2026-08-18T09:37:39.213Z] [INFO ] Gold: no change — skipping append
[2026-08-18T09:37:39.213Z] [INFO ] Silver: no change — skipping append
[2026-08-18T09:37:39.214Z] [INFO ] Intl: updated same-day entry
[2026-08-18T09:37:39.473Z] [INFO ] latest.json written | Final source: bajusctg-api
[2026-08-18T09:37:39.474Z] [INFO ] ══════════════════════════════════════════════
[2026-08-18T10:33:00.444Z] [INFO ] ══════════════════════════════════════════════
[2026-08-18T10:33:00.446Z] [INFO ] SonarGold Scraper v4.0 starting...
[2026-08-18T10:33:00.447Z] [INFO ] Mode: LIVE
[2026-08-18T10:33:00.449Z] [INFO ] ══════════════════════════════════════════════
[2026-08-18T10:33:00.451Z] [INFO ] History size — Gold: 253, Silver: 236, Intl: 335
[2026-08-18T10:33:00.454Z] [INFO ] ════════════════════════════════
[2026-08-18T10:33:00.455Z] [INFO ] Starting BAJUS scrape v4.0 (sequential)...
[2026-08-18T10:33:00.455Z] [INFO ] Trying Strategy 1: BAJUSCTG API...
[2026-08-18T10:33:01.136Z] [INFO ] ✓ BAJUSCTG success: 22K gram ≈ 20300
[2026-08-18T10:33:01.137Z] [INFO ] SUCCESS — Source: bajusctg-api
[2026-08-18T10:33:01.138Z] [INFO ] Fetching international prices...
[2026-08-18T10:33:01.531Z] [INFO ] Gold: no change — skipping append
[2026-08-18T10:33:01.532Z] [INFO ] Silver: no change — skipping append
[2026-08-18T10:33:01.532Z] [INFO ] Intl: updated same-day entry
[2026-08-18T10:33:01.548Z] [INFO ] latest.json written | Final source: bajusctg-api
[2026-08-18T10:33:01.548Z] [INFO ] ══════════════════════════════════════════════
[2026-08-18T11:28:51.336Z] [INFO ] ══════════════════════════════════════════════
[2026-08-18T11:28:51.339Z] [INFO ] SonarGold Scraper v4.0 starting...
[2026-08-18T11:28:51.340Z] [INFO ] Mode: LIVE
[2026-08-18T11:28:51.341Z] [INFO ] ══════════════════════════════════════════════
[2026-08-18T11:28:51.344Z] [INFO ] History size — Gold: 253, Silver: 236, Intl: 335
[2026-08-18T11:28:51.346Z] [INFO ] ════════════════════════════════
[2026-08-18T11:28:51.347Z] [INFO ] Starting BAJUS scrape v4.0 (sequential)...
[2026-08-18T11:28:51.348Z] [INFO ] Trying Strategy 1: BAJUSCTG API...
[2026-08-18T11:28:51.707Z] [INFO ] ✓ BAJUSCTG success: 22K gram ≈ 20300
[2026-08-18T11:28:51.708Z] [INFO ] SUCCESS — Source: bajusctg-api
[2026-08-18T11:28:51.709Z] [INFO ] Fetching international prices...
[2026-08-18T11:28:52.311Z] [INFO ] Gold: no change — skipping append
[2026-08-18T11:28:52.312Z] [INFO ] Silver: no change — skipping append
[2026-08-18T11:28:52.313Z] [INFO ] Intl: updated same-day entry
[2026-08-18T11:28:52.357Z] [INFO ] latest.json written | Final source: bajusctg-api
[2026-08-18T11:28:52.358Z] [INFO ] ══════════════════════════════════════════════
