[2026-08-26T01:38:14.766Z] [INFO ] ══════════════════════════════════════════════
[2026-08-26T01:38:14.768Z] [INFO ] SonarGold Scraper v4.0 starting...
[2026-08-26T01:38:14.769Z] [INFO ] Mode: LIVE
[2026-08-26T01:38:14.771Z] [INFO ] ══════════════════════════════════════════════
[2026-08-26T01:38:14.774Z] [INFO ] History size — Gold: 256, Silver: 238, Intl: 342
[2026-08-26T01:38:14.776Z] [INFO ] ════════════════════════════════
[2026-08-26T01:38:14.777Z] [INFO ] Starting BAJUS scrape v4.0 (sequential)...
[2026-08-26T01:38:14.778Z] [INFO ] Trying Strategy 1: BAJUSCTG API...
[2026-08-26T01:38:15.155Z] [INFO ] ✓ BAJUSCTG success: 22K gram ≈ 21240
[2026-08-26T01:38:15.156Z] [INFO ] SUCCESS — Source: bajusctg-api
[2026-08-26T01:38:15.157Z] [INFO ] Fetching international prices...
[2026-08-26T01:38:15.463Z] [INFO ] Gold: no change — skipping append
[2026-08-26T01:38:15.464Z] [INFO ] Silver: no change — skipping append
[2026-08-26T01:38:15.465Z] [INFO ] Intl: appended entry #343
[2026-08-26T01:38:15.480Z] [INFO ] latest.json written | Final source: bajusctg-api
[2026-08-26T01:38:15.481Z] [INFO ] ══════════════════════════════════════════════
[2026-08-26T03:09:38.376Z] [INFO ] ══════════════════════════════════════════════
[2026-08-26T03:09:38.378Z] [INFO ] SonarGold Scraper v4.0 starting...
[2026-08-26T03:09:38.379Z] [INFO ] Mode: LIVE
[2026-08-26T03:09:38.380Z] [INFO ] ══════════════════════════════════════════════
[2026-08-26T03:09:38.383Z] [INFO ] History size — Gold: 256, Silver: 238, Intl: 343
[2026-08-26T03:09:38.385Z] [INFO ] ════════════════════════════════
[2026-08-26T03:09:38.385Z] [INFO ] Starting BAJUS scrape v4.0 (sequential)...
[2026-08-26T03:09:38.386Z] [INFO ] Trying Strategy 1: BAJUSCTG API...
[2026-08-26T03:09:38.815Z] [INFO ] ✓ BAJUSCTG success: 22K gram ≈ 21240
[2026-08-26T03:09:38.816Z] [INFO ] SUCCESS — Source: bajusctg-api
[2026-08-26T03:09:38.817Z] [INFO ] Fetching international prices...
[2026-08-26T03:09:39.413Z] [INFO ] Gold: no change — skipping append
[2026-08-26T03:09:39.414Z] [INFO ] Silver: no change — skipping append
[2026-08-26T03:09:39.415Z] [INFO ] Intl: updated same-day entry
[2026-08-26T03:09:39.427Z] [INFO ] latest.json written | Final source: bajusctg-api
[2026-08-26T03:09:39.428Z] [INFO ] ══════════════════════════════════════════════
[2026-08-26T04:10:46.516Z] [INFO ] ══════════════════════════════════════════════
[2026-08-26T04:10:46.519Z] [INFO ] SonarGold Scraper v4.0 starting...
[2026-08-26T04:10:46.520Z] [INFO ] Mode: LIVE
[2026-08-26T04:10:46.521Z] [INFO ] ══════════════════════════════════════════════
[2026-08-26T04:10:46.524Z] [INFO ] History size — Gold: 256, Silver: 238, Intl: 343
[2026-08-26T04:10:46.527Z] [INFO ] ════════════════════════════════
[2026-08-26T04:10:46.528Z] [INFO ] Starting BAJUS scrape v4.0 (sequential)...
[2026-08-26T04:10:46.529Z] [INFO ] Trying Strategy 1: BAJUSCTG API...
[2026-08-26T04:10:46.954Z] [INFO ] ✓ BAJUSCTG success: 22K gram ≈ 21240
[2026-08-26T04:10:46.955Z] [INFO ] SUCCESS — Source: bajusctg-api
[2026-08-26T04:10:46.956Z] [INFO ] Fetching international prices...
[2026-08-26T04:10:47.453Z] [INFO ] Gold: no change — skipping append
[2026-08-26T04:10:47.454Z] [INFO ] Silver: no change — skipping append
[2026-08-26T04:10:47.455Z] [INFO ] Intl: updated same-day entry
[2026-08-26T04:10:47.470Z] [INFO ] latest.json written | Final source: bajusctg-api
[2026-08-26T04:10:47.471Z] [INFO ] ══════════════════════════════════════════════
[2026-08-26T05:06:17.990Z] [INFO ] ══════════════════════════════════════════════
[2026-08-26T05:06:17.992Z] [INFO ] SonarGold Scraper v4.0 starting...
[2026-08-26T05:06:17.993Z] [INFO ] Mode: LIVE
[2026-08-26T05:06:17.995Z] [INFO ] ══════════════════════════════════════════════
[2026-08-26T05:06:17.997Z] [INFO ] History size — Gold: 256, Silver: 238, Intl: 343
[2026-08-26T05:06:18.000Z] [INFO ] ════════════════════════════════
[2026-08-26T05:06:18.000Z] [INFO ] Starting BAJUS scrape v4.0 (sequential)...
[2026-08-26T05:06:18.001Z] [INFO ] Trying Strategy 1: BAJUSCTG API...
[2026-08-26T05:06:18.664Z] [INFO ] ✓ BAJUSCTG success: 22K gram ≈ 21240
[2026-08-26T05:06:18.666Z] [INFO ] SUCCESS — Source: bajusctg-api
[2026-08-26T05:06:18.667Z] [INFO ] Fetching international prices...
[2026-08-26T05:06:19.546Z] [INFO ] Gold: no change — skipping append
[2026-08-26T05:06:19.547Z] [INFO ] Silver: no change — skipping append
[2026-08-26T05:06:19.547Z] [INFO ] Intl: updated same-day entry
[2026-08-26T05:06:19.563Z] [INFO ] latest.json written | Final source: bajusctg-api
[2026-08-26T05:06:19.564Z] [INFO ] ══════════════════════════════════════════════
[2026-08-26T06:01:11.208Z] [INFO ] ══════════════════════════════════════════════
[2026-08-26T06:01:11.210Z] [INFO ] SonarGold Scraper v4.0 starting...
[2026-08-26T06:01:11.212Z] [INFO ] Mode: LIVE
[2026-08-26T06:01:11.213Z] [INFO ] ══════════════════════════════════════════════
[2026-08-26T06:01:11.216Z] [INFO ] History size — Gold: 256, Silver: 238, Intl: 343
[2026-08-26T06:01:11.219Z] [INFO ] ════════════════════════════════
[2026-08-26T06:01:11.220Z] [INFO ] Starting BAJUS scrape v4.0 (sequential)...
[2026-08-26T06:01:11.221Z] [INFO ] Trying Strategy 1: BAJUSCTG API...
[2026-08-26T06:01:11.643Z] [INFO ] ✓ BAJUSCTG success: 22K gram ≈ 21240
[2026-08-26T06:01:11.644Z] [INFO ] SUCCESS — Source: bajusctg-api
[2026-08-26T06:01:11.645Z] [INFO ] Fetching international prices...
[2026-08-26T06:01:12.031Z] [INFO ] Gold: no change — skipping append
[2026-08-26T06:01:12.032Z] [INFO ] Silver: no change — skipping append
[2026-08-26T06:01:12.033Z] [INFO ] Intl: updated same-day entry
[2026-08-26T06:01:12.048Z] [INFO ] latest.json written | Final source: bajusctg-api
[2026-08-26T06:01:12.049Z] [INFO ] ══════════════════════════════════════════════
[2026-08-26T07:26:31.812Z] [INFO ] ══════════════════════════════════════════════
[2026-08-26T07:26:31.815Z] [INFO ] SonarGold Scraper v4.0 starting...
[2026-08-26T07:26:31.816Z] [INFO ] Mode: LIVE
[2026-08-26T07:26:31.817Z] [INFO ] ══════════════════════════════════════════════
[2026-08-26T07:26:31.821Z] [INFO ] History size — Gold: 256, Silver: 238, Intl: 343
[2026-08-26T07:26:31.822Z] [INFO ] ════════════════════════════════
[2026-08-26T07:26:31.823Z] [INFO ] Starting BAJUS scrape v4.0 (sequential)...
[2026-08-26T07:26:31.824Z] [INFO ] Trying Strategy 1: BAJUSCTG API...
[2026-08-26T07:26:32.281Z] [INFO ] ✓ BAJUSCTG success: 22K gram ≈ 21240
[2026-08-26T07:26:32.282Z] [INFO ] SUCCESS — Source: bajusctg-api
[2026-08-26T07:26:32.284Z] [INFO ] Fetching international prices...
[2026-08-26T07:26:32.859Z] [INFO ] Gold: no change — skipping append
[2026-08-26T07:26:32.860Z] [INFO ] Silver: no change — skipping append
[2026-08-26T07:26:32.861Z] [INFO ] Intl: updated same-day entry
[2026-08-26T07:26:33.154Z] [INFO ] latest.json written | Final source: bajusctg-api
[2026-08-26T07:26:33.155Z] [INFO ] ══════════════════════════════════════════════
[2026-08-26T08:09:43.705Z] [INFO ] ══════════════════════════════════════════════
[2026-08-26T08:09:43.707Z] [INFO ] SonarGold Scraper v4.0 starting...
[2026-08-26T08:09:43.708Z] [INFO ] Mode: LIVE
[2026-08-26T08:09:43.709Z] [INFO ] ══════════════════════════════════════════════
[2026-08-26T08:09:43.712Z] [INFO ] History size — Gold: 256, Silver: 238, Intl: 343
[2026-08-26T08:09:43.713Z] [INFO ] ════════════════════════════════
[2026-08-26T08:09:43.714Z] [INFO ] Starting BAJUS scrape v4.0 (sequential)...
[2026-08-26T08:09:43.715Z] [INFO ] Trying Strategy 1: BAJUSCTG API...
[2026-08-26T08:09:44.139Z] [INFO ] ✓ BAJUSCTG success: 22K gram ≈ 21240
[2026-08-26T08:09:44.140Z] [INFO ] SUCCESS — Source: bajusctg-api
[2026-08-26T08:09:44.141Z] [INFO ] Fetching international prices...
[2026-08-26T08:09:44.353Z] [ERROR] XAU fetch failed: request to https://api.gold-api.com/price/XAU failed, reason: getaddrinfo ENOTFOUND api.gold-api.com
[2026-08-26T08:09:44.863Z] [INFO ] Gold: no change — skipping append
[2026-08-26T08:09:44.864Z] [INFO ] Silver: no change — skipping append
[2026-08-26T08:09:44.865Z] [INFO ] Intl: updated same-day entry
[2026-08-26T08:09:44.950Z] [INFO ] latest.json written | Final source: bajusctg-api
[2026-08-26T08:09:44.951Z] [INFO ] ══════════════════════════════════════════════
[2026-08-26T09:12:43.111Z] [INFO ] ══════════════════════════════════════════════
[2026-08-26T09:12:43.113Z] [INFO ] SonarGold Scraper v4.0 starting...
[2026-08-26T09:12:43.115Z] [INFO ] Mode: LIVE
[2026-08-26T09:12:43.116Z] [INFO ] ══════════════════════════════════════════════
[2026-08-26T09:12:43.119Z] [INFO ] History size — Gold: 256, Silver: 238, Intl: 343
[2026-08-26T09:12:43.121Z] [INFO ] ════════════════════════════════
[2026-08-26T09:12:43.122Z] [INFO ] Starting BAJUS scrape v4.0 (sequential)...
[2026-08-26T09:12:43.123Z] [INFO ] Trying Strategy 1: BAJUSCTG API...
[2026-08-26T09:12:44.042Z] [INFO ] ✓ BAJUSCTG success: 22K gram ≈ 21240
[2026-08-26T09:12:44.043Z] [INFO ] SUCCESS — Source: bajusctg-api
[2026-08-26T09:12:44.044Z] [INFO ] Fetching international prices...
[2026-08-26T09:12:44.442Z] [INFO ] Gold: no change — skipping append
[2026-08-26T09:12:44.443Z] [INFO ] Silver: no change — skipping append
[2026-08-26T09:12:44.444Z] [INFO ] Intl: updated same-day entry
[2026-08-26T09:12:44.460Z] [INFO ] latest.json written | Final source: bajusctg-api
[2026-08-26T09:12:44.460Z] [INFO ] ══════════════════════════════════════════════
[2026-08-26T10:06:32.942Z] [INFO ] ══════════════════════════════════════════════
[2026-08-26T10:06:32.945Z] [INFO ] SonarGold Scraper v4.0 starting...
[2026-08-26T10:06:32.947Z] [INFO ] Mode: LIVE
[2026-08-26T10:06:32.948Z] [INFO ] ══════════════════════════════════════════════
[2026-08-26T10:06:32.953Z] [INFO ] History size — Gold: 256, Silver: 238, Intl: 343
[2026-08-26T10:06:32.958Z] [INFO ] ════════════════════════════════
[2026-08-26T10:06:32.959Z] [INFO ] Starting BAJUS scrape v4.0 (sequential)...
[2026-08-26T10:06:32.961Z] [INFO ] Trying Strategy 1: BAJUSCTG API...
[2026-08-26T10:06:33.483Z] [INFO ] ✓ BAJUSCTG success: 22K gram ≈ 21240
[2026-08-26T10:06:33.484Z] [INFO ] SUCCESS — Source: bajusctg-api
[2026-08-26T10:06:33.486Z] [INFO ] Fetching international prices...
[2026-08-26T10:06:33.898Z] [INFO ] Gold: no change — skipping append
[2026-08-26T10:06:33.899Z] [INFO ] Silver: no change — skipping append
[2026-08-26T10:06:33.899Z] [INFO ] Intl: updated same-day entry
[2026-08-26T10:06:33.915Z] [INFO ] latest.json written | Final source: bajusctg-api
[2026-08-26T10:06:33.916Z] [INFO ] ══════════════════════════════════════════════
[2026-08-26T11:02:47.877Z] [INFO ] ══════════════════════════════════════════════
[2026-08-26T11:02:47.878Z] [INFO ] SonarGold Scraper v4.0 starting...
[2026-08-26T11:02:47.879Z] [INFO ] Mode: LIVE
[2026-08-26T11:02:47.880Z] [INFO ] ══════════════════════════════════════════════
[2026-08-26T11:02:47.883Z] [INFO ] History size — Gold: 256, Silver: 238, Intl: 343
[2026-08-26T11:02:47.884Z] [INFO ] ════════════════════════════════
[2026-08-26T11:02:47.884Z] [INFO ] Starting BAJUS scrape v4.0 (sequential)...
[2026-08-26T11:02:47.885Z] [INFO ] Trying Strategy 1: BAJUSCTG API...
[2026-08-26T11:02:48.329Z] [INFO ] ✓ BAJUSCTG success: 22K gram ≈ 21240
[2026-08-26T11:02:48.329Z] [INFO ] SUCCESS — Source: bajusctg-api
[2026-08-26T11:02:48.330Z] [INFO ] Fetching international prices...
[2026-08-26T11:02:49.264Z] [INFO ] Gold: no change — skipping append
[2026-08-26T11:02:49.265Z] [INFO ] Silver: no change — skipping append
[2026-08-26T11:02:49.265Z] [INFO ] Intl: updated same-day entry
[2026-08-26T11:02:49.547Z] [INFO ] latest.json written | Final source: bajusctg-api
[2026-08-26T11:02:49.548Z] [INFO ] ══════════════════════════════════════════════
