[2026-08-12T02:17:50.549Z] [INFO ] ══════════════════════════════════════════════
[2026-08-12T02:17:50.552Z] [INFO ] SonarGold Scraper v4.0 starting...
[2026-08-12T02:17:50.553Z] [INFO ] Mode: LIVE
[2026-08-12T02:17:50.555Z] [INFO ] ══════════════════════════════════════════════
[2026-08-12T02:17:50.558Z] [INFO ] History size — Gold: 250, Silver: 236, Intl: 328
[2026-08-12T02:17:50.561Z] [INFO ] ════════════════════════════════
[2026-08-12T02:17:50.562Z] [INFO ] Starting BAJUS scrape v4.0 (sequential)...
[2026-08-12T02:17:50.563Z] [INFO ] Trying Strategy 1: BAJUSCTG API...
[2026-08-12T02:17:51.027Z] [INFO ] ✓ BAJUSCTG success: 22K gram ≈ 20160
[2026-08-12T02:17:51.028Z] [INFO ] SUCCESS — Source: bajusctg-api
[2026-08-12T02:17:51.030Z] [INFO ] Fetching international prices...
[2026-08-12T02:17:51.705Z] [INFO ] Gold: no change — skipping append
[2026-08-12T02:17:51.706Z] [INFO ] Silver: no change — skipping append
[2026-08-12T02:17:51.706Z] [INFO ] Intl: appended entry #329
[2026-08-12T02:17:51.722Z] [INFO ] latest.json written | Final source: bajusctg-api
[2026-08-12T02:17:51.723Z] [INFO ] ══════════════════════════════════════════════
[2026-08-12T04:23:10.855Z] [INFO ] ══════════════════════════════════════════════
[2026-08-12T04:23:10.857Z] [INFO ] SonarGold Scraper v4.0 starting...
[2026-08-12T04:23:10.858Z] [INFO ] Mode: LIVE
[2026-08-12T04:23:10.859Z] [INFO ] ══════════════════════════════════════════════
[2026-08-12T04:23:10.862Z] [INFO ] History size — Gold: 250, Silver: 236, Intl: 329
[2026-08-12T04:23:10.863Z] [INFO ] ════════════════════════════════
[2026-08-12T04:23:10.865Z] [INFO ] Starting BAJUS scrape v4.0 (sequential)...
[2026-08-12T04:23:10.866Z] [INFO ] Trying Strategy 1: BAJUSCTG API...
[2026-08-12T04:23:11.504Z] [INFO ] ✓ BAJUSCTG success: 22K gram ≈ 20160
[2026-08-12T04:23:11.505Z] [INFO ] SUCCESS — Source: bajusctg-api
[2026-08-12T04:23:11.506Z] [INFO ] Fetching international prices...
[2026-08-12T04:23:11.703Z] [INFO ] Gold: no change — skipping append
[2026-08-12T04:23:11.704Z] [INFO ] Silver: no change — skipping append
[2026-08-12T04:23:11.705Z] [INFO ] Intl: updated same-day entry
[2026-08-12T04:23:11.985Z] [INFO ] latest.json written | Final source: bajusctg-api
[2026-08-12T04:23:11.986Z] [INFO ] ══════════════════════════════════════════════
[2026-08-12T06:02:07.891Z] [INFO ] ══════════════════════════════════════════════
[2026-08-12T06:02:07.893Z] [INFO ] SonarGold Scraper v4.0 starting...
[2026-08-12T06:02:07.894Z] [INFO ] Mode: LIVE
[2026-08-12T06:02:07.895Z] [INFO ] ══════════════════════════════════════════════
[2026-08-12T06:02:07.898Z] [INFO ] History size — Gold: 250, Silver: 236, Intl: 329
[2026-08-12T06:02:07.900Z] [INFO ] ════════════════════════════════
[2026-08-12T06:02:07.901Z] [INFO ] Starting BAJUS scrape v4.0 (sequential)...
[2026-08-12T06:02:07.902Z] [INFO ] Trying Strategy 1: BAJUSCTG API...
[2026-08-12T06:02:08.259Z] [INFO ] ✓ BAJUSCTG success: 22K gram ≈ 20160
[2026-08-12T06:02:08.260Z] [INFO ] SUCCESS — Source: bajusctg-api
[2026-08-12T06:02:08.262Z] [INFO ] Fetching international prices...
[2026-08-12T06:02:08.585Z] [INFO ] Gold: no change — skipping append
[2026-08-12T06:02:08.586Z] [INFO ] Silver: no change — skipping append
[2026-08-12T06:02:08.587Z] [INFO ] Intl: updated same-day entry
[2026-08-12T06:02:08.603Z] [INFO ] latest.json written | Final source: bajusctg-api
[2026-08-12T06:02:08.603Z] [INFO ] ══════════════════════════════════════════════
[2026-08-12T07:43:43.598Z] [INFO ] ══════════════════════════════════════════════
[2026-08-12T07:43:43.600Z] [INFO ] SonarGold Scraper v4.0 starting...
[2026-08-12T07:43:43.601Z] [INFO ] Mode: LIVE
[2026-08-12T07:43:43.602Z] [INFO ] ══════════════════════════════════════════════
[2026-08-12T07:43:43.605Z] [INFO ] History size — Gold: 250, Silver: 236, Intl: 329
[2026-08-12T07:43:43.607Z] [INFO ] ════════════════════════════════
[2026-08-12T07:43:43.608Z] [INFO ] Starting BAJUS scrape v4.0 (sequential)...
[2026-08-12T07:43:43.609Z] [INFO ] Trying Strategy 1: BAJUSCTG API...
[2026-08-12T07:43:44.280Z] [INFO ] ✓ BAJUSCTG success: 22K gram ≈ 20160
[2026-08-12T07:43:44.281Z] [INFO ] SUCCESS — Source: bajusctg-api
[2026-08-12T07:43:44.282Z] [INFO ] Fetching international prices...
[2026-08-12T07:43:44.673Z] [INFO ] Gold: no change — skipping append
[2026-08-12T07:43:44.674Z] [INFO ] Silver: no change — skipping append
[2026-08-12T07:43:44.675Z] [INFO ] Intl: updated same-day entry
[2026-08-12T07:43:44.691Z] [INFO ] latest.json written | Final source: bajusctg-api
[2026-08-12T07:43:44.691Z] [INFO ] ══════════════════════════════════════════════
[2026-08-12T09:15:32.795Z] [INFO ] ══════════════════════════════════════════════
[2026-08-12T09:15:32.797Z] [INFO ] SonarGold Scraper v4.0 starting...
[2026-08-12T09:15:32.798Z] [INFO ] Mode: LIVE
[2026-08-12T09:15:32.798Z] [INFO ] ══════════════════════════════════════════════
[2026-08-12T09:15:32.801Z] [INFO ] History size — Gold: 250, Silver: 236, Intl: 329
[2026-08-12T09:15:32.803Z] [INFO ] ════════════════════════════════
[2026-08-12T09:15:32.803Z] [INFO ] Starting BAJUS scrape v4.0 (sequential)...
[2026-08-12T09:15:32.804Z] [INFO ] Trying Strategy 1: BAJUSCTG API...
[2026-08-12T09:15:34.158Z] [INFO ] ✓ BAJUSCTG success: 22K gram ≈ 20160
[2026-08-12T09:15:34.194Z] [INFO ] SUCCESS — Source: bajusctg-api
[2026-08-12T09:15:34.195Z] [INFO ] Fetching international prices...
[2026-08-12T09:15:34.657Z] [INFO ] Gold: no change — skipping append
[2026-08-12T09:15:34.657Z] [INFO ] Silver: no change — skipping append
[2026-08-12T09:15:34.658Z] [INFO ] Intl: updated same-day entry
[2026-08-12T09:15:34.815Z] [INFO ] latest.json written | Final source: bajusctg-api
[2026-08-12T09:15:34.815Z] [INFO ] ══════════════════════════════════════════════
[2026-08-12T10:36:13.448Z] [INFO ] ══════════════════════════════════════════════
[2026-08-12T10:36:13.450Z] [INFO ] SonarGold Scraper v4.0 starting...
[2026-08-12T10:36:13.451Z] [INFO ] Mode: LIVE
[2026-08-12T10:36:13.452Z] [INFO ] ══════════════════════════════════════════════
[2026-08-12T10:36:13.455Z] [INFO ] History size — Gold: 250, Silver: 236, Intl: 329
[2026-08-12T10:36:13.456Z] [INFO ] ════════════════════════════════
[2026-08-12T10:36:13.457Z] [INFO ] Starting BAJUS scrape v4.0 (sequential)...
[2026-08-12T10:36:13.457Z] [INFO ] Trying Strategy 1: BAJUSCTG API...
[2026-08-12T10:36:13.804Z] [INFO ] ✓ BAJUSCTG success: 22K gram ≈ 20160
[2026-08-12T10:36:13.805Z] [INFO ] SUCCESS — Source: bajusctg-api
[2026-08-12T10:36:13.806Z] [INFO ] Fetching international prices...
[2026-08-12T10:36:14.116Z] [INFO ] Gold: no change — skipping append
[2026-08-12T10:36:14.117Z] [INFO ] Silver: no change — skipping append
[2026-08-12T10:36:14.117Z] [INFO ] Intl: updated same-day entry
[2026-08-12T10:36:14.212Z] [INFO ] latest.json written | Final source: bajusctg-api
[2026-08-12T10:36:14.213Z] [INFO ] ══════════════════════════════════════════════
[2026-08-12T11:50:49.056Z] [INFO ] ══════════════════════════════════════════════
[2026-08-12T11:50:49.058Z] [INFO ] SonarGold Scraper v4.0 starting...
[2026-08-12T11:50:49.059Z] [INFO ] Mode: LIVE
[2026-08-12T11:50:49.060Z] [INFO ] ══════════════════════════════════════════════
[2026-08-12T11:50:49.062Z] [INFO ] History size — Gold: 250, Silver: 236, Intl: 329
[2026-08-12T11:50:49.064Z] [INFO ] ════════════════════════════════
[2026-08-12T11:50:49.064Z] [INFO ] Starting BAJUS scrape v4.0 (sequential)...
[2026-08-12T11:50:49.065Z] [INFO ] Trying Strategy 1: BAJUSCTG API...
[2026-08-12T11:50:49.874Z] [INFO ] ✓ BAJUSCTG success: 22K gram ≈ 20160
[2026-08-12T11:50:49.875Z] [INFO ] SUCCESS — Source: bajusctg-api
[2026-08-12T11:50:49.875Z] [INFO ] Fetching international prices...
[2026-08-12T11:50:50.573Z] [INFO ] Gold: no change — skipping append
[2026-08-12T11:50:50.573Z] [INFO ] Silver: no change — skipping append
[2026-08-12T11:50:50.574Z] [INFO ] Intl: updated same-day entry
[2026-08-12T11:50:50.586Z] [INFO ] latest.json written | Final source: bajusctg-api
[2026-08-12T11:50:50.586Z] [INFO ] ══════════════════════════════════════════════
[2026-08-12T13:18:48.705Z] [INFO ] ══════════════════════════════════════════════
[2026-08-12T13:18:48.707Z] [INFO ] SonarGold Scraper v4.0 starting...
[2026-08-12T13:18:48.709Z] [INFO ] Mode: LIVE
[2026-08-12T13:18:48.710Z] [INFO ] ══════════════════════════════════════════════
[2026-08-12T13:18:48.713Z] [INFO ] History size — Gold: 250, Silver: 236, Intl: 329
[2026-08-12T13:18:48.714Z] [INFO ] ════════════════════════════════
[2026-08-12T13:18:48.716Z] [INFO ] Starting BAJUS scrape v4.0 (sequential)...
[2026-08-12T13:18:48.717Z] [INFO ] Trying Strategy 1: BAJUSCTG API...
[2026-08-12T13:18:49.395Z] [INFO ] ✓ BAJUSCTG success: 22K gram ≈ 20160
[2026-08-12T13:18:49.395Z] [INFO ] SUCCESS — Source: bajusctg-api
[2026-08-12T13:18:49.396Z] [INFO ] Fetching international prices...
[2026-08-12T13:18:50.083Z] [INFO ] Gold: no change — skipping append
[2026-08-12T13:18:50.084Z] [INFO ] Silver: no change — skipping append
[2026-08-12T13:18:50.084Z] [INFO ] Intl: updated same-day entry
[2026-08-12T13:18:50.199Z] [INFO ] latest.json written | Final source: bajusctg-api
[2026-08-12T13:18:50.200Z] [INFO ] ══════════════════════════════════════════════
[2026-08-12T14:36:52.302Z] [INFO ] ══════════════════════════════════════════════
[2026-08-12T14:36:52.304Z] [INFO ] SonarGold Scraper v4.0 starting...
[2026-08-12T14:36:52.305Z] [INFO ] Mode: LIVE
[2026-08-12T14:36:52.306Z] [INFO ] ══════════════════════════════════════════════
[2026-08-12T14:36:52.308Z] [INFO ] History size — Gold: 250, Silver: 236, Intl: 329
[2026-08-12T14:36:52.310Z] [INFO ] ════════════════════════════════
[2026-08-12T14:36:52.311Z] [INFO ] Starting BAJUS scrape v4.0 (sequential)...
[2026-08-12T14:36:52.311Z] [INFO ] Trying Strategy 1: BAJUSCTG API...
[2026-08-12T14:36:52.635Z] [INFO ] ✓ BAJUSCTG success: 22K gram ≈ 20160
[2026-08-12T14:36:52.635Z] [INFO ] SUCCESS — Source: bajusctg-api
[2026-08-12T14:36:52.636Z] [INFO ] Fetching international prices...
[2026-08-12T14:36:52.930Z] [INFO ] Gold: no change — skipping append
[2026-08-12T14:36:52.931Z] [INFO ] Silver: no change — skipping append
[2026-08-12T14:36:52.931Z] [INFO ] Intl: updated same-day entry
[2026-08-12T14:36:52.970Z] [INFO ] latest.json written | Final source: bajusctg-api
[2026-08-12T14:36:52.971Z] [INFO ] ══════════════════════════════════════════════
