[2026-08-03T03:25:34.953Z] [INFO ] ══════════════════════════════════════════════
[2026-08-03T03:25:34.955Z] [INFO ] SonarGold Scraper v4.0 starting...
[2026-08-03T03:25:34.956Z] [INFO ] Mode: LIVE
[2026-08-03T03:25:34.957Z] [INFO ] ══════════════════════════════════════════════
[2026-08-03T03:25:34.960Z] [INFO ] History size — Gold: 246, Silver: 234, Intl: 319
[2026-08-03T03:25:34.965Z] [INFO ] ════════════════════════════════
[2026-08-03T03:25:34.965Z] [INFO ] Starting BAJUS scrape v4.0 (sequential)...
[2026-08-03T03:25:34.966Z] [INFO ] Trying Strategy 1: BAJUSCTG API...
[2026-08-03T03:25:35.294Z] [INFO ] ✓ BAJUSCTG success: 22K gram ≈ 19125
[2026-08-03T03:25:35.295Z] [INFO ] SUCCESS — Source: bajusctg-api
[2026-08-03T03:25:35.296Z] [INFO ] Fetching international prices...
[2026-08-03T03:25:35.412Z] [ERROR] XAU fetch failed: request to https://api.gold-api.com/price/XAU failed, reason: getaddrinfo ENOTFOUND api.gold-api.com
[2026-08-03T03:25:36.032Z] [INFO ] Gold: no change — skipping append
[2026-08-03T03:25:36.033Z] [INFO ] Silver: no change — skipping append
[2026-08-03T03:25:36.034Z] [INFO ] Intl: appended entry #320
[2026-08-03T03:25:36.307Z] [INFO ] latest.json written | Final source: bajusctg-api
[2026-08-03T03:25:36.308Z] [INFO ] ══════════════════════════════════════════════
[2026-08-03T06:45:13.346Z] [INFO ] ══════════════════════════════════════════════
[2026-08-03T06:45:13.349Z] [INFO ] SonarGold Scraper v4.0 starting...
[2026-08-03T06:45:13.350Z] [INFO ] Mode: LIVE
[2026-08-03T06:45:13.351Z] [INFO ] ══════════════════════════════════════════════
[2026-08-03T06:45:13.353Z] [INFO ] History size — Gold: 246, Silver: 234, Intl: 320
[2026-08-03T06:45:13.354Z] [INFO ] ════════════════════════════════
[2026-08-03T06:45:13.357Z] [INFO ] Starting BAJUS scrape v4.0 (sequential)...
[2026-08-03T06:45:13.357Z] [INFO ] Trying Strategy 1: BAJUSCTG API...
[2026-08-03T06:45:13.692Z] [INFO ] ✓ BAJUSCTG success: 22K gram ≈ 19125
[2026-08-03T06:45:13.693Z] [INFO ] SUCCESS — Source: bajusctg-api
[2026-08-03T06:45:13.694Z] [INFO ] Fetching international prices...
[2026-08-03T06:45:14.528Z] [INFO ] Gold: no change — skipping append
[2026-08-03T06:45:14.529Z] [INFO ] Silver: no change — skipping append
[2026-08-03T06:45:14.529Z] [INFO ] Intl: updated same-day entry
[2026-08-03T06:45:14.545Z] [INFO ] latest.json written | Final source: bajusctg-api
[2026-08-03T06:45:14.546Z] [INFO ] ══════════════════════════════════════════════
[2026-08-03T10:46:47.194Z] [INFO ] ══════════════════════════════════════════════
[2026-08-03T10:46:47.196Z] [INFO ] SonarGold Scraper v4.0 starting...
[2026-08-03T10:46:47.197Z] [INFO ] Mode: LIVE
[2026-08-03T10:46:47.198Z] [INFO ] ══════════════════════════════════════════════
[2026-08-03T10:46:47.201Z] [INFO ] History size — Gold: 246, Silver: 234, Intl: 320
[2026-08-03T10:46:47.206Z] [INFO ] ════════════════════════════════
[2026-08-03T10:46:47.207Z] [INFO ] Starting BAJUS scrape v4.0 (sequential)...
[2026-08-03T10:46:47.208Z] [INFO ] Trying Strategy 1: BAJUSCTG API...
[2026-08-03T10:46:48.148Z] [INFO ] ✓ BAJUSCTG success: 22K gram ≈ 19125
[2026-08-03T10:46:48.149Z] [INFO ] SUCCESS — Source: bajusctg-api
[2026-08-03T10:46:48.150Z] [INFO ] Fetching international prices...
[2026-08-03T10:46:48.595Z] [INFO ] Gold: no change — skipping append
[2026-08-03T10:46:48.596Z] [INFO ] Silver: no change — skipping append
[2026-08-03T10:46:48.597Z] [INFO ] Intl: updated same-day entry
[2026-08-03T10:46:48.613Z] [INFO ] latest.json written | Final source: bajusctg-api
[2026-08-03T10:46:48.614Z] [INFO ] ══════════════════════════════════════════════
