[2026-07-31T00:06:00.587Z] [INFO ] ══════════════════════════════════════════════
[2026-07-31T00:06:00.589Z] [INFO ] SonarGold Scraper v4.0 starting...
[2026-07-31T00:06:00.591Z] [INFO ] Mode: LIVE
[2026-07-31T00:06:00.592Z] [INFO ] ══════════════════════════════════════════════
[2026-07-31T00:06:00.594Z] [INFO ] History size — Gold: 245, Silver: 234, Intl: 316
[2026-07-31T00:06:00.598Z] [INFO ] ════════════════════════════════
[2026-07-31T00:06:00.599Z] [INFO ] Starting BAJUS scrape v4.0 (sequential)...
[2026-07-31T00:06:00.600Z] [INFO ] Trying Strategy 1: BAJUSCTG API...
[2026-07-31T00:06:01.220Z] [INFO ] ✓ BAJUSCTG success: 22K gram ≈ 18935
[2026-07-31T00:06:01.221Z] [INFO ] SUCCESS — Source: bajusctg-api
[2026-07-31T00:06:01.222Z] [INFO ] Fetching international prices...
[2026-07-31T00:06:01.458Z] [INFO ] Gold: no change — skipping append
[2026-07-31T00:06:01.459Z] [INFO ] Silver: no change — skipping append
[2026-07-31T00:06:01.460Z] [INFO ] Intl: appended entry #317
[2026-07-31T00:06:01.482Z] [INFO ] latest.json written | Final source: bajusctg-api
[2026-07-31T00:06:01.483Z] [INFO ] ══════════════════════════════════════════════
[2026-07-31T04:01:48.307Z] [INFO ] ══════════════════════════════════════════════
[2026-07-31T04:01:48.309Z] [INFO ] SonarGold Scraper v4.0 starting...
[2026-07-31T04:01:48.310Z] [INFO ] Mode: LIVE
[2026-07-31T04:01:48.311Z] [INFO ] ══════════════════════════════════════════════
[2026-07-31T04:01:48.313Z] [INFO ] History size — Gold: 245, Silver: 234, Intl: 317
[2026-07-31T04:01:48.314Z] [INFO ] ════════════════════════════════
[2026-07-31T04:01:48.316Z] [INFO ] Starting BAJUS scrape v4.0 (sequential)...
[2026-07-31T04:01:48.317Z] [INFO ] Trying Strategy 1: BAJUSCTG API...
[2026-07-31T04:01:48.634Z] [INFO ] ✓ BAJUSCTG success: 22K gram ≈ 18935
[2026-07-31T04:01:48.635Z] [INFO ] SUCCESS — Source: bajusctg-api
[2026-07-31T04:01:48.636Z] [INFO ] Fetching international prices...
[2026-07-31T04:01:49.427Z] [INFO ] Gold: no change — skipping append
[2026-07-31T04:01:49.428Z] [INFO ] Silver: no change — skipping append
[2026-07-31T04:01:49.428Z] [INFO ] Intl: updated same-day entry
[2026-07-31T04:01:49.444Z] [INFO ] latest.json written | Final source: bajusctg-api
[2026-07-31T04:01:49.444Z] [INFO ] ══════════════════════════════════════════════
[2026-07-31T07:23:24.909Z] [INFO ] ══════════════════════════════════════════════
[2026-07-31T07:23:24.911Z] [INFO ] SonarGold Scraper v4.0 starting...
[2026-07-31T07:23:24.912Z] [INFO ] Mode: LIVE
[2026-07-31T07:23:24.913Z] [INFO ] ══════════════════════════════════════════════
[2026-07-31T07:23:24.915Z] [INFO ] History size — Gold: 245, Silver: 234, Intl: 317
[2026-07-31T07:23:24.917Z] [INFO ] ════════════════════════════════
[2026-07-31T07:23:24.919Z] [INFO ] Starting BAJUS scrape v4.0 (sequential)...
[2026-07-31T07:23:24.919Z] [INFO ] Trying Strategy 1: BAJUSCTG API...
[2026-07-31T07:23:25.290Z] [INFO ] ✓ BAJUSCTG success: 22K gram ≈ 19125
[2026-07-31T07:23:25.291Z] [INFO ] SUCCESS — Source: bajusctg-api
[2026-07-31T07:23:25.291Z] [INFO ] Fetching international prices...
[2026-07-31T07:23:25.720Z] [INFO ] Gold: appended entry #246
[2026-07-31T07:23:25.721Z] [INFO ] Silver: no change — skipping append
[2026-07-31T07:23:25.722Z] [INFO ] Intl: updated same-day entry
[2026-07-31T07:23:25.762Z] [INFO ] latest.json written | Final source: bajusctg-api
[2026-07-31T07:23:25.763Z] [INFO ] ══════════════════════════════════════════════
[2026-07-31T10:06:50.440Z] [INFO ] ══════════════════════════════════════════════
[2026-07-31T10:06:50.442Z] [INFO ] SonarGold Scraper v4.0 starting...
[2026-07-31T10:06:50.443Z] [INFO ] Mode: LIVE
[2026-07-31T10:06:50.444Z] [INFO ] ══════════════════════════════════════════════
[2026-07-31T10:06:50.445Z] [INFO ] History size — Gold: 246, Silver: 234, Intl: 317
[2026-07-31T10:06:50.446Z] [INFO ] ════════════════════════════════
[2026-07-31T10:06:50.449Z] [INFO ] Starting BAJUS scrape v4.0 (sequential)...
[2026-07-31T10:06:50.450Z] [INFO ] Trying Strategy 1: BAJUSCTG API...
[2026-07-31T10:06:50.871Z] [INFO ] ✓ BAJUSCTG success: 22K gram ≈ 19125
[2026-07-31T10:06:50.872Z] [INFO ] SUCCESS — Source: bajusctg-api
[2026-07-31T10:06:50.873Z] [INFO ] Fetching international prices...
[2026-07-31T10:06:51.354Z] [INFO ] Gold: no change — skipping append
[2026-07-31T10:06:51.355Z] [INFO ] Silver: no change — skipping append
[2026-07-31T10:06:51.355Z] [INFO ] Intl: updated same-day entry
[2026-07-31T10:06:51.368Z] [INFO ] latest.json written | Final source: bajusctg-api
[2026-07-31T10:06:51.369Z] [INFO ] ══════════════════════════════════════════════
[2026-07-31T12:27:57.058Z] [INFO ] ══════════════════════════════════════════════
[2026-07-31T12:27:57.060Z] [INFO ] SonarGold Scraper v4.0 starting...
[2026-07-31T12:27:57.061Z] [INFO ] Mode: LIVE
[2026-07-31T12:27:57.062Z] [INFO ] ══════════════════════════════════════════════
[2026-07-31T12:27:57.065Z] [INFO ] History size — Gold: 246, Silver: 234, Intl: 317
[2026-07-31T12:27:57.067Z] [INFO ] ════════════════════════════════
[2026-07-31T12:27:57.070Z] [INFO ] Starting BAJUS scrape v4.0 (sequential)...
[2026-07-31T12:27:57.071Z] [INFO ] Trying Strategy 1: BAJUSCTG API...
[2026-07-31T12:27:57.510Z] [INFO ] ✓ BAJUSCTG success: 22K gram ≈ 19125
[2026-07-31T12:27:57.512Z] [INFO ] SUCCESS — Source: bajusctg-api
[2026-07-31T12:27:57.512Z] [INFO ] Fetching international prices...
[2026-07-31T12:27:58.097Z] [INFO ] Gold: no change — skipping append
[2026-07-31T12:27:58.098Z] [INFO ] Silver: no change — skipping append
[2026-07-31T12:27:58.099Z] [INFO ] Intl: updated same-day entry
[2026-07-31T12:27:58.118Z] [INFO ] latest.json written | Final source: bajusctg-api
[2026-07-31T12:27:58.119Z] [INFO ] ══════════════════════════════════════════════
[2026-07-31T15:02:40.918Z] [INFO ] ══════════════════════════════════════════════
[2026-07-31T15:02:40.919Z] [INFO ] SonarGold Scraper v4.0 starting...
[2026-07-31T15:02:40.920Z] [INFO ] Mode: LIVE
[2026-07-31T15:02:40.921Z] [INFO ] ══════════════════════════════════════════════
[2026-07-31T15:02:40.922Z] [INFO ] History size — Gold: 246, Silver: 234, Intl: 317
[2026-07-31T15:02:40.925Z] [INFO ] ════════════════════════════════
[2026-07-31T15:02:40.925Z] [INFO ] Starting BAJUS scrape v4.0 (sequential)...
[2026-07-31T15:02:40.926Z] [INFO ] Trying Strategy 1: BAJUSCTG API...
[2026-07-31T15:02:41.288Z] [WARN ] BAJUSCTG API failed: invalid json response body at https://bajushub.com/pricesx.php reason: Unexpected token 'N', "No server "... is not valid JSON
[2026-07-31T15:02:41.289Z] [INFO ] Trying BAJUSCTG HTML fallback...
[2026-07-31T15:02:41.734Z] [INFO ] Trying Strategy 2: GoldR.org homepage...
[2026-07-31T15:02:41.979Z] [WARN ] GoldR.org parsed but data invalid
[2026-07-31T15:02:41.980Z] [INFO ] Trying Strategy 3: bdgoldprice.com...
[2026-07-31T15:02:42.231Z] [INFO ] Trying Strategy 4: Wayback Machine...
[2026-07-31T15:02:43.058Z] [INFO ] Using cached prices from 2026-07-31 (8h old)
[2026-07-31T15:02:43.059Z] [WARN ] ALL LIVE SOURCES FAILED — Using cached prices (mandatory fallback)
[2026-07-31T15:02:43.059Z] [INFO ] Fetching international prices...
[2026-07-31T15:02:43.490Z] [INFO ] Gold: no change — skipping append
[2026-07-31T15:02:43.490Z] [INFO ] Silver: no change — skipping append
[2026-07-31T15:02:43.491Z] [INFO ] Intl: updated same-day entry
[2026-07-31T15:02:43.503Z] [INFO ] latest.json written | Final source: cache
[2026-07-31T15:02:43.503Z] [INFO ] ══════════════════════════════════════════════
