[2026-08-30T01:31:59.859Z] [INFO ] ══════════════════════════════════════════════
[2026-08-30T01:31:59.862Z] [INFO ] SonarGold Scraper v4.0 starting...
[2026-08-30T01:31:59.863Z] [INFO ] Mode: LIVE
[2026-08-30T01:31:59.864Z] [INFO ] ══════════════════════════════════════════════
[2026-08-30T01:31:59.866Z] [INFO ] History size — Gold: 257, Silver: 239, Intl: 346
[2026-08-30T01:31:59.868Z] [INFO ] ════════════════════════════════
[2026-08-30T01:31:59.869Z] [INFO ] Starting BAJUS scrape v4.0 (sequential)...
[2026-08-30T01:31:59.870Z] [INFO ] Trying Strategy 1: BAJUSCTG API...
[2026-08-30T01:32:00.669Z] [WARN ] BAJUSCTG API failed: HTTP 403
[2026-08-30T01:32:00.670Z] [INFO ] Trying BAJUSCTG HTML fallback...
[2026-08-30T01:32:01.231Z] [WARN ] BAJUSCTG HTML failed: HTTP 403
[2026-08-30T01:32:01.232Z] [INFO ] Trying Strategy 2: GoldR.org homepage...
[2026-08-30T01:32:01.597Z] [WARN ] GoldR.org parsed but data invalid
[2026-08-30T01:32:01.597Z] [INFO ] Trying Strategy 3: bdgoldprice.com...
[2026-08-30T01:32:01.866Z] [INFO ] Trying Strategy 4: Wayback Machine...
[2026-08-30T01:32:03.682Z] [WARN ] Wayback failed: HTTP 503
[2026-08-30T01:32:03.683Z] [INFO ] Using cached prices from 2026-08-28 (44h old)
[2026-08-30T01:32:03.684Z] [WARN ] ALL LIVE SOURCES FAILED — Using cached prices (mandatory fallback)
[2026-08-30T01:32:03.685Z] [INFO ] Fetching international prices...
[2026-08-30T01:32:03.991Z] [INFO ] Gold: no change — skipping append
[2026-08-30T01:32:03.992Z] [INFO ] Silver: no change — skipping append
[2026-08-30T01:32:03.992Z] [INFO ] Intl: appended entry #347
[2026-08-30T01:32:04.012Z] [INFO ] latest.json written | Final source: cache
[2026-08-30T01:32:04.014Z] [INFO ] ══════════════════════════════════════════════
[2026-08-30T08:06:22.547Z] [INFO ] ══════════════════════════════════════════════
[2026-08-30T08:06:22.548Z] [INFO ] SonarGold Scraper v4.0 starting...
[2026-08-30T08:06:22.549Z] [INFO ] Mode: LIVE
[2026-08-30T08:06:22.550Z] [INFO ] ══════════════════════════════════════════════
[2026-08-30T08:06:22.552Z] [INFO ] History size — Gold: 257, Silver: 239, Intl: 347
[2026-08-30T08:06:22.553Z] [INFO ] ════════════════════════════════
[2026-08-30T08:06:22.554Z] [INFO ] Starting BAJUS scrape v4.0 (sequential)...
[2026-08-30T08:06:22.554Z] [INFO ] Trying Strategy 1: BAJUSCTG API...
[2026-08-30T08:06:23.369Z] [WARN ] BAJUSCTG API failed: HTTP 403
[2026-08-30T08:06:23.370Z] [INFO ] Trying BAJUSCTG HTML fallback...
[2026-08-30T08:06:23.962Z] [WARN ] BAJUSCTG HTML failed: HTTP 403
[2026-08-30T08:06:23.963Z] [INFO ] Trying Strategy 2: GoldR.org homepage...
[2026-08-30T08:06:24.146Z] [WARN ] GoldR.org parsed but data invalid
[2026-08-30T08:06:24.147Z] [INFO ] Trying Strategy 3: bdgoldprice.com...
[2026-08-30T08:06:24.605Z] [INFO ] Trying Strategy 4: Wayback Machine...
[2026-08-30T08:06:27.279Z] [INFO ] Using cached prices from 2026-08-28 (51h old)
[2026-08-30T08:06:27.280Z] [WARN ] ALL LIVE SOURCES FAILED — Using cached prices (mandatory fallback)
[2026-08-30T08:06:27.280Z] [INFO ] Fetching international prices...
[2026-08-30T08:06:27.593Z] [INFO ] Gold: no change — skipping append
[2026-08-30T08:06:27.593Z] [INFO ] Silver: no change — skipping append
[2026-08-30T08:06:27.594Z] [INFO ] Intl: no change — skipping append
[2026-08-30T08:06:27.604Z] [INFO ] latest.json written | Final source: cache
[2026-08-30T08:06:27.604Z] [INFO ] ══════════════════════════════════════════════
[2026-08-30T13:56:11.452Z] [INFO ] ══════════════════════════════════════════════
[2026-08-30T13:56:11.453Z] [INFO ] SonarGold Scraper v4.0 starting...
[2026-08-30T13:56:11.454Z] [INFO ] Mode: LIVE
[2026-08-30T13:56:11.455Z] [INFO ] ══════════════════════════════════════════════
[2026-08-30T13:56:11.457Z] [INFO ] History size — Gold: 257, Silver: 239, Intl: 347
[2026-08-30T13:56:11.458Z] [INFO ] ════════════════════════════════
[2026-08-30T13:56:11.459Z] [INFO ] Starting BAJUS scrape v4.0 (sequential)...
[2026-08-30T13:56:11.459Z] [INFO ] Trying Strategy 1: BAJUSCTG API...
[2026-08-30T13:56:12.090Z] [WARN ] BAJUSCTG API failed: HTTP 403
[2026-08-30T13:56:12.091Z] [INFO ] Trying BAJUSCTG HTML fallback...
[2026-08-30T13:56:12.792Z] [WARN ] BAJUSCTG HTML failed: HTTP 403
[2026-08-30T13:56:12.793Z] [INFO ] Trying Strategy 2: GoldR.org homepage...
[2026-08-30T13:56:12.976Z] [WARN ] GoldR.org parsed but data invalid
[2026-08-30T13:56:12.977Z] [INFO ] Trying Strategy 3: bdgoldprice.com...
[2026-08-30T13:56:13.278Z] [INFO ] Trying Strategy 4: Wayback Machine...
[2026-08-30T13:56:14.198Z] [INFO ] Using cached prices from 2026-08-28 (56h old)
[2026-08-30T13:56:14.198Z] [WARN ] ALL LIVE SOURCES FAILED — Using cached prices (mandatory fallback)
[2026-08-30T13:56:14.199Z] [INFO ] Fetching international prices...
[2026-08-30T13:56:14.632Z] [INFO ] Gold: no change — skipping append
[2026-08-30T13:56:14.633Z] [INFO ] Silver: no change — skipping append
[2026-08-30T13:56:14.633Z] [INFO ] Intl: no change — skipping append
[2026-08-30T13:56:14.645Z] [INFO ] latest.json written | Final source: cache
[2026-08-30T13:56:14.645Z] [INFO ] ══════════════════════════════════════════════
[2026-08-30T18:00:21.315Z] [INFO ] ══════════════════════════════════════════════
[2026-08-30T18:00:21.318Z] [INFO ] SonarGold Scraper v4.0 starting...
[2026-08-30T18:00:21.319Z] [INFO ] Mode: LIVE
[2026-08-30T18:00:21.321Z] [INFO ] ══════════════════════════════════════════════
[2026-08-30T18:00:21.324Z] [INFO ] History size — Gold: 257, Silver: 239, Intl: 347
[2026-08-30T18:00:21.327Z] [INFO ] ════════════════════════════════
[2026-08-30T18:00:21.328Z] [INFO ] Starting BAJUS scrape v4.0 (sequential)...
[2026-08-30T18:00:21.329Z] [INFO ] Trying Strategy 1: BAJUSCTG API...
[2026-08-30T18:00:21.922Z] [WARN ] BAJUSCTG API failed: HTTP 403
[2026-08-30T18:00:21.923Z] [INFO ] Trying BAJUSCTG HTML fallback...
[2026-08-30T18:00:22.929Z] [WARN ] BAJUSCTG HTML failed: HTTP 403
[2026-08-30T18:00:22.930Z] [INFO ] Trying Strategy 2: GoldR.org homepage...
[2026-08-30T18:00:23.213Z] [WARN ] GoldR.org parsed but data invalid
[2026-08-30T18:00:23.214Z] [INFO ] Trying Strategy 3: bdgoldprice.com...
[2026-08-30T18:00:23.434Z] [INFO ] Trying Strategy 4: Wayback Machine...
[2026-08-30T18:00:27.981Z] [WARN ] Wayback failed: HTTP 503
[2026-08-30T18:00:27.983Z] [INFO ] Using cached prices from 2026-08-28 (60h old)
[2026-08-30T18:00:27.984Z] [WARN ] ALL LIVE SOURCES FAILED — Using cached prices (mandatory fallback)
[2026-08-30T18:00:27.985Z] [INFO ] Fetching international prices...
[2026-08-30T18:00:28.653Z] [INFO ] Gold: no change — skipping append
[2026-08-30T18:00:28.654Z] [INFO ] Silver: no change — skipping append
[2026-08-30T18:00:28.655Z] [INFO ] Intl: no change — skipping append
[2026-08-30T18:00:28.670Z] [INFO ] latest.json written | Final source: cache
[2026-08-30T18:00:28.671Z] [INFO ] ══════════════════════════════════════════════
[2026-08-30T20:58:51.169Z] [INFO ] ══════════════════════════════════════════════
[2026-08-30T20:58:51.171Z] [INFO ] SonarGold Scraper v4.0 starting...
[2026-08-30T20:58:51.172Z] [INFO ] Mode: LIVE
[2026-08-30T20:58:51.174Z] [INFO ] ══════════════════════════════════════════════
[2026-08-30T20:58:51.178Z] [INFO ] History size — Gold: 257, Silver: 239, Intl: 347
[2026-08-30T20:58:51.181Z] [INFO ] ════════════════════════════════
[2026-08-30T20:58:51.182Z] [INFO ] Starting BAJUS scrape v4.0 (sequential)...
[2026-08-30T20:58:51.184Z] [INFO ] Trying Strategy 1: BAJUSCTG API...
[2026-08-30T20:58:52.210Z] [WARN ] BAJUSCTG API failed: HTTP 403
[2026-08-30T20:58:52.212Z] [INFO ] Trying BAJUSCTG HTML fallback...
[2026-08-30T20:58:53.023Z] [WARN ] BAJUSCTG HTML failed: HTTP 403
[2026-08-30T20:58:53.024Z] [INFO ] Trying Strategy 2: GoldR.org homepage...
[2026-08-30T20:58:53.329Z] [WARN ] GoldR.org parsed but data invalid
[2026-08-30T20:58:53.330Z] [INFO ] Trying Strategy 3: bdgoldprice.com...
[2026-08-30T20:58:53.518Z] [INFO ] Trying Strategy 4: Wayback Machine...
[2026-08-30T20:58:58.772Z] [WARN ] Wayback failed: No snapshot
[2026-08-30T20:58:58.774Z] [INFO ] Using cached prices from 2026-08-28 (63h old)
[2026-08-30T20:58:58.775Z] [WARN ] ALL LIVE SOURCES FAILED — Using cached prices (mandatory fallback)
[2026-08-30T20:58:58.776Z] [INFO ] Fetching international prices...
[2026-08-30T20:58:59.149Z] [INFO ] Gold: no change — skipping append
[2026-08-30T20:58:59.150Z] [INFO ] Silver: no change — skipping append
[2026-08-30T20:58:59.151Z] [INFO ] Intl: no change — skipping append
[2026-08-30T20:58:59.166Z] [INFO ] latest.json written | Final source: cache
[2026-08-30T20:58:59.167Z] [INFO ] ══════════════════════════════════════════════
