[2026-08-21T01:37:25.413Z] [INFO ] ══════════════════════════════════════════════
[2026-08-21T01:37:25.416Z] [INFO ] SonarGold Scraper v4.0 starting...
[2026-08-21T01:37:25.417Z] [INFO ] Mode: LIVE
[2026-08-21T01:37:25.418Z] [INFO ] ══════════════════════════════════════════════
[2026-08-21T01:37:25.421Z] [INFO ] History size — Gold: 254, Silver: 237, Intl: 337
[2026-08-21T01:37:25.424Z] [INFO ] ════════════════════════════════
[2026-08-21T01:37:25.425Z] [INFO ] Starting BAJUS scrape v4.0 (sequential)...
[2026-08-21T01:37:25.426Z] [INFO ] Trying Strategy 1: BAJUSCTG API...
[2026-08-21T01:37:26.052Z] [INFO ] ✓ BAJUSCTG success: 22K gram ≈ 20630
[2026-08-21T01:37:26.053Z] [INFO ] SUCCESS — Source: bajusctg-api
[2026-08-21T01:37:26.054Z] [INFO ] Fetching international prices...
[2026-08-21T01:37:26.593Z] [INFO ] Gold: no change — skipping append
[2026-08-21T01:37:26.595Z] [INFO ] Silver: no change — skipping append
[2026-08-21T01:37:26.596Z] [INFO ] Intl: appended entry #338
[2026-08-21T01:37:26.615Z] [INFO ] latest.json written | Final source: bajusctg-api
[2026-08-21T01:37:26.616Z] [INFO ] ══════════════════════════════════════════════
[2026-08-21T03:07:12.782Z] [INFO ] ══════════════════════════════════════════════
[2026-08-21T03:07:12.784Z] [INFO ] SonarGold Scraper v4.0 starting...
[2026-08-21T03:07:12.785Z] [INFO ] Mode: LIVE
[2026-08-21T03:07:12.787Z] [INFO ] ══════════════════════════════════════════════
[2026-08-21T03:07:12.789Z] [INFO ] History size — Gold: 254, Silver: 237, Intl: 338
[2026-08-21T03:07:12.792Z] [INFO ] ════════════════════════════════
[2026-08-21T03:07:12.792Z] [INFO ] Starting BAJUS scrape v4.0 (sequential)...
[2026-08-21T03:07:12.793Z] [INFO ] Trying Strategy 1: BAJUSCTG API...
[2026-08-21T03:07:13.090Z] [INFO ] ✓ BAJUSCTG success: 22K gram ≈ 20630
[2026-08-21T03:07:13.091Z] [INFO ] SUCCESS — Source: bajusctg-api
[2026-08-21T03:07:13.092Z] [INFO ] Fetching international prices...
[2026-08-21T03:07:13.438Z] [INFO ] Gold: no change — skipping append
[2026-08-21T03:07:13.439Z] [INFO ] Silver: no change — skipping append
[2026-08-21T03:07:13.440Z] [INFO ] Intl: updated same-day entry
[2026-08-21T03:07:13.455Z] [INFO ] latest.json written | Final source: bajusctg-api
[2026-08-21T03:07:13.456Z] [INFO ] ══════════════════════════════════════════════
