[2026-09-15T01:46:57.087Z] [INFO ] ══════════════════════════════════════════════
[2026-09-15T01:46:57.090Z] [INFO ] SonarGold Scraper v4.4 (Fixed Alamin) starting...
[2026-09-15T01:46:57.091Z] [INFO ] Mode: LIVE
[2026-09-15T01:46:57.092Z] [INFO ] ══════════════════════════════════════════════
[2026-09-15T01:46:57.096Z] [INFO ] History size — Gold: 260, Silver: 241, Intl: 362
[2026-09-15T01:46:57.097Z] [INFO ] ════════════════════════════════
[2026-09-15T01:46:57.098Z] [INFO ] Starting BAJUS scrape v4.4 (Fixed Alamin)...
[2026-09-15T01:46:57.099Z] [INFO ] Trying Strategy 1: alaminjewellers.com...
[2026-09-15T01:46:57.520Z] [INFO ] ✓ alaminjewellers (fallback) success: 22K = 19970
[2026-09-15T01:46:57.521Z] [INFO ] SUCCESS — Source: alamin
[2026-09-15T01:46:57.522Z] [INFO ] Fetching international prices...
[2026-09-15T01:46:57.821Z] [INFO ] Gold: no change — skipping append
[2026-09-15T01:46:57.822Z] [INFO ] Silver: no change — skipping append
[2026-09-15T01:46:57.823Z] [INFO ] Intl: appended entry #363
[2026-09-15T01:46:57.859Z] [INFO ] latest.json written | Final source: alamin
[2026-09-15T01:46:57.860Z] [INFO ] ══════════════════════════════════════════════
[2026-09-15T07:28:15.678Z] [INFO ] ══════════════════════════════════════════════
[2026-09-15T07:28:15.679Z] [INFO ] SonarGold Scraper v4.4 (Fixed Alamin) starting...
[2026-09-15T07:28:15.680Z] [INFO ] Mode: LIVE
[2026-09-15T07:28:15.681Z] [INFO ] ══════════════════════════════════════════════
[2026-09-15T07:28:15.683Z] [INFO ] History size — Gold: 260, Silver: 241, Intl: 363
[2026-09-15T07:28:15.684Z] [INFO ] ════════════════════════════════
[2026-09-15T07:28:15.684Z] [INFO ] Starting BAJUS scrape v4.4 (Fixed Alamin)...
[2026-09-15T07:28:15.685Z] [INFO ] Trying Strategy 1: alaminjewellers.com...
[2026-09-15T07:28:16.499Z] [INFO ] ✓ alaminjewellers (fallback) success: 22K = 19970
[2026-09-15T07:28:16.500Z] [INFO ] SUCCESS — Source: alamin
[2026-09-15T07:28:16.501Z] [INFO ] Fetching international prices...
[2026-09-15T07:28:17.083Z] [INFO ] Gold: no change — skipping append
[2026-09-15T07:28:17.084Z] [INFO ] Silver: no change — skipping append
[2026-09-15T07:28:17.085Z] [INFO ] Intl: updated same-day entry
[2026-09-15T07:28:17.221Z] [INFO ] latest.json written | Final source: alamin
[2026-09-15T07:28:17.222Z] [INFO ] ══════════════════════════════════════════════
[2026-09-15T12:51:34.962Z] [INFO ] ══════════════════════════════════════════════
[2026-09-15T12:51:34.964Z] [INFO ] SonarGold Scraper v4.4 (Fixed Alamin) starting...
[2026-09-15T12:51:34.966Z] [INFO ] Mode: LIVE
[2026-09-15T12:51:34.967Z] [INFO ] ══════════════════════════════════════════════
[2026-09-15T12:51:34.972Z] [INFO ] History size — Gold: 260, Silver: 241, Intl: 363
[2026-09-15T12:51:34.973Z] [INFO ] ════════════════════════════════
[2026-09-15T12:51:34.973Z] [INFO ] Starting BAJUS scrape v4.4 (Fixed Alamin)...
[2026-09-15T12:51:34.974Z] [INFO ] Trying Strategy 1: alaminjewellers.com...
[2026-09-15T12:51:35.415Z] [INFO ] ✓ alaminjewellers (fallback) success: 22K = 19970
[2026-09-15T12:51:35.417Z] [INFO ] SUCCESS — Source: alamin
[2026-09-15T12:51:35.418Z] [INFO ] Fetching international prices...
[2026-09-15T12:51:35.510Z] [INFO ] Gold: no change — skipping append
[2026-09-15T12:51:35.511Z] [INFO ] Silver: no change — skipping append
[2026-09-15T12:51:35.512Z] [INFO ] Intl: updated same-day entry
[2026-09-15T12:51:35.528Z] [INFO ] latest.json written | Final source: alamin
[2026-09-15T12:51:35.529Z] [INFO ] ══════════════════════════════════════════════
[2026-09-15T17:34:03.248Z] [INFO ] ══════════════════════════════════════════════
[2026-09-15T17:34:03.249Z] [INFO ] SonarGold Scraper v4.4 (Fixed Alamin) starting...
[2026-09-15T17:34:03.250Z] [INFO ] Mode: LIVE
[2026-09-15T17:34:03.251Z] [INFO ] ══════════════════════════════════════════════
[2026-09-15T17:34:03.254Z] [INFO ] History size — Gold: 260, Silver: 241, Intl: 363
[2026-09-15T17:34:03.255Z] [INFO ] ════════════════════════════════
[2026-09-15T17:34:03.256Z] [INFO ] Starting BAJUS scrape v4.4 (Fixed Alamin)...
[2026-09-15T17:34:03.256Z] [INFO ] Trying Strategy 1: alaminjewellers.com...
[2026-09-15T17:34:03.876Z] [INFO ] ✓ alaminjewellers (fallback) success: 22K = 19970
[2026-09-15T17:34:03.877Z] [INFO ] SUCCESS — Source: alamin
[2026-09-15T17:34:03.878Z] [INFO ] Fetching international prices...
[2026-09-15T17:34:04.430Z] [INFO ] Gold: no change — skipping append
[2026-09-15T17:34:04.431Z] [INFO ] Silver: no change — skipping append
[2026-09-15T17:34:04.432Z] [INFO ] Intl: updated same-day entry
[2026-09-15T17:34:04.445Z] [INFO ] latest.json written | Final source: alamin
[2026-09-15T17:34:04.446Z] [INFO ] ══════════════════════════════════════════════
