[2026-09-02T00:28:46.392Z] [INFO ] ══════════════════════════════════════════════
[2026-09-02T00:28:46.394Z] [INFO ] SonarGold Scraper v4.0 starting...
[2026-09-02T00:28:46.396Z] [INFO ] Mode: LIVE
[2026-09-02T00:28:46.397Z] [INFO ] ══════════════════════════════════════════════
[2026-09-02T00:28:46.402Z] [INFO ] History size — Gold: 257, Silver: 239, Intl: 349
[2026-09-02T00:28:46.403Z] [INFO ] ════════════════════════════════
[2026-09-02T00:28:46.404Z] [INFO ] Starting BAJUS scrape v4.0 (sequential)...
[2026-09-02T00:28:46.405Z] [INFO ] Trying Strategy 1: BAJUSCTG API...
[2026-09-02T00:28:47.493Z] [WARN ] BAJUSCTG API failed: HTTP 403
[2026-09-02T00:28:47.494Z] [INFO ] Trying BAJUSCTG HTML fallback...
[2026-09-02T00:28:48.104Z] [WARN ] BAJUSCTG HTML failed: HTTP 403
[2026-09-02T00:28:48.106Z] [INFO ] Trying Strategy 2: GoldR.org homepage...
[2026-09-02T00:28:48.315Z] [WARN ] GoldR.org parsed but data invalid
[2026-09-02T00:28:48.316Z] [INFO ] Trying Strategy 3: bdgoldprice.com...
[2026-09-02T00:28:48.546Z] [INFO ] Trying Strategy 4: Wayback Machine...
[2026-09-02T00:28:50.115Z] [WARN ] Wayback failed: HTTP 429
[2026-09-02T00:28:50.117Z] [WARN ] Cache too old (115h)
[2026-09-02T00:28:50.118Z] [ERROR] CRITICAL FAILURE — All sources + cache unavailable. Using zero fallback.
[2026-09-02T00:28:50.119Z] [INFO ] Fetching international prices...
[2026-09-02T00:28:50.856Z] [INFO ] Gold: no change — skipping append
[2026-09-02T00:28:50.857Z] [INFO ] Silver: no change — skipping append
[2026-09-02T00:28:50.858Z] [INFO ] Intl: appended entry #350
[2026-09-02T00:28:50.885Z] [INFO ] latest.json written | Final source: fallback
[2026-09-02T00:28:50.886Z] [INFO ] ══════════════════════════════════════════════
