[2026-08-28T05:33:22.549Z] [INFO ] ══════════════════════════════════════════════
[2026-08-28T05:33:22.551Z] [INFO ] SonarGold Scraper v4.0 starting...
[2026-08-28T05:33:22.553Z] [INFO ] Mode: LIVE
[2026-08-28T05:33:22.554Z] [INFO ] ══════════════════════════════════════════════
[2026-08-28T05:33:22.557Z] [INFO ] History size — Gold: 256, Silver: 238, Intl: 344
[2026-08-28T05:33:22.558Z] [INFO ] ════════════════════════════════
[2026-08-28T05:33:22.559Z] [INFO ] Starting BAJUS scrape v4.0 (sequential)...
[2026-08-28T05:33:22.560Z] [INFO ] Trying Strategy 1: BAJUSCTG API...
[2026-08-28T05:33:23.189Z] [WARN ] BAJUSCTG API failed: HTTP 403
[2026-08-28T05:33:23.190Z] [INFO ] Trying BAJUSCTG HTML fallback...
[2026-08-28T05:33:23.949Z] [WARN ] BAJUSCTG HTML failed: HTTP 403
[2026-08-28T05:33:23.950Z] [INFO ] Trying Strategy 2: GoldR.org homepage...
[2026-08-28T05:33:24.152Z] [WARN ] GoldR.org parsed but data invalid
[2026-08-28T05:33:24.153Z] [INFO ] Trying Strategy 3: bdgoldprice.com...
[2026-08-28T05:33:24.333Z] [INFO ] Trying Strategy 4: Wayback Machine...
[2026-08-28T05:33:26.266Z] [WARN ] Cache too old (73h)
[2026-08-28T05:33:26.267Z] [ERROR] CRITICAL FAILURE — All sources + cache unavailable. Using zero fallback.
[2026-08-28T05:33:26.268Z] [INFO ] Fetching international prices...
[2026-08-28T05:33:26.854Z] [INFO ] Gold: appended entry #257
[2026-08-28T05:33:26.855Z] [INFO ] Silver: appended entry #239
[2026-08-28T05:33:26.857Z] [INFO ] Intl: appended entry #345
[2026-08-28T05:33:27.085Z] [INFO ] latest.json written | Final source: fallback
[2026-08-28T05:33:27.086Z] [INFO ] ══════════════════════════════════════════════
[2026-08-28T18:24:09.260Z] [INFO ] ══════════════════════════════════════════════
[2026-08-28T18:24:09.263Z] [INFO ] SonarGold Scraper v4.0 starting...
[2026-08-28T18:24:09.264Z] [INFO ] Mode: LIVE
[2026-08-28T18:24:09.265Z] [INFO ] ══════════════════════════════════════════════
[2026-08-28T18:24:09.268Z] [INFO ] History size — Gold: 257, Silver: 239, Intl: 345
[2026-08-28T18:24:09.270Z] [INFO ] ════════════════════════════════
[2026-08-28T18:24:09.271Z] [INFO ] Starting BAJUS scrape v4.0 (sequential)...
[2026-08-28T18:24:09.272Z] [INFO ] Trying Strategy 1: BAJUSCTG API...
[2026-08-28T18:24:09.801Z] [WARN ] BAJUSCTG API failed: HTTP 403
[2026-08-28T18:24:09.802Z] [INFO ] Trying BAJUSCTG HTML fallback...
[2026-08-28T18:24:10.239Z] [WARN ] BAJUSCTG HTML failed: HTTP 403
[2026-08-28T18:24:10.240Z] [INFO ] Trying Strategy 2: GoldR.org homepage...
[2026-08-28T18:24:10.587Z] [WARN ] GoldR.org parsed but data invalid
[2026-08-28T18:24:10.588Z] [INFO ] Trying Strategy 3: bdgoldprice.com...
[2026-08-28T18:24:11.019Z] [INFO ] Trying Strategy 4: Wayback Machine...
[2026-08-28T18:24:12.665Z] [WARN ] Wayback failed: HTTP 503
[2026-08-28T18:24:12.668Z] [INFO ] Using cached prices from 2026-08-28 (13h old)
[2026-08-28T18:24:12.669Z] [WARN ] ALL LIVE SOURCES FAILED — Using cached prices (mandatory fallback)
[2026-08-28T18:24:12.670Z] [INFO ] Fetching international prices...
[2026-08-28T18:24:13.028Z] [INFO ] Gold: no change — skipping append
[2026-08-28T18:24:13.029Z] [INFO ] Silver: no change — skipping append
[2026-08-28T18:24:13.030Z] [INFO ] Intl: updated same-day entry
[2026-08-28T18:24:13.045Z] [INFO ] latest.json written | Final source: cache
[2026-08-28T18:24:13.046Z] [INFO ] ══════════════════════════════════════════════
