[2026-07-25T03:14:40.663Z] [INFO ] ══════════════════════════════════════════════
[2026-07-25T03:14:40.665Z] [INFO ] SonarGold Scraper v4.0 starting...
[2026-07-25T03:14:40.666Z] [INFO ] Mode: LIVE
[2026-07-25T03:14:40.668Z] [INFO ] ══════════════════════════════════════════════
[2026-07-25T03:14:40.670Z] [INFO ] History size — Gold: 243, Silver: 232, Intl: 310
[2026-07-25T03:14:40.673Z] [INFO ] ════════════════════════════════
[2026-07-25T03:14:40.674Z] [INFO ] Starting BAJUS scrape v4.0 (sequential)...
[2026-07-25T03:14:40.675Z] [INFO ] Trying Strategy 1: BAJUSCTG API...
[2026-07-25T03:14:41.310Z] [WARN ] BAJUSCTG API failed: HTTP 401
[2026-07-25T03:14:41.312Z] [INFO ] Trying BAJUSCTG HTML fallback...
[2026-07-25T03:14:42.643Z] [WARN ] BAJUSCTG HTML failed: HTTP 401
[2026-07-25T03:14:42.644Z] [INFO ] Trying Strategy 2: GoldR.org homepage...
[2026-07-25T03:14:43.072Z] [WARN ] GoldR.org parsed but data invalid
[2026-07-25T03:14:43.073Z] [INFO ] Trying Strategy 3: bdgoldprice.com...
[2026-07-25T03:14:43.403Z] [INFO ] Trying Strategy 4: Wayback Machine...
[2026-07-25T03:14:48.798Z] [WARN ] Wayback failed: No snapshot
[2026-07-25T03:14:48.799Z] [INFO ] Using cached prices from 2026-07-24 (20h old)
[2026-07-25T03:14:48.800Z] [WARN ] ALL LIVE SOURCES FAILED — Using cached prices (mandatory fallback)
[2026-07-25T03:14:48.801Z] [INFO ] Fetching international prices...
[2026-07-25T03:14:49.430Z] [INFO ] Gold: no change — skipping append
[2026-07-25T03:14:49.431Z] [INFO ] Silver: no change — skipping append
[2026-07-25T03:14:49.432Z] [INFO ] Intl: appended entry #311
[2026-07-25T03:14:49.448Z] [INFO ] latest.json written | Final source: cache
[2026-07-25T03:14:49.449Z] [INFO ] ══════════════════════════════════════════════
[2026-07-25T06:01:58.799Z] [INFO ] ══════════════════════════════════════════════
[2026-07-25T06:01:58.801Z] [INFO ] SonarGold Scraper v4.0 starting...
[2026-07-25T06:01:58.802Z] [INFO ] Mode: LIVE
[2026-07-25T06:01:58.803Z] [INFO ] ══════════════════════════════════════════════
[2026-07-25T06:01:58.805Z] [INFO ] History size — Gold: 243, Silver: 232, Intl: 311
[2026-07-25T06:01:58.810Z] [INFO ] ════════════════════════════════
[2026-07-25T06:01:58.811Z] [INFO ] Starting BAJUS scrape v4.0 (sequential)...
[2026-07-25T06:01:58.811Z] [INFO ] Trying Strategy 1: BAJUSCTG API...
[2026-07-25T06:01:59.242Z] [INFO ] ✓ BAJUSCTG success: 22K gram ≈ 18935
[2026-07-25T06:01:59.243Z] [INFO ] SUCCESS — Source: bajusctg-api
[2026-07-25T06:01:59.244Z] [INFO ] Fetching international prices...
[2026-07-25T06:01:59.833Z] [INFO ] Gold: no change — skipping append
[2026-07-25T06:01:59.834Z] [INFO ] Silver: no change — skipping append
[2026-07-25T06:01:59.835Z] [INFO ] Intl: no change — skipping append
[2026-07-25T06:02:00.168Z] [INFO ] latest.json written | Final source: bajusctg-api
[2026-07-25T06:02:00.169Z] [INFO ] ══════════════════════════════════════════════
[2026-07-25T08:31:03.092Z] [INFO ] ══════════════════════════════════════════════
[2026-07-25T08:31:03.094Z] [INFO ] SonarGold Scraper v4.0 starting...
[2026-07-25T08:31:03.096Z] [INFO ] Mode: LIVE
[2026-07-25T08:31:03.097Z] [INFO ] ══════════════════════════════════════════════
[2026-07-25T08:31:03.099Z] [INFO ] History size — Gold: 243, Silver: 232, Intl: 311
[2026-07-25T08:31:03.103Z] [INFO ] ════════════════════════════════
[2026-07-25T08:31:03.104Z] [INFO ] Starting BAJUS scrape v4.0 (sequential)...
[2026-07-25T08:31:03.105Z] [INFO ] Trying Strategy 1: BAJUSCTG API...
[2026-07-25T08:31:03.423Z] [INFO ] ✓ BAJUSCTG success: 22K gram ≈ 18935
[2026-07-25T08:31:03.425Z] [INFO ] SUCCESS — Source: bajusctg-api
[2026-07-25T08:31:03.426Z] [INFO ] Fetching international prices...
[2026-07-25T08:31:03.688Z] [INFO ] Gold: no change — skipping append
[2026-07-25T08:31:03.688Z] [INFO ] Silver: no change — skipping append
[2026-07-25T08:31:03.689Z] [INFO ] Intl: no change — skipping append
[2026-07-25T08:31:03.704Z] [INFO ] latest.json written | Final source: bajusctg-api
[2026-07-25T08:31:03.705Z] [INFO ] ══════════════════════════════════════════════
[2026-07-25T12:04:36.378Z] [INFO ] ══════════════════════════════════════════════
[2026-07-25T12:04:36.381Z] [INFO ] SonarGold Scraper v4.0 starting...
[2026-07-25T12:04:36.382Z] [INFO ] Mode: LIVE
[2026-07-25T12:04:36.382Z] [INFO ] ══════════════════════════════════════════════
[2026-07-25T12:04:36.385Z] [INFO ] History size — Gold: 243, Silver: 232, Intl: 311
[2026-07-25T12:04:36.388Z] [INFO ] ════════════════════════════════
[2026-07-25T12:04:36.389Z] [INFO ] Starting BAJUS scrape v4.0 (sequential)...
[2026-07-25T12:04:36.389Z] [INFO ] Trying Strategy 1: BAJUSCTG API...
[2026-07-25T12:04:36.840Z] [INFO ] ✓ BAJUSCTG success: 22K gram ≈ 18935
[2026-07-25T12:04:36.841Z] [INFO ] SUCCESS — Source: bajusctg-api
[2026-07-25T12:04:36.842Z] [INFO ] Fetching international prices...
[2026-07-25T12:04:37.333Z] [INFO ] Gold: no change — skipping append
[2026-07-25T12:04:37.334Z] [INFO ] Silver: no change — skipping append
[2026-07-25T12:04:37.334Z] [INFO ] Intl: no change — skipping append
[2026-07-25T12:04:37.942Z] [INFO ] latest.json written | Final source: bajusctg-api
[2026-07-25T12:04:37.943Z] [INFO ] ══════════════════════════════════════════════
[2026-07-25T14:10:39.198Z] [INFO ] ══════════════════════════════════════════════
[2026-07-25T14:10:39.200Z] [INFO ] SonarGold Scraper v4.0 starting...
[2026-07-25T14:10:39.201Z] [INFO ] Mode: LIVE
[2026-07-25T14:10:39.202Z] [INFO ] ══════════════════════════════════════════════
[2026-07-25T14:10:39.204Z] [INFO ] History size — Gold: 243, Silver: 232, Intl: 311
[2026-07-25T14:10:39.205Z] [INFO ] ════════════════════════════════
[2026-07-25T14:10:39.207Z] [INFO ] Starting BAJUS scrape v4.0 (sequential)...
[2026-07-25T14:10:39.208Z] [INFO ] Trying Strategy 1: BAJUSCTG API...
[2026-07-25T14:10:39.821Z] [WARN ] BAJUSCTG API failed: HTTP 401
[2026-07-25T14:10:39.822Z] [INFO ] Trying BAJUSCTG HTML fallback...
[2026-07-25T14:10:40.474Z] [WARN ] BAJUSCTG HTML failed: HTTP 401
[2026-07-25T14:10:40.475Z] [INFO ] Trying Strategy 2: GoldR.org homepage...
[2026-07-25T14:10:40.797Z] [WARN ] GoldR.org parsed but data invalid
[2026-07-25T14:10:40.798Z] [INFO ] Trying Strategy 3: bdgoldprice.com...
[2026-07-25T14:10:40.989Z] [INFO ] Trying Strategy 4: Wayback Machine...
[2026-07-25T14:10:42.472Z] [INFO ] Using cached prices from 2026-07-24 (31h old)
[2026-07-25T14:10:42.473Z] [WARN ] ALL LIVE SOURCES FAILED — Using cached prices (mandatory fallback)
[2026-07-25T14:10:42.473Z] [INFO ] Fetching international prices...
[2026-07-25T14:10:43.063Z] [INFO ] Gold: no change — skipping append
[2026-07-25T14:10:43.065Z] [INFO ] Silver: no change — skipping append
[2026-07-25T14:10:43.065Z] [INFO ] Intl: no change — skipping append
[2026-07-25T14:10:43.080Z] [INFO ] latest.json written | Final source: cache
[2026-07-25T14:10:43.081Z] [INFO ] ══════════════════════════════════════════════
[2026-07-25T15:41:54.381Z] [INFO ] ══════════════════════════════════════════════
[2026-07-25T15:41:54.383Z] [INFO ] SonarGold Scraper v4.0 starting...
[2026-07-25T15:41:54.384Z] [INFO ] Mode: LIVE
[2026-07-25T15:41:54.385Z] [INFO ] ══════════════════════════════════════════════
[2026-07-25T15:41:54.387Z] [INFO ] History size — Gold: 243, Silver: 232, Intl: 311
[2026-07-25T15:41:54.390Z] [INFO ] ════════════════════════════════
[2026-07-25T15:41:54.391Z] [INFO ] Starting BAJUS scrape v4.0 (sequential)...
[2026-07-25T15:41:54.391Z] [INFO ] Trying Strategy 1: BAJUSCTG API...
[2026-07-25T15:41:55.217Z] [INFO ] ✓ BAJUSCTG success: 22K gram ≈ 18935
[2026-07-25T15:41:55.218Z] [INFO ] SUCCESS — Source: bajusctg-api
[2026-07-25T15:41:55.219Z] [INFO ] Fetching international prices...
[2026-07-25T15:41:55.810Z] [INFO ] Gold: no change — skipping append
[2026-07-25T15:41:55.811Z] [INFO ] Silver: no change — skipping append
[2026-07-25T15:41:55.812Z] [INFO ] Intl: no change — skipping append
[2026-07-25T15:41:55.827Z] [INFO ] latest.json written | Final source: bajusctg-api
[2026-07-25T15:41:55.827Z] [INFO ] ══════════════════════════════════════════════
[2026-07-25T17:03:41.706Z] [INFO ] ══════════════════════════════════════════════
[2026-07-25T17:03:41.708Z] [INFO ] SonarGold Scraper v4.0 starting...
[2026-07-25T17:03:41.709Z] [INFO ] Mode: LIVE
[2026-07-25T17:03:41.710Z] [INFO ] ══════════════════════════════════════════════
[2026-07-25T17:03:41.713Z] [INFO ] History size — Gold: 243, Silver: 232, Intl: 311
[2026-07-25T17:03:41.715Z] [INFO ] ════════════════════════════════
[2026-07-25T17:03:41.719Z] [INFO ] Starting BAJUS scrape v4.0 (sequential)...
[2026-07-25T17:03:41.721Z] [INFO ] Trying Strategy 1: BAJUSCTG API...
[2026-07-25T17:03:42.160Z] [INFO ] ✓ BAJUSCTG success: 22K gram ≈ 18935
[2026-07-25T17:03:42.161Z] [INFO ] SUCCESS — Source: bajusctg-api
[2026-07-25T17:03:42.161Z] [INFO ] Fetching international prices...
[2026-07-25T17:03:42.799Z] [INFO ] Gold: no change — skipping append
[2026-07-25T17:03:42.800Z] [INFO ] Silver: no change — skipping append
[2026-07-25T17:03:42.801Z] [INFO ] Intl: no change — skipping append
[2026-07-25T17:03:42.816Z] [INFO ] latest.json written | Final source: bajusctg-api
[2026-07-25T17:03:42.816Z] [INFO ] ══════════════════════════════════════════════
[2026-07-25T18:27:55.071Z] [INFO ] ══════════════════════════════════════════════
[2026-07-25T18:27:55.072Z] [INFO ] SonarGold Scraper v4.0 starting...
[2026-07-25T18:27:55.073Z] [INFO ] Mode: LIVE
[2026-07-25T18:27:55.073Z] [INFO ] ══════════════════════════════════════════════
[2026-07-25T18:27:55.074Z] [INFO ] History size — Gold: 243, Silver: 232, Intl: 311
[2026-07-25T18:27:55.076Z] [INFO ] ════════════════════════════════
[2026-07-25T18:27:55.077Z] [INFO ] Starting BAJUS scrape v4.0 (sequential)...
[2026-07-25T18:27:55.077Z] [INFO ] Trying Strategy 1: BAJUSCTG API...
[2026-07-25T18:27:55.953Z] [INFO ] ✓ BAJUSCTG success: 22K gram ≈ 18935
[2026-07-25T18:27:55.954Z] [INFO ] SUCCESS — Source: bajusctg-api
[2026-07-25T18:27:55.954Z] [INFO ] Fetching international prices...
[2026-07-25T18:27:56.458Z] [INFO ] Gold: no change — skipping append
[2026-07-25T18:27:56.458Z] [INFO ] Silver: no change — skipping append
[2026-07-25T18:27:56.459Z] [INFO ] Intl: no change — skipping append
[2026-07-25T18:27:56.468Z] [INFO ] latest.json written | Final source: bajusctg-api
[2026-07-25T18:27:56.469Z] [INFO ] ══════════════════════════════════════════════
[2026-07-25T19:47:11.066Z] [INFO ] ══════════════════════════════════════════════
[2026-07-25T19:47:11.068Z] [INFO ] SonarGold Scraper v4.0 starting...
[2026-07-25T19:47:11.069Z] [INFO ] Mode: LIVE
[2026-07-25T19:47:11.070Z] [INFO ] ══════════════════════════════════════════════
[2026-07-25T19:47:11.072Z] [INFO ] History size — Gold: 243, Silver: 232, Intl: 311
[2026-07-25T19:47:11.075Z] [INFO ] ════════════════════════════════
[2026-07-25T19:47:11.076Z] [INFO ] Starting BAJUS scrape v4.0 (sequential)...
[2026-07-25T19:47:11.077Z] [INFO ] Trying Strategy 1: BAJUSCTG API...
[2026-07-25T19:47:12.057Z] [INFO ] ✓ BAJUSCTG success: 22K gram ≈ 18935
[2026-07-25T19:47:12.058Z] [INFO ] SUCCESS — Source: bajusctg-api
[2026-07-25T19:47:12.059Z] [INFO ] Fetching international prices...
[2026-07-25T19:47:13.129Z] [INFO ] Gold: no change — skipping append
[2026-07-25T19:47:13.130Z] [INFO ] Silver: no change — skipping append
[2026-07-25T19:47:13.131Z] [INFO ] Intl: no change — skipping append
[2026-07-25T19:47:13.171Z] [INFO ] latest.json written | Final source: bajusctg-api
[2026-07-25T19:47:13.172Z] [INFO ] ══════════════════════════════════════════════
