[2026-08-04T01:00:55.939Z] [INFO ] ══════════════════════════════════════════════
[2026-08-04T01:00:55.941Z] [INFO ] SonarGold Scraper v4.0 starting...
[2026-08-04T01:00:55.942Z] [INFO ] Mode: LIVE
[2026-08-04T01:00:55.943Z] [INFO ] ══════════════════════════════════════════════
[2026-08-04T01:00:55.946Z] [INFO ] History size — Gold: 246, Silver: 234, Intl: 320
[2026-08-04T01:00:55.947Z] [INFO ] ════════════════════════════════
[2026-08-04T01:00:55.949Z] [INFO ] Starting BAJUS scrape v4.0 (sequential)...
[2026-08-04T01:00:55.950Z] [INFO ] Trying Strategy 1: BAJUSCTG API...
[2026-08-04T01:00:56.377Z] [INFO ] ✓ BAJUSCTG success: 22K gram ≈ 19125
[2026-08-04T01:00:56.378Z] [INFO ] SUCCESS — Source: bajusctg-api
[2026-08-04T01:00:56.379Z] [INFO ] Fetching international prices...
[2026-08-04T01:00:57.025Z] [INFO ] Gold: no change — skipping append
[2026-08-04T01:00:57.026Z] [INFO ] Silver: no change — skipping append
[2026-08-04T01:00:57.027Z] [INFO ] Intl: appended entry #321
[2026-08-04T01:00:57.043Z] [INFO ] latest.json written | Final source: bajusctg-api
[2026-08-04T01:00:57.043Z] [INFO ] ══════════════════════════════════════════════
[2026-08-04T04:45:06.448Z] [INFO ] ══════════════════════════════════════════════
[2026-08-04T04:45:06.450Z] [INFO ] SonarGold Scraper v4.0 starting...
[2026-08-04T04:45:06.451Z] [INFO ] Mode: LIVE
[2026-08-04T04:45:06.452Z] [INFO ] ══════════════════════════════════════════════
[2026-08-04T04:45:06.454Z] [INFO ] History size — Gold: 246, Silver: 234, Intl: 321
[2026-08-04T04:45:06.456Z] [INFO ] ════════════════════════════════
[2026-08-04T04:45:06.458Z] [INFO ] Starting BAJUS scrape v4.0 (sequential)...
[2026-08-04T04:45:06.459Z] [INFO ] Trying Strategy 1: BAJUSCTG API...
[2026-08-04T04:45:07.277Z] [INFO ] ✓ BAJUSCTG success: 22K gram ≈ 19125
[2026-08-04T04:45:07.278Z] [INFO ] SUCCESS — Source: bajusctg-api
[2026-08-04T04:45:07.279Z] [INFO ] Fetching international prices...
[2026-08-04T04:45:07.799Z] [INFO ] Gold: no change — skipping append
[2026-08-04T04:45:07.800Z] [INFO ] Silver: no change — skipping append
[2026-08-04T04:45:07.801Z] [INFO ] Intl: updated same-day entry
[2026-08-04T04:45:07.816Z] [INFO ] latest.json written | Final source: bajusctg-api
[2026-08-04T04:45:07.817Z] [INFO ] ══════════════════════════════════════════════
[2026-08-04T07:42:38.783Z] [INFO ] ══════════════════════════════════════════════
[2026-08-04T07:42:38.785Z] [INFO ] SonarGold Scraper v4.0 starting...
[2026-08-04T07:42:38.785Z] [INFO ] Mode: LIVE
[2026-08-04T07:42:38.786Z] [INFO ] ══════════════════════════════════════════════
[2026-08-04T07:42:38.787Z] [INFO ] History size — Gold: 246, Silver: 234, Intl: 321
[2026-08-04T07:42:38.789Z] [INFO ] ════════════════════════════════
[2026-08-04T07:42:38.790Z] [INFO ] Starting BAJUS scrape v4.0 (sequential)...
[2026-08-04T07:42:38.790Z] [INFO ] Trying Strategy 1: BAJUSCTG API...
[2026-08-04T07:42:39.808Z] [INFO ] ✓ BAJUSCTG success: 22K gram ≈ 19125
[2026-08-04T07:42:39.809Z] [INFO ] SUCCESS — Source: bajusctg-api
[2026-08-04T07:42:39.810Z] [INFO ] Fetching international prices...
[2026-08-04T07:42:40.270Z] [INFO ] Gold: no change — skipping append
[2026-08-04T07:42:40.271Z] [INFO ] Silver: no change — skipping append
[2026-08-04T07:42:40.271Z] [INFO ] Intl: updated same-day entry
[2026-08-04T07:42:40.282Z] [INFO ] latest.json written | Final source: bajusctg-api
[2026-08-04T07:42:40.282Z] [INFO ] ══════════════════════════════════════════════
[2026-08-04T10:43:52.976Z] [INFO ] ══════════════════════════════════════════════
[2026-08-04T10:43:52.978Z] [INFO ] SonarGold Scraper v4.0 starting...
[2026-08-04T10:43:52.979Z] [INFO ] Mode: LIVE
[2026-08-04T10:43:52.980Z] [INFO ] ══════════════════════════════════════════════
[2026-08-04T10:43:52.983Z] [INFO ] History size — Gold: 246, Silver: 234, Intl: 321
[2026-08-04T10:43:52.985Z] [INFO ] ════════════════════════════════
[2026-08-04T10:43:52.987Z] [INFO ] Starting BAJUS scrape v4.0 (sequential)...
[2026-08-04T10:43:52.988Z] [INFO ] Trying Strategy 1: BAJUSCTG API...
[2026-08-04T10:43:53.309Z] [INFO ] ✓ BAJUSCTG success: 22K gram ≈ 19125
[2026-08-04T10:43:53.310Z] [INFO ] SUCCESS — Source: bajusctg-api
[2026-08-04T10:43:53.312Z] [INFO ] Fetching international prices...
[2026-08-04T10:43:54.083Z] [INFO ] Gold: no change — skipping append
[2026-08-04T10:43:54.084Z] [INFO ] Silver: no change — skipping append
[2026-08-04T10:43:54.085Z] [INFO ] Intl: updated same-day entry
[2026-08-04T10:43:54.101Z] [INFO ] latest.json written | Final source: bajusctg-api
[2026-08-04T10:43:54.102Z] [INFO ] ══════════════════════════════════════════════
[2026-08-04T13:05:08.374Z] [INFO ] ══════════════════════════════════════════════
[2026-08-04T13:05:08.376Z] [INFO ] SonarGold Scraper v4.0 starting...
[2026-08-04T13:05:08.378Z] [INFO ] Mode: LIVE
[2026-08-04T13:05:08.379Z] [INFO ] ══════════════════════════════════════════════
[2026-08-04T13:05:08.382Z] [INFO ] History size — Gold: 246, Silver: 234, Intl: 321
[2026-08-04T13:05:08.385Z] [INFO ] ════════════════════════════════
[2026-08-04T13:05:08.386Z] [INFO ] Starting BAJUS scrape v4.0 (sequential)...
[2026-08-04T13:05:08.387Z] [INFO ] Trying Strategy 1: BAJUSCTG API...
[2026-08-04T13:05:08.860Z] [INFO ] ✓ BAJUSCTG success: 22K gram ≈ 19125
[2026-08-04T13:05:08.861Z] [INFO ] SUCCESS — Source: bajusctg-api
[2026-08-04T13:05:08.862Z] [INFO ] Fetching international prices...
[2026-08-04T13:05:09.542Z] [INFO ] Gold: no change — skipping append
[2026-08-04T13:05:09.543Z] [INFO ] Silver: no change — skipping append
[2026-08-04T13:05:09.544Z] [INFO ] Intl: updated same-day entry
[2026-08-04T13:05:09.562Z] [INFO ] latest.json written | Final source: bajusctg-api
[2026-08-04T13:05:09.563Z] [INFO ] ══════════════════════════════════════════════
[2026-08-04T15:56:48.969Z] [INFO ] ══════════════════════════════════════════════
[2026-08-04T15:56:48.971Z] [INFO ] SonarGold Scraper v4.0 starting...
[2026-08-04T15:56:48.972Z] [INFO ] Mode: LIVE
[2026-08-04T15:56:48.973Z] [INFO ] ══════════════════════════════════════════════
[2026-08-04T15:56:48.976Z] [INFO ] History size — Gold: 246, Silver: 234, Intl: 321
[2026-08-04T15:56:48.979Z] [INFO ] ════════════════════════════════
[2026-08-04T15:56:48.979Z] [INFO ] Starting BAJUS scrape v4.0 (sequential)...
[2026-08-04T15:56:48.980Z] [INFO ] Trying Strategy 1: BAJUSCTG API...
[2026-08-04T15:56:49.835Z] [INFO ] ✓ BAJUSCTG success: 22K gram ≈ 19125
[2026-08-04T15:56:49.836Z] [INFO ] SUCCESS — Source: bajusctg-api
[2026-08-04T15:56:49.837Z] [INFO ] Fetching international prices...
[2026-08-04T15:56:50.158Z] [INFO ] Gold: no change — skipping append
[2026-08-04T15:56:50.158Z] [INFO ] Silver: no change — skipping append
[2026-08-04T15:56:50.159Z] [INFO ] Intl: updated same-day entry
[2026-08-04T15:56:50.175Z] [INFO ] latest.json written | Final source: bajusctg-api
[2026-08-04T15:56:50.176Z] [INFO ] ══════════════════════════════════════════════
[2026-08-04T17:57:26.584Z] [INFO ] ══════════════════════════════════════════════
[2026-08-04T17:57:26.588Z] [INFO ] SonarGold Scraper v4.0 starting...
[2026-08-04T17:57:26.589Z] [INFO ] Mode: LIVE
[2026-08-04T17:57:26.591Z] [INFO ] ══════════════════════════════════════════════
[2026-08-04T17:57:26.595Z] [INFO ] History size — Gold: 246, Silver: 234, Intl: 321
[2026-08-04T17:57:26.597Z] [INFO ] ════════════════════════════════
[2026-08-04T17:57:26.603Z] [INFO ] Starting BAJUS scrape v4.0 (sequential)...
[2026-08-04T17:57:26.604Z] [INFO ] Trying Strategy 1: BAJUSCTG API...
[2026-08-04T17:57:26.967Z] [INFO ] ✓ BAJUSCTG success: 22K gram ≈ 19125
[2026-08-04T17:57:26.968Z] [INFO ] SUCCESS — Source: bajusctg-api
[2026-08-04T17:57:26.970Z] [INFO ] Fetching international prices...
[2026-08-04T17:57:27.457Z] [INFO ] Gold: no change — skipping append
[2026-08-04T17:57:27.458Z] [INFO ] Silver: no change — skipping append
[2026-08-04T17:57:27.459Z] [INFO ] Intl: updated same-day entry
[2026-08-04T17:57:27.474Z] [INFO ] latest.json written | Final source: bajusctg-api
[2026-08-04T17:57:27.475Z] [INFO ] ══════════════════════════════════════════════
[2026-08-04T19:47:46.707Z] [INFO ] ══════════════════════════════════════════════
[2026-08-04T19:47:46.709Z] [INFO ] SonarGold Scraper v4.0 starting...
[2026-08-04T19:47:46.711Z] [INFO ] Mode: LIVE
[2026-08-04T19:47:46.712Z] [INFO ] ══════════════════════════════════════════════
[2026-08-04T19:47:46.714Z] [INFO ] History size — Gold: 246, Silver: 234, Intl: 321
[2026-08-04T19:47:46.715Z] [INFO ] ════════════════════════════════
[2026-08-04T19:47:46.717Z] [INFO ] Starting BAJUS scrape v4.0 (sequential)...
[2026-08-04T19:47:46.718Z] [INFO ] Trying Strategy 1: BAJUSCTG API...
[2026-08-04T19:47:47.029Z] [INFO ] ✓ BAJUSCTG success: 22K gram ≈ 19125
[2026-08-04T19:47:47.030Z] [INFO ] SUCCESS — Source: bajusctg-api
[2026-08-04T19:47:47.031Z] [INFO ] Fetching international prices...
[2026-08-04T19:47:47.731Z] [INFO ] Gold: no change — skipping append
[2026-08-04T19:47:47.732Z] [INFO ] Silver: no change — skipping append
[2026-08-04T19:47:47.733Z] [INFO ] Intl: updated same-day entry
[2026-08-04T19:47:47.748Z] [INFO ] latest.json written | Final source: bajusctg-api
[2026-08-04T19:47:47.749Z] [INFO ] ══════════════════════════════════════════════
[2026-08-04T21:16:34.181Z] [INFO ] ══════════════════════════════════════════════
[2026-08-04T21:16:34.183Z] [INFO ] SonarGold Scraper v4.0 starting...
[2026-08-04T21:16:34.184Z] [INFO ] Mode: LIVE
[2026-08-04T21:16:34.185Z] [INFO ] ══════════════════════════════════════════════
[2026-08-04T21:16:34.187Z] [INFO ] History size — Gold: 246, Silver: 234, Intl: 321
[2026-08-04T21:16:34.191Z] [INFO ] ════════════════════════════════
[2026-08-04T21:16:34.191Z] [INFO ] Starting BAJUS scrape v4.0 (sequential)...
[2026-08-04T21:16:34.192Z] [INFO ] Trying Strategy 1: BAJUSCTG API...
[2026-08-04T21:16:35.619Z] [INFO ] ✓ BAJUSCTG success: 22K gram ≈ 19125
[2026-08-04T21:16:35.620Z] [INFO ] SUCCESS — Source: bajusctg-api
[2026-08-04T21:16:35.621Z] [INFO ] Fetching international prices...
[2026-08-04T21:16:35.960Z] [INFO ] Gold: no change — skipping append
[2026-08-04T21:16:35.961Z] [INFO ] Silver: no change — skipping append
[2026-08-04T21:16:35.962Z] [INFO ] Intl: updated same-day entry
[2026-08-04T21:16:35.977Z] [INFO ] latest.json written | Final source: bajusctg-api
[2026-08-04T21:16:35.978Z] [INFO ] ══════════════════════════════════════════════
[2026-08-04T22:36:51.557Z] [INFO ] ══════════════════════════════════════════════
[2026-08-04T22:36:51.559Z] [INFO ] SonarGold Scraper v4.0 starting...
[2026-08-04T22:36:51.561Z] [INFO ] Mode: LIVE
[2026-08-04T22:36:51.562Z] [INFO ] ══════════════════════════════════════════════
[2026-08-04T22:36:51.564Z] [INFO ] History size — Gold: 246, Silver: 234, Intl: 321
[2026-08-04T22:36:51.565Z] [INFO ] ════════════════════════════════
[2026-08-04T22:36:51.568Z] [INFO ] Starting BAJUS scrape v4.0 (sequential)...
[2026-08-04T22:36:51.568Z] [INFO ] Trying Strategy 1: BAJUSCTG API...
[2026-08-04T22:36:51.891Z] [INFO ] ✓ BAJUSCTG success: 22K gram ≈ 19125
[2026-08-04T22:36:51.892Z] [INFO ] SUCCESS — Source: bajusctg-api
[2026-08-04T22:36:51.893Z] [INFO ] Fetching international prices...
[2026-08-04T22:36:52.832Z] [INFO ] Gold: no change — skipping append
[2026-08-04T22:36:52.833Z] [INFO ] Silver: no change — skipping append
[2026-08-04T22:36:52.834Z] [INFO ] Intl: updated same-day entry
[2026-08-04T22:36:52.850Z] [INFO ] latest.json written | Final source: bajusctg-api
[2026-08-04T22:36:52.851Z] [INFO ] ══════════════════════════════════════════════
