[2026-10-04T05:09:27.674Z] [INFO ] ══════════════════════════════════════════════
[2026-10-04T05:09:27.677Z] [INFO ] SonarGold Scraper v4.4 (Fixed Alamin) starting...
[2026-10-04T05:09:27.679Z] [INFO ] Mode: LIVE
[2026-10-04T05:09:27.680Z] [INFO ] ══════════════════════════════════════════════
[2026-10-04T05:09:27.683Z] [INFO ] History size — Gold: 260, Silver: 241, Intl: 381
[2026-10-04T05:09:27.686Z] [INFO ] ════════════════════════════════
[2026-10-04T05:09:27.687Z] [INFO ] Starting BAJUS scrape v4.4 (Fixed Alamin)...
[2026-10-04T05:09:27.688Z] [INFO ] Trying Strategy 1: alaminjewellers.com...
[2026-10-04T05:09:28.165Z] [INFO ] ✓ alaminjewellers (fallback) success: 22K = 19970
[2026-10-04T05:09:28.166Z] [INFO ] SUCCESS — Source: alamin
[2026-10-04T05:09:28.167Z] [INFO ] Fetching international prices...
[2026-10-04T05:09:28.605Z] [INFO ] Gold: no change — skipping append
[2026-10-04T05:09:28.606Z] [INFO ] Silver: no change — skipping append
[2026-10-04T05:09:28.607Z] [INFO ] Intl: appended entry #382
[2026-10-04T05:09:28.623Z] [INFO ] latest.json written | Final source: alamin
[2026-10-04T05:09:28.624Z] [INFO ] ══════════════════════════════════════════════
[2026-10-04T11:14:02.147Z] [INFO ] ══════════════════════════════════════════════
[2026-10-04T11:14:02.150Z] [INFO ] SonarGold Scraper v4.4 (Fixed Alamin) starting...
[2026-10-04T11:14:02.151Z] [INFO ] Mode: LIVE
[2026-10-04T11:14:02.153Z] [INFO ] ══════════════════════════════════════════════
[2026-10-04T11:14:02.155Z] [INFO ] History size — Gold: 260, Silver: 241, Intl: 382
[2026-10-04T11:14:02.158Z] [INFO ] ════════════════════════════════
[2026-10-04T11:14:02.159Z] [INFO ] Starting BAJUS scrape v4.4 (Fixed Alamin)...
[2026-10-04T11:14:02.160Z] [INFO ] Trying Strategy 1: alaminjewellers.com...
[2026-10-04T11:14:02.708Z] [INFO ] ✓ alaminjewellers (fallback) success: 22K = 19970
[2026-10-04T11:14:02.710Z] [INFO ] SUCCESS — Source: alamin
[2026-10-04T11:14:02.711Z] [INFO ] Fetching international prices...
[2026-10-04T11:14:03.323Z] [INFO ] Gold: no change — skipping append
[2026-10-04T11:14:03.325Z] [INFO ] Silver: no change — skipping append
[2026-10-04T11:14:03.326Z] [INFO ] Intl: no change — skipping append
[2026-10-04T11:14:03.341Z] [INFO ] latest.json written | Final source: alamin
[2026-10-04T11:14:03.343Z] [INFO ] ══════════════════════════════════════════════
[2026-10-04T15:56:02.612Z] [INFO ] ══════════════════════════════════════════════
[2026-10-04T15:56:02.614Z] [INFO ] SonarGold Scraper v4.4 (Fixed Alamin) starting...
[2026-10-04T15:56:02.616Z] [INFO ] Mode: LIVE
[2026-10-04T15:56:02.617Z] [INFO ] ══════════════════════════════════════════════
[2026-10-04T15:56:02.620Z] [INFO ] History size — Gold: 260, Silver: 241, Intl: 382
[2026-10-04T15:56:02.622Z] [INFO ] ════════════════════════════════
[2026-10-04T15:56:02.623Z] [INFO ] Starting BAJUS scrape v4.4 (Fixed Alamin)...
[2026-10-04T15:56:02.624Z] [INFO ] Trying Strategy 1: alaminjewellers.com...
[2026-10-04T15:56:03.004Z] [INFO ] ✓ alaminjewellers (fallback) success: 22K = 19970
[2026-10-04T15:56:03.006Z] [INFO ] SUCCESS — Source: alamin
[2026-10-04T15:56:03.007Z] [INFO ] Fetching international prices...
[2026-10-04T15:56:03.784Z] [INFO ] Gold: no change — skipping append
[2026-10-04T15:56:03.785Z] [INFO ] Silver: no change — skipping append
[2026-10-04T15:56:03.786Z] [INFO ] Intl: no change — skipping append
[2026-10-04T15:56:03.801Z] [INFO ] latest.json written | Final source: alamin
[2026-10-04T15:56:03.803Z] [INFO ] ══════════════════════════════════════════════
[2026-10-04T19:24:06.968Z] [INFO ] ══════════════════════════════════════════════
[2026-10-04T19:24:06.970Z] [INFO ] SonarGold Scraper v4.4 (Fixed Alamin) starting...
[2026-10-04T19:24:06.972Z] [INFO ] Mode: LIVE
[2026-10-04T19:24:06.974Z] [INFO ] ══════════════════════════════════════════════
[2026-10-04T19:24:06.976Z] [INFO ] History size — Gold: 260, Silver: 241, Intl: 382
[2026-10-04T19:24:06.979Z] [INFO ] ════════════════════════════════
[2026-10-04T19:24:06.980Z] [INFO ] Starting BAJUS scrape v4.4 (Fixed Alamin)...
[2026-10-04T19:24:06.981Z] [INFO ] Trying Strategy 1: alaminjewellers.com...
[2026-10-04T19:24:07.628Z] [INFO ] ✓ alaminjewellers (fallback) success: 22K = 19970
[2026-10-04T19:24:07.630Z] [INFO ] SUCCESS — Source: alamin
[2026-10-04T19:24:07.631Z] [INFO ] Fetching international prices...
[2026-10-04T19:24:08.231Z] [INFO ] Gold: no change — skipping append
[2026-10-04T19:24:08.233Z] [INFO ] Silver: no change — skipping append
[2026-10-04T19:24:08.234Z] [INFO ] Intl: no change — skipping append
[2026-10-04T19:24:08.249Z] [INFO ] latest.json written | Final source: alamin
[2026-10-04T19:24:08.250Z] [INFO ] ══════════════════════════════════════════════
[2026-10-04T22:27:20.637Z] [INFO ] ══════════════════════════════════════════════
[2026-10-04T22:27:20.640Z] [INFO ] SonarGold Scraper v4.4 (Fixed Alamin) starting...
[2026-10-04T22:27:20.642Z] [INFO ] Mode: LIVE
[2026-10-04T22:27:20.643Z] [INFO ] ══════════════════════════════════════════════
[2026-10-04T22:27:20.646Z] [INFO ] History size — Gold: 260, Silver: 241, Intl: 382
[2026-10-04T22:27:20.648Z] [INFO ] ════════════════════════════════
[2026-10-04T22:27:20.649Z] [INFO ] Starting BAJUS scrape v4.4 (Fixed Alamin)...
[2026-10-04T22:27:20.650Z] [INFO ] Trying Strategy 1: alaminjewellers.com...
[2026-10-04T22:27:21.309Z] [INFO ] ✓ alaminjewellers (fallback) success: 22K = 19970
[2026-10-04T22:27:21.310Z] [INFO ] SUCCESS — Source: alamin
[2026-10-04T22:27:21.312Z] [INFO ] Fetching international prices...
[2026-10-04T22:27:21.902Z] [INFO ] Gold: no change — skipping append
[2026-10-04T22:27:21.903Z] [INFO ] Silver: no change — skipping append
[2026-10-04T22:27:21.904Z] [INFO ] Intl: updated same-day entry
[2026-10-04T22:27:21.920Z] [INFO ] latest.json written | Final source: alamin
[2026-10-04T22:27:21.922Z] [INFO ] ══════════════════════════════════════════════
