[2026-09-18T00:41:15.572Z] [INFO ] ══════════════════════════════════════════════
[2026-09-18T00:41:15.574Z] [INFO ] SonarGold Scraper v4.4 (Fixed Alamin) starting...
[2026-09-18T00:41:15.575Z] [INFO ] Mode: LIVE
[2026-09-18T00:41:15.576Z] [INFO ] ══════════════════════════════════════════════
[2026-09-18T00:41:15.580Z] [INFO ] History size — Gold: 260, Silver: 241, Intl: 365
[2026-09-18T00:41:15.581Z] [INFO ] ════════════════════════════════
[2026-09-18T00:41:15.581Z] [INFO ] Starting BAJUS scrape v4.4 (Fixed Alamin)...
[2026-09-18T00:41:15.582Z] [INFO ] Trying Strategy 1: alaminjewellers.com...
[2026-09-18T00:41:16.019Z] [INFO ] ✓ alaminjewellers (fallback) success: 22K = 19970
[2026-09-18T00:41:16.020Z] [INFO ] SUCCESS — Source: alamin
[2026-09-18T00:41:16.021Z] [INFO ] Fetching international prices...
[2026-09-18T00:41:16.335Z] [INFO ] Gold: no change — skipping append
[2026-09-18T00:41:16.336Z] [INFO ] Silver: no change — skipping append
[2026-09-18T00:41:16.337Z] [INFO ] Intl: appended entry #366
[2026-09-18T00:41:16.351Z] [INFO ] latest.json written | Final source: alamin
[2026-09-18T00:41:16.352Z] [INFO ] ══════════════════════════════════════════════
[2026-09-18T05:40:45.322Z] [INFO ] ══════════════════════════════════════════════
[2026-09-18T05:40:45.325Z] [INFO ] SonarGold Scraper v4.4 (Fixed Alamin) starting...
[2026-09-18T05:40:45.326Z] [INFO ] Mode: LIVE
[2026-09-18T05:40:45.328Z] [INFO ] ══════════════════════════════════════════════
[2026-09-18T05:40:45.332Z] [INFO ] History size — Gold: 260, Silver: 241, Intl: 366
[2026-09-18T05:40:45.333Z] [INFO ] ════════════════════════════════
[2026-09-18T05:40:45.335Z] [INFO ] Starting BAJUS scrape v4.4 (Fixed Alamin)...
[2026-09-18T05:40:45.336Z] [INFO ] Trying Strategy 1: alaminjewellers.com...
[2026-09-18T05:40:45.825Z] [INFO ] ✓ alaminjewellers (fallback) success: 22K = 19970
[2026-09-18T05:40:45.827Z] [INFO ] SUCCESS — Source: alamin
[2026-09-18T05:40:45.829Z] [INFO ] Fetching international prices...
[2026-09-18T05:40:46.411Z] [INFO ] Gold: no change — skipping append
[2026-09-18T05:40:46.412Z] [INFO ] Silver: no change — skipping append
[2026-09-18T05:40:46.413Z] [INFO ] Intl: updated same-day entry
[2026-09-18T05:40:46.429Z] [INFO ] latest.json written | Final source: alamin
[2026-09-18T05:40:46.430Z] [INFO ] ══════════════════════════════════════════════
[2026-09-18T10:53:05.771Z] [INFO ] ══════════════════════════════════════════════
[2026-09-18T10:53:05.775Z] [INFO ] SonarGold Scraper v4.4 (Fixed Alamin) starting...
[2026-09-18T10:53:05.778Z] [INFO ] Mode: LIVE
[2026-09-18T10:53:05.780Z] [INFO ] ══════════════════════════════════════════════
[2026-09-18T10:53:05.785Z] [INFO ] History size — Gold: 260, Silver: 241, Intl: 366
[2026-09-18T10:53:05.786Z] [INFO ] ════════════════════════════════
[2026-09-18T10:53:05.787Z] [INFO ] Starting BAJUS scrape v4.4 (Fixed Alamin)...
[2026-09-18T10:53:05.788Z] [INFO ] Trying Strategy 1: alaminjewellers.com...
[2026-09-18T10:53:06.306Z] [INFO ] ✓ alaminjewellers (fallback) success: 22K = 19970
[2026-09-18T10:53:06.307Z] [INFO ] SUCCESS — Source: alamin
[2026-09-18T10:53:06.309Z] [INFO ] Fetching international prices...
[2026-09-18T10:53:06.708Z] [INFO ] Gold: no change — skipping append
[2026-09-18T10:53:06.709Z] [INFO ] Silver: no change — skipping append
[2026-09-18T10:53:06.709Z] [INFO ] Intl: updated same-day entry
[2026-09-18T10:53:06.719Z] [INFO ] latest.json written | Final source: alamin
[2026-09-18T10:53:06.720Z] [INFO ] ══════════════════════════════════════════════
[2026-09-18T14:51:58.080Z] [INFO ] ══════════════════════════════════════════════
[2026-09-18T14:51:58.083Z] [INFO ] SonarGold Scraper v4.4 (Fixed Alamin) starting...
[2026-09-18T14:51:58.084Z] [INFO ] Mode: LIVE
[2026-09-18T14:51:58.086Z] [INFO ] ══════════════════════════════════════════════
[2026-09-18T14:51:58.090Z] [INFO ] History size — Gold: 260, Silver: 241, Intl: 366
[2026-09-18T14:51:58.092Z] [INFO ] ════════════════════════════════
[2026-09-18T14:51:58.093Z] [INFO ] Starting BAJUS scrape v4.4 (Fixed Alamin)...
[2026-09-18T14:51:58.094Z] [INFO ] Trying Strategy 1: alaminjewellers.com...
[2026-09-18T14:51:58.616Z] [INFO ] ✓ alaminjewellers (fallback) success: 22K = 19970
[2026-09-18T14:51:58.618Z] [INFO ] SUCCESS — Source: alamin
[2026-09-18T14:51:58.619Z] [INFO ] Fetching international prices...
[2026-09-18T14:51:58.988Z] [INFO ] Gold: no change — skipping append
[2026-09-18T14:51:58.990Z] [INFO ] Silver: no change — skipping append
[2026-09-18T14:51:58.991Z] [INFO ] Intl: updated same-day entry
[2026-09-18T14:51:59.007Z] [INFO ] latest.json written | Final source: alamin
[2026-09-18T14:51:59.008Z] [INFO ] ══════════════════════════════════════════════
[2026-09-18T18:11:29.963Z] [INFO ] ══════════════════════════════════════════════
[2026-09-18T18:11:29.965Z] [INFO ] SonarGold Scraper v4.4 (Fixed Alamin) starting...
[2026-09-18T18:11:29.967Z] [INFO ] Mode: LIVE
[2026-09-18T18:11:29.968Z] [INFO ] ══════════════════════════════════════════════
[2026-09-18T18:11:29.972Z] [INFO ] History size — Gold: 260, Silver: 241, Intl: 366
[2026-09-18T18:11:29.973Z] [INFO ] ════════════════════════════════
[2026-09-18T18:11:29.974Z] [INFO ] Starting BAJUS scrape v4.4 (Fixed Alamin)...
[2026-09-18T18:11:29.975Z] [INFO ] Trying Strategy 1: alaminjewellers.com...
[2026-09-18T18:11:30.438Z] [INFO ] ✓ alaminjewellers (fallback) success: 22K = 19970
[2026-09-18T18:11:30.440Z] [INFO ] SUCCESS — Source: alamin
[2026-09-18T18:11:30.441Z] [INFO ] Fetching international prices...
[2026-09-18T18:11:31.273Z] [INFO ] Gold: no change — skipping append
[2026-09-18T18:11:31.274Z] [INFO ] Silver: no change — skipping append
[2026-09-18T18:11:31.275Z] [INFO ] Intl: updated same-day entry
[2026-09-18T18:11:31.291Z] [INFO ] latest.json written | Final source: alamin
[2026-09-18T18:11:31.292Z] [INFO ] ══════════════════════════════════════════════
[2026-09-18T21:08:40.040Z] [INFO ] ══════════════════════════════════════════════
[2026-09-18T21:08:40.043Z] [INFO ] SonarGold Scraper v4.4 (Fixed Alamin) starting...
[2026-09-18T21:08:40.045Z] [INFO ] Mode: LIVE
[2026-09-18T21:08:40.046Z] [INFO ] ══════════════════════════════════════════════
[2026-09-18T21:08:40.052Z] [INFO ] History size — Gold: 260, Silver: 241, Intl: 366
[2026-09-18T21:08:40.053Z] [INFO ] ════════════════════════════════
[2026-09-18T21:08:40.055Z] [INFO ] Starting BAJUS scrape v4.4 (Fixed Alamin)...
[2026-09-18T21:08:40.056Z] [INFO ] Trying Strategy 1: alaminjewellers.com...
[2026-09-18T21:08:40.472Z] [INFO ] ✓ alaminjewellers (fallback) success: 22K = 19970
[2026-09-18T21:08:40.473Z] [INFO ] SUCCESS — Source: alamin
[2026-09-18T21:08:40.475Z] [INFO ] Fetching international prices...
[2026-09-18T21:08:41.044Z] [INFO ] Gold: no change — skipping append
[2026-09-18T21:08:41.046Z] [INFO ] Silver: no change — skipping append
[2026-09-18T21:08:41.047Z] [INFO ] Intl: updated same-day entry
[2026-09-18T21:08:41.063Z] [INFO ] latest.json written | Final source: alamin
[2026-09-18T21:08:41.064Z] [INFO ] ══════════════════════════════════════════════
