[2026-09-03T01:20:49.339Z] [INFO ] ══════════════════════════════════════════════
[2026-09-03T01:20:49.341Z] [INFO ] SonarGold Scraper v4.0 starting...
[2026-09-03T01:20:49.342Z] [INFO ] Mode: LIVE
[2026-09-03T01:20:49.344Z] [INFO ] ══════════════════════════════════════════════
[2026-09-03T01:20:49.347Z] [INFO ] History size — Gold: 257, Silver: 239, Intl: 350
[2026-09-03T01:20:49.349Z] [INFO ] ════════════════════════════════
[2026-09-03T01:20:49.350Z] [INFO ] Starting BAJUS scrape v4.0 (sequential)...
[2026-09-03T01:20:49.351Z] [INFO ] Trying Strategy 1: BAJUSCTG API...
[2026-09-03T01:20:49.979Z] [WARN ] BAJUSCTG API failed: HTTP 403
[2026-09-03T01:20:49.980Z] [INFO ] Trying BAJUSCTG HTML fallback...
[2026-09-03T01:20:50.584Z] [WARN ] BAJUSCTG HTML failed: HTTP 403
[2026-09-03T01:20:50.585Z] [INFO ] Trying Strategy 2: GoldR.org homepage...
[2026-09-03T01:20:50.823Z] [WARN ] GoldR.org parsed but data invalid
[2026-09-03T01:20:50.825Z] [INFO ] Trying Strategy 3: bdgoldprice.com...
[2026-09-03T01:20:51.074Z] [INFO ] Trying Strategy 4: Wayback Machine...
[2026-09-03T01:20:52.870Z] [WARN ] Wayback failed: HTTP 429
[2026-09-03T01:20:52.871Z] [WARN ] Cache too old (140h)
[2026-09-03T01:20:52.872Z] [ERROR] CRITICAL FAILURE — All sources + cache unavailable. Using zero fallback.
[2026-09-03T01:20:52.874Z] [INFO ] Fetching international prices...
[2026-09-03T01:20:53.385Z] [INFO ] Gold: no change — skipping append
[2026-09-03T01:20:53.386Z] [INFO ] Silver: no change — skipping append
[2026-09-03T01:20:53.387Z] [INFO ] Intl: appended entry #351
[2026-09-03T01:20:53.402Z] [INFO ] latest.json written | Final source: fallback
[2026-09-03T01:20:53.403Z] [INFO ] ══════════════════════════════════════════════
