[2026-09-04T03:52:39.764Z] [INFO ] ══════════════════════════════════════════════
[2026-09-04T03:52:39.766Z] [INFO ] SonarGold Scraper v4.0 starting...
[2026-09-04T03:52:39.768Z] [INFO ] Mode: LIVE
[2026-09-04T03:52:39.769Z] [INFO ] ══════════════════════════════════════════════
[2026-09-04T03:52:39.773Z] [INFO ] History size — Gold: 257, Silver: 239, Intl: 351
[2026-09-04T03:52:39.774Z] [INFO ] ════════════════════════════════
[2026-09-04T03:52:39.775Z] [INFO ] Starting BAJUS scrape v4.0 (sequential)...
[2026-09-04T03:52:39.776Z] [INFO ] Trying Strategy 1: BAJUSCTG API...
[2026-09-04T03:52:40.862Z] [WARN ] BAJUSCTG API failed: HTTP 403
[2026-09-04T03:52:40.863Z] [INFO ] Trying BAJUSCTG HTML fallback...
[2026-09-04T03:52:41.607Z] [WARN ] BAJUSCTG HTML failed: HTTP 403
[2026-09-04T03:52:41.609Z] [INFO ] Trying Strategy 2: GoldR.org homepage...
[2026-09-04T03:52:41.747Z] [WARN ] GoldR.org parsed but data invalid
[2026-09-04T03:52:41.748Z] [INFO ] Trying Strategy 3: bdgoldprice.com...
[2026-09-04T03:52:42.056Z] [INFO ] Trying Strategy 4: Wayback Machine...
[2026-09-04T03:52:46.760Z] [WARN ] Cache too old (166h)
[2026-09-04T03:52:46.761Z] [ERROR] CRITICAL FAILURE — All sources + cache unavailable. Using zero fallback.
[2026-09-04T03:52:46.763Z] [INFO ] Fetching international prices...
[2026-09-04T03:52:47.254Z] [INFO ] Gold: no change — skipping append
[2026-09-04T03:52:47.255Z] [INFO ] Silver: no change — skipping append
[2026-09-04T03:52:47.256Z] [INFO ] Intl: appended entry #352
[2026-09-04T03:52:47.272Z] [INFO ] latest.json written | Final source: fallback
[2026-09-04T03:52:47.274Z] [INFO ] ══════════════════════════════════════════════
[2026-09-04T08:43:01.860Z] [INFO ] ══════════════════════════════════════════════
[2026-09-04T08:43:01.862Z] [INFO ] SonarGold Scraper v4.0 starting...
[2026-09-04T08:43:01.863Z] [INFO ] Mode: LIVE
[2026-09-04T08:43:01.865Z] [INFO ] ══════════════════════════════════════════════
[2026-09-04T08:43:01.870Z] [INFO ] History size — Gold: 257, Silver: 239, Intl: 352
[2026-09-04T08:43:01.871Z] [INFO ] ════════════════════════════════
[2026-09-04T08:43:01.872Z] [INFO ] Starting BAJUS scrape v4.0 (sequential)...
[2026-09-04T08:43:01.873Z] [INFO ] Trying Strategy 1: BAJUSCTG API...
[2026-09-04T08:43:02.428Z] [WARN ] BAJUSCTG API failed: HTTP 403
[2026-09-04T08:43:02.429Z] [INFO ] Trying BAJUSCTG HTML fallback...
[2026-09-04T08:43:03.048Z] [WARN ] BAJUSCTG HTML failed: HTTP 403
[2026-09-04T08:43:03.049Z] [INFO ] Trying Strategy 2: GoldR.org homepage...
[2026-09-04T08:43:03.628Z] [WARN ] GoldR.org failed: HTTP 403
[2026-09-04T08:43:03.629Z] [INFO ] Trying Strategy 3: bdgoldprice.com...
[2026-09-04T08:43:03.891Z] [INFO ] Trying Strategy 4: Wayback Machine...
[2026-09-04T08:43:08.968Z] [WARN ] Wayback failed: No snapshot
[2026-09-04T08:43:08.970Z] [WARN ] Cache too old (171h)
[2026-09-04T08:43:08.971Z] [ERROR] CRITICAL FAILURE — All sources + cache unavailable. Using zero fallback.
[2026-09-04T08:43:08.972Z] [INFO ] Fetching international prices...
[2026-09-04T08:43:09.320Z] [INFO ] Gold: no change — skipping append
[2026-09-04T08:43:09.321Z] [INFO ] Silver: no change — skipping append
[2026-09-04T08:43:09.322Z] [INFO ] Intl: updated same-day entry
[2026-09-04T08:43:09.338Z] [INFO ] latest.json written | Final source: fallback
[2026-09-04T08:43:09.339Z] [INFO ] ══════════════════════════════════════════════
