[2026-10-09T01:04:24.322Z] [INFO ] ══════════════════════════════════════════════
[2026-10-09T01:04:24.325Z] [INFO ] SonarGold Scraper v4.5 (Fully Dynamic Alamin) starting...
[2026-10-09T01:04:24.327Z] [INFO ] Mode: LIVE
[2026-10-09T01:04:24.329Z] [INFO ] ══════════════════════════════════════════════
[2026-10-09T01:04:24.331Z] [INFO ] History size — Gold: 261, Silver: 242, Intl: 386
[2026-10-09T01:04:24.335Z] [INFO ] ════════════════════════════════
[2026-10-09T01:04:24.336Z] [INFO ] Starting BAJUS scrape v4.5 (Fully Dynamic Alamin)...
[2026-10-09T01:04:24.337Z] [INFO ] Trying Strategy 1: alaminjewellers.com (dynamic)...
[2026-10-09T01:04:24.813Z] [INFO ] ✓ alaminjewellers success: 22K=19640 21K=18760 18K=16110 Trad=13160
[2026-10-09T01:04:24.815Z] [INFO ] SUCCESS — Source: alamin
[2026-10-09T01:04:24.816Z] [INFO ] Fetching international prices...
[2026-10-09T01:04:25.745Z] [INFO ] Gold: no change — skipping append
[2026-10-09T01:04:25.750Z] [INFO ] Silver: no change — skipping append
[2026-10-09T01:04:25.754Z] [INFO ] Intl: appended entry #387
[2026-10-09T01:04:25.800Z] [INFO ] latest.json written | Final source: alamin
[2026-10-09T01:04:25.804Z] [INFO ] ══════════════════════════════════════════════
[2026-10-09T07:52:02.862Z] [INFO ] ══════════════════════════════════════════════
[2026-10-09T07:52:02.864Z] [INFO ] SonarGold Scraper v4.5 (Fully Dynamic Alamin) starting...
[2026-10-09T07:52:02.866Z] [INFO ] Mode: LIVE
[2026-10-09T07:52:02.867Z] [INFO ] ══════════════════════════════════════════════
[2026-10-09T07:52:02.870Z] [INFO ] History size — Gold: 261, Silver: 242, Intl: 387
[2026-10-09T07:52:02.872Z] [INFO ] ════════════════════════════════
[2026-10-09T07:52:02.873Z] [INFO ] Starting BAJUS scrape v4.5 (Fully Dynamic Alamin)...
[2026-10-09T07:52:02.875Z] [INFO ] Trying Strategy 1: alaminjewellers.com (dynamic)...
[2026-10-09T07:52:03.630Z] [INFO ] ✓ alaminjewellers success: 22K=19830 21K=18940 18K=16265 Trad=13285
[2026-10-09T07:52:03.631Z] [INFO ] SUCCESS — Source: alamin
[2026-10-09T07:52:03.633Z] [INFO ] Fetching international prices...
[2026-10-09T07:52:04.155Z] [INFO ] Gold: appended entry #262
[2026-10-09T07:52:04.157Z] [INFO ] Silver: no change — skipping append
[2026-10-09T07:52:04.158Z] [INFO ] Intl: updated same-day entry
[2026-10-09T07:52:04.200Z] [INFO ] latest.json written | Final source: alamin
[2026-10-09T07:52:04.201Z] [INFO ] ══════════════════════════════════════════════
