[2026-09-28T01:06:45.384Z] [INFO ] ══════════════════════════════════════════════
[2026-09-28T01:06:45.387Z] [INFO ] SonarGold Scraper v4.4 (Fixed Alamin) starting...
[2026-09-28T01:06:45.389Z] [INFO ] Mode: LIVE
[2026-09-28T01:06:45.390Z] [INFO ] ══════════════════════════════════════════════
[2026-09-28T01:06:45.394Z] [INFO ] History size — Gold: 260, Silver: 241, Intl: 375
[2026-09-28T01:06:45.397Z] [INFO ] ════════════════════════════════
[2026-09-28T01:06:45.398Z] [INFO ] Starting BAJUS scrape v4.4 (Fixed Alamin)...
[2026-09-28T01:06:45.400Z] [INFO ] Trying Strategy 1: alaminjewellers.com...
[2026-09-28T01:06:45.811Z] [INFO ] ✓ alaminjewellers (fallback) success: 22K = 19970
[2026-09-28T01:06:45.812Z] [INFO ] SUCCESS — Source: alamin
[2026-09-28T01:06:45.814Z] [INFO ] Fetching international prices...
[2026-09-28T01:06:46.381Z] [INFO ] Gold: no change — skipping append
[2026-09-28T01:06:46.382Z] [INFO ] Silver: no change — skipping append
[2026-09-28T01:06:46.383Z] [INFO ] Intl: appended entry #376
[2026-09-28T01:06:46.399Z] [INFO ] latest.json written | Final source: alamin
[2026-09-28T01:06:46.400Z] [INFO ] ══════════════════════════════════════════════
[2026-09-28T07:26:12.726Z] [INFO ] ══════════════════════════════════════════════
[2026-09-28T07:26:12.729Z] [INFO ] SonarGold Scraper v4.4 (Fixed Alamin) starting...
[2026-09-28T07:26:12.730Z] [INFO ] Mode: LIVE
[2026-09-28T07:26:12.732Z] [INFO ] ══════════════════════════════════════════════
[2026-09-28T07:26:12.735Z] [INFO ] History size — Gold: 260, Silver: 241, Intl: 376
[2026-09-28T07:26:12.737Z] [INFO ] ════════════════════════════════
[2026-09-28T07:26:12.738Z] [INFO ] Starting BAJUS scrape v4.4 (Fixed Alamin)...
[2026-09-28T07:26:12.739Z] [INFO ] Trying Strategy 1: alaminjewellers.com...
[2026-09-28T07:26:13.379Z] [INFO ] ✓ alaminjewellers (fallback) success: 22K = 19970
[2026-09-28T07:26:13.381Z] [INFO ] SUCCESS — Source: alamin
[2026-09-28T07:26:13.382Z] [INFO ] Fetching international prices...
[2026-09-28T07:26:13.683Z] [INFO ] Gold: no change — skipping append
[2026-09-28T07:26:13.684Z] [INFO ] Silver: no change — skipping append
[2026-09-28T07:26:13.685Z] [INFO ] Intl: updated same-day entry
[2026-09-28T07:26:13.701Z] [INFO ] latest.json written | Final source: alamin
[2026-09-28T07:26:13.702Z] [INFO ] ══════════════════════════════════════════════
[2026-09-28T15:48:28.938Z] [INFO ] ══════════════════════════════════════════════
[2026-09-28T15:48:28.940Z] [INFO ] SonarGold Scraper v4.4 (Fixed Alamin) starting...
[2026-09-28T15:48:28.942Z] [INFO ] Mode: LIVE
[2026-09-28T15:48:28.944Z] [INFO ] ══════════════════════════════════════════════
[2026-09-28T15:48:28.947Z] [INFO ] History size — Gold: 260, Silver: 241, Intl: 376
[2026-09-28T15:48:28.951Z] [INFO ] ════════════════════════════════
[2026-09-28T15:48:28.952Z] [INFO ] Starting BAJUS scrape v4.4 (Fixed Alamin)...
[2026-09-28T15:48:28.953Z] [INFO ] Trying Strategy 1: alaminjewellers.com...
[2026-09-28T15:48:29.425Z] [INFO ] ✓ alaminjewellers (fallback) success: 22K = 19970
[2026-09-28T15:48:29.427Z] [INFO ] SUCCESS — Source: alamin
[2026-09-28T15:48:29.428Z] [INFO ] Fetching international prices...
[2026-09-28T15:48:30.192Z] [INFO ] Gold: no change — skipping append
[2026-09-28T15:48:30.194Z] [INFO ] Silver: no change — skipping append
[2026-09-28T15:48:30.195Z] [INFO ] Intl: updated same-day entry
[2026-09-28T15:48:30.211Z] [INFO ] latest.json written | Final source: alamin
[2026-09-28T15:48:30.213Z] [INFO ] ══════════════════════════════════════════════
[2026-09-28T21:42:52.533Z] [INFO ] ══════════════════════════════════════════════
[2026-09-28T21:42:52.535Z] [INFO ] SonarGold Scraper v4.4 (Fixed Alamin) starting...
[2026-09-28T21:42:52.537Z] [INFO ] Mode: LIVE
[2026-09-28T21:42:52.539Z] [INFO ] ══════════════════════════════════════════════
[2026-09-28T21:42:52.541Z] [INFO ] History size — Gold: 260, Silver: 241, Intl: 376
[2026-09-28T21:42:52.544Z] [INFO ] ════════════════════════════════
[2026-09-28T21:42:52.544Z] [INFO ] Starting BAJUS scrape v4.4 (Fixed Alamin)...
[2026-09-28T21:42:52.545Z] [INFO ] Trying Strategy 1: alaminjewellers.com...
[2026-09-28T21:42:52.991Z] [INFO ] ✓ alaminjewellers (fallback) success: 22K = 19970
[2026-09-28T21:42:52.992Z] [INFO ] SUCCESS — Source: alamin
[2026-09-28T21:42:52.994Z] [INFO ] Fetching international prices...
[2026-09-28T21:42:53.632Z] [INFO ] Gold: no change — skipping append
[2026-09-28T21:42:53.633Z] [INFO ] Silver: no change — skipping append
[2026-09-28T21:42:53.634Z] [INFO ] Intl: updated same-day entry
[2026-09-28T21:42:53.955Z] [INFO ] latest.json written | Final source: alamin
[2026-09-28T21:42:53.957Z] [INFO ] ══════════════════════════════════════════════
