[2026-08-11T02:01:51.743Z] [INFO ] ══════════════════════════════════════════════
[2026-08-11T02:01:51.745Z] [INFO ] SonarGold Scraper v4.0 starting...
[2026-08-11T02:01:51.746Z] [INFO ] Mode: LIVE
[2026-08-11T02:01:51.748Z] [INFO ] ══════════════════════════════════════════════
[2026-08-11T02:01:51.750Z] [INFO ] History size — Gold: 249, Silver: 235, Intl: 327
[2026-08-11T02:01:51.753Z] [INFO ] ════════════════════════════════
[2026-08-11T02:01:51.754Z] [INFO ] Starting BAJUS scrape v4.0 (sequential)...
[2026-08-11T02:01:51.755Z] [INFO ] Trying Strategy 1: BAJUSCTG API...
[2026-08-11T02:01:52.295Z] [INFO ] ✓ BAJUSCTG success: 22K gram ≈ 20065
[2026-08-11T02:01:52.296Z] [INFO ] SUCCESS — Source: bajusctg-api
[2026-08-11T02:01:52.297Z] [INFO ] Fetching international prices...
[2026-08-11T02:01:52.907Z] [INFO ] Gold: no change — skipping append
[2026-08-11T02:01:52.908Z] [INFO ] Silver: no change — skipping append
[2026-08-11T02:01:52.909Z] [INFO ] Intl: appended entry #328
[2026-08-11T02:01:52.924Z] [INFO ] latest.json written | Final source: bajusctg-api
[2026-08-11T02:01:52.925Z] [INFO ] ══════════════════════════════════════════════
[2026-08-11T04:01:50.901Z] [INFO ] ══════════════════════════════════════════════
[2026-08-11T04:01:50.903Z] [INFO ] SonarGold Scraper v4.0 starting...
[2026-08-11T04:01:50.905Z] [INFO ] Mode: LIVE
[2026-08-11T04:01:50.906Z] [INFO ] ══════════════════════════════════════════════
[2026-08-11T04:01:50.909Z] [INFO ] History size — Gold: 249, Silver: 235, Intl: 328
[2026-08-11T04:01:50.911Z] [INFO ] ════════════════════════════════
[2026-08-11T04:01:50.912Z] [INFO ] Starting BAJUS scrape v4.0 (sequential)...
[2026-08-11T04:01:50.913Z] [INFO ] Trying Strategy 1: BAJUSCTG API...
[2026-08-11T04:01:51.312Z] [INFO ] ✓ BAJUSCTG success: 22K gram ≈ 20065
[2026-08-11T04:01:51.313Z] [INFO ] SUCCESS — Source: bajusctg-api
[2026-08-11T04:01:51.314Z] [INFO ] Fetching international prices...
[2026-08-11T04:01:51.929Z] [INFO ] Gold: no change — skipping append
[2026-08-11T04:01:51.930Z] [INFO ] Silver: no change — skipping append
[2026-08-11T04:01:51.931Z] [INFO ] Intl: updated same-day entry
[2026-08-11T04:01:51.947Z] [INFO ] latest.json written | Final source: bajusctg-api
[2026-08-11T04:01:51.947Z] [INFO ] ══════════════════════════════════════════════
[2026-08-11T05:36:27.796Z] [INFO ] ══════════════════════════════════════════════
[2026-08-11T05:36:27.798Z] [INFO ] SonarGold Scraper v4.0 starting...
[2026-08-11T05:36:27.799Z] [INFO ] Mode: LIVE
[2026-08-11T05:36:27.801Z] [INFO ] ══════════════════════════════════════════════
[2026-08-11T05:36:27.803Z] [INFO ] History size — Gold: 249, Silver: 235, Intl: 328
[2026-08-11T05:36:27.804Z] [INFO ] ════════════════════════════════
[2026-08-11T05:36:27.806Z] [INFO ] Starting BAJUS scrape v4.0 (sequential)...
[2026-08-11T05:36:27.807Z] [INFO ] Trying Strategy 1: BAJUSCTG API...
[2026-08-11T05:36:28.619Z] [INFO ] ✓ BAJUSCTG success: 22K gram ≈ 20160
[2026-08-11T05:36:28.620Z] [INFO ] SUCCESS — Source: bajusctg-api
[2026-08-11T05:36:28.621Z] [INFO ] Fetching international prices...
[2026-08-11T05:36:29.417Z] [INFO ] Gold: appended entry #250
[2026-08-11T05:36:29.418Z] [INFO ] Silver: appended entry #236
[2026-08-11T05:36:29.419Z] [INFO ] Intl: updated same-day entry
[2026-08-11T05:36:29.435Z] [INFO ] latest.json written | Final source: bajusctg-api
[2026-08-11T05:36:29.435Z] [INFO ] ══════════════════════════════════════════════
