[2026-08-15T01:27:10.855Z] [INFO ] ══════════════════════════════════════════════
[2026-08-15T01:27:10.857Z] [INFO ] SonarGold Scraper v4.0 starting...
[2026-08-15T01:27:10.859Z] [INFO ] Mode: LIVE
[2026-08-15T01:27:10.860Z] [INFO ] ══════════════════════════════════════════════
[2026-08-15T01:27:10.863Z] [INFO ] History size — Gold: 252, Silver: 236, Intl: 331
[2026-08-15T01:27:10.865Z] [INFO ] ════════════════════════════════
[2026-08-15T01:27:10.866Z] [INFO ] Starting BAJUS scrape v4.0 (sequential)...
[2026-08-15T01:27:10.867Z] [INFO ] Trying Strategy 1: BAJUSCTG API...
[2026-08-15T01:27:11.181Z] [INFO ] ✓ BAJUSCTG success: 22K gram ≈ 20115
[2026-08-15T01:27:11.182Z] [INFO ] SUCCESS — Source: bajusctg-api
[2026-08-15T01:27:11.183Z] [INFO ] Fetching international prices...
[2026-08-15T01:27:11.341Z] [INFO ] Gold: no change — skipping append
[2026-08-15T01:27:11.342Z] [INFO ] Silver: no change — skipping append
[2026-08-15T01:27:11.342Z] [INFO ] Intl: appended entry #332
[2026-08-15T01:27:11.920Z] [INFO ] latest.json written | Final source: bajusctg-api
[2026-08-15T01:27:11.921Z] [INFO ] ══════════════════════════════════════════════
[2026-08-15T02:35:53.866Z] [INFO ] ══════════════════════════════════════════════
[2026-08-15T02:35:53.869Z] [INFO ] SonarGold Scraper v4.0 starting...
[2026-08-15T02:35:53.870Z] [INFO ] Mode: LIVE
[2026-08-15T02:35:53.871Z] [INFO ] ══════════════════════════════════════════════
[2026-08-15T02:35:53.877Z] [INFO ] History size — Gold: 252, Silver: 236, Intl: 332
[2026-08-15T02:35:53.878Z] [INFO ] ════════════════════════════════
[2026-08-15T02:35:53.879Z] [INFO ] Starting BAJUS scrape v4.0 (sequential)...
[2026-08-15T02:35:53.880Z] [INFO ] Trying Strategy 1: BAJUSCTG API...
[2026-08-15T02:35:54.451Z] [INFO ] ✓ BAJUSCTG success: 22K gram ≈ 20115
[2026-08-15T02:35:54.452Z] [INFO ] SUCCESS — Source: bajusctg-api
[2026-08-15T02:35:54.453Z] [INFO ] Fetching international prices...
[2026-08-15T02:35:55.039Z] [INFO ] Gold: no change — skipping append
[2026-08-15T02:35:55.040Z] [INFO ] Silver: no change — skipping append
[2026-08-15T02:35:55.040Z] [INFO ] Intl: no change — skipping append
[2026-08-15T02:35:55.055Z] [INFO ] latest.json written | Final source: bajusctg-api
[2026-08-15T02:35:55.056Z] [INFO ] ══════════════════════════════════════════════
[2026-08-15T03:42:48.244Z] [INFO ] ══════════════════════════════════════════════
[2026-08-15T03:42:48.246Z] [INFO ] SonarGold Scraper v4.0 starting...
[2026-08-15T03:42:48.248Z] [INFO ] Mode: LIVE
[2026-08-15T03:42:48.249Z] [INFO ] ══════════════════════════════════════════════
[2026-08-15T03:42:48.251Z] [INFO ] History size — Gold: 252, Silver: 236, Intl: 332
[2026-08-15T03:42:48.254Z] [INFO ] ════════════════════════════════
[2026-08-15T03:42:48.255Z] [INFO ] Starting BAJUS scrape v4.0 (sequential)...
[2026-08-15T03:42:48.255Z] [INFO ] Trying Strategy 1: BAJUSCTG API...
[2026-08-15T03:42:48.586Z] [INFO ] ✓ BAJUSCTG success: 22K gram ≈ 20115
[2026-08-15T03:42:48.587Z] [INFO ] SUCCESS — Source: bajusctg-api
[2026-08-15T03:42:48.588Z] [INFO ] Fetching international prices...
[2026-08-15T03:42:49.020Z] [INFO ] Gold: no change — skipping append
[2026-08-15T03:42:49.021Z] [INFO ] Silver: no change — skipping append
[2026-08-15T03:42:49.022Z] [INFO ] Intl: no change — skipping append
[2026-08-15T03:42:49.472Z] [INFO ] latest.json written | Final source: bajusctg-api
[2026-08-15T03:42:49.473Z] [INFO ] ══════════════════════════════════════════════
[2026-08-15T04:36:05.108Z] [INFO ] ══════════════════════════════════════════════
[2026-08-15T04:36:05.110Z] [INFO ] SonarGold Scraper v4.0 starting...
[2026-08-15T04:36:05.111Z] [INFO ] Mode: LIVE
[2026-08-15T04:36:05.113Z] [INFO ] ══════════════════════════════════════════════
[2026-08-15T04:36:05.116Z] [INFO ] History size — Gold: 252, Silver: 236, Intl: 332
[2026-08-15T04:36:05.118Z] [INFO ] ════════════════════════════════
[2026-08-15T04:36:05.119Z] [INFO ] Starting BAJUS scrape v4.0 (sequential)...
[2026-08-15T04:36:05.120Z] [INFO ] Trying Strategy 1: BAJUSCTG API...
[2026-08-15T04:36:05.449Z] [INFO ] ✓ BAJUSCTG success: 22K gram ≈ 20300
[2026-08-15T04:36:05.450Z] [INFO ] SUCCESS — Source: bajusctg-api
[2026-08-15T04:36:05.451Z] [INFO ] Fetching international prices...
[2026-08-15T04:36:05.579Z] [INFO ] Gold: appended entry #253
[2026-08-15T04:36:05.580Z] [INFO ] Silver: no change — skipping append
[2026-08-15T04:36:05.581Z] [INFO ] Intl: no change — skipping append
[2026-08-15T04:36:05.596Z] [INFO ] latest.json written | Final source: bajusctg-api
[2026-08-15T04:36:05.597Z] [INFO ] ══════════════════════════════════════════════
[2026-08-15T05:28:51.007Z] [INFO ] ══════════════════════════════════════════════
[2026-08-15T05:28:51.011Z] [INFO ] SonarGold Scraper v4.0 starting...
[2026-08-15T05:28:51.012Z] [INFO ] Mode: LIVE
[2026-08-15T05:28:51.014Z] [INFO ] ══════════════════════════════════════════════
[2026-08-15T05:28:51.018Z] [INFO ] History size — Gold: 253, Silver: 236, Intl: 332
[2026-08-15T05:28:51.022Z] [INFO ] ════════════════════════════════
[2026-08-15T05:28:51.023Z] [INFO ] Starting BAJUS scrape v4.0 (sequential)...
[2026-08-15T05:28:51.025Z] [INFO ] Trying Strategy 1: BAJUSCTG API...
[2026-08-15T05:28:51.403Z] [INFO ] ✓ BAJUSCTG success: 22K gram ≈ 20300
[2026-08-15T05:28:51.404Z] [INFO ] SUCCESS — Source: bajusctg-api
[2026-08-15T05:28:51.405Z] [INFO ] Fetching international prices...
[2026-08-15T05:28:52.013Z] [INFO ] Gold: no change — skipping append
[2026-08-15T05:28:52.014Z] [INFO ] Silver: no change — skipping append
[2026-08-15T05:28:52.015Z] [INFO ] Intl: no change — skipping append
[2026-08-15T05:28:52.038Z] [INFO ] latest.json written | Final source: bajusctg-api
[2026-08-15T05:28:52.038Z] [INFO ] ══════════════════════════════════════════════
