[2026-09-27T04:36:33.496Z] [INFO ] ══════════════════════════════════════════════
[2026-09-27T04:36:33.499Z] [INFO ] SonarGold Scraper v4.4 (Fixed Alamin) starting...
[2026-09-27T04:36:33.500Z] [INFO ] Mode: LIVE
[2026-09-27T04:36:33.502Z] [INFO ] ══════════════════════════════════════════════
[2026-09-27T04:36:33.505Z] [INFO ] History size — Gold: 260, Silver: 241, Intl: 374
[2026-09-27T04:36:33.508Z] [INFO ] ════════════════════════════════
[2026-09-27T04:36:33.509Z] [INFO ] Starting BAJUS scrape v4.4 (Fixed Alamin)...
[2026-09-27T04:36:33.510Z] [INFO ] Trying Strategy 1: alaminjewellers.com...
[2026-09-27T04:36:34.033Z] [INFO ] ✓ alaminjewellers (fallback) success: 22K = 19970
[2026-09-27T04:36:34.034Z] [INFO ] SUCCESS — Source: alamin
[2026-09-27T04:36:34.036Z] [INFO ] Fetching international prices...
[2026-09-27T04:36:34.631Z] [INFO ] Gold: no change — skipping append
[2026-09-27T04:36:34.633Z] [INFO ] Silver: no change — skipping append
[2026-09-27T04:36:34.634Z] [INFO ] Intl: appended entry #375
[2026-09-27T04:36:34.650Z] [INFO ] latest.json written | Final source: alamin
[2026-09-27T04:36:34.651Z] [INFO ] ══════════════════════════════════════════════
[2026-09-27T10:25:45.303Z] [INFO ] ══════════════════════════════════════════════
[2026-09-27T10:25:45.305Z] [INFO ] SonarGold Scraper v4.4 (Fixed Alamin) starting...
[2026-09-27T10:25:45.307Z] [INFO ] Mode: LIVE
[2026-09-27T10:25:45.308Z] [INFO ] ══════════════════════════════════════════════
[2026-09-27T10:25:45.311Z] [INFO ] History size — Gold: 260, Silver: 241, Intl: 375
[2026-09-27T10:25:45.313Z] [INFO ] ════════════════════════════════
[2026-09-27T10:25:45.314Z] [INFO ] Starting BAJUS scrape v4.4 (Fixed Alamin)...
[2026-09-27T10:25:45.315Z] [INFO ] Trying Strategy 1: alaminjewellers.com...
[2026-09-27T10:25:45.677Z] [INFO ] ✓ alaminjewellers (fallback) success: 22K = 19970
[2026-09-27T10:25:45.678Z] [INFO ] SUCCESS — Source: alamin
[2026-09-27T10:25:45.680Z] [INFO ] Fetching international prices...
[2026-09-27T10:25:45.768Z] [INFO ] Gold: no change — skipping append
[2026-09-27T10:25:45.769Z] [INFO ] Silver: no change — skipping append
[2026-09-27T10:25:45.771Z] [INFO ] Intl: no change — skipping append
[2026-09-27T10:25:45.792Z] [INFO ] latest.json written | Final source: alamin
[2026-09-27T10:25:45.794Z] [INFO ] ══════════════════════════════════════════════
[2026-09-27T15:14:24.116Z] [INFO ] ══════════════════════════════════════════════
[2026-09-27T15:14:24.118Z] [INFO ] SonarGold Scraper v4.4 (Fixed Alamin) starting...
[2026-09-27T15:14:24.119Z] [INFO ] Mode: LIVE
[2026-09-27T15:14:24.120Z] [INFO ] ══════════════════════════════════════════════
[2026-09-27T15:14:24.122Z] [INFO ] History size — Gold: 260, Silver: 241, Intl: 375
[2026-09-27T15:14:24.125Z] [INFO ] ════════════════════════════════
[2026-09-27T15:14:24.125Z] [INFO ] Starting BAJUS scrape v4.4 (Fixed Alamin)...
[2026-09-27T15:14:24.126Z] [INFO ] Trying Strategy 1: alaminjewellers.com...
[2026-09-27T15:14:24.793Z] [INFO ] ✓ alaminjewellers (fallback) success: 22K = 19970
[2026-09-27T15:14:24.794Z] [INFO ] SUCCESS — Source: alamin
[2026-09-27T15:14:24.795Z] [INFO ] Fetching international prices...
[2026-09-27T15:14:25.126Z] [INFO ] Gold: no change — skipping append
[2026-09-27T15:14:25.127Z] [INFO ] Silver: no change — skipping append
[2026-09-27T15:14:25.128Z] [INFO ] Intl: no change — skipping append
[2026-09-27T15:14:25.142Z] [INFO ] latest.json written | Final source: alamin
[2026-09-27T15:14:25.143Z] [INFO ] ══════════════════════════════════════════════
