[2026-08-02T03:23:23.603Z] [INFO ] ══════════════════════════════════════════════
[2026-08-02T03:23:23.605Z] [INFO ] SonarGold Scraper v4.0 starting...
[2026-08-02T03:23:23.607Z] [INFO ] Mode: LIVE
[2026-08-02T03:23:23.608Z] [INFO ] ══════════════════════════════════════════════
[2026-08-02T03:23:23.611Z] [INFO ] History size — Gold: 246, Silver: 234, Intl: 318
[2026-08-02T03:23:23.612Z] [INFO ] ════════════════════════════════
[2026-08-02T03:23:23.615Z] [INFO ] Starting BAJUS scrape v4.0 (sequential)...
[2026-08-02T03:23:23.617Z] [INFO ] Trying Strategy 1: BAJUSCTG API...
[2026-08-02T03:23:24.000Z] [INFO ] ✓ BAJUSCTG success: 22K gram ≈ 19125
[2026-08-02T03:23:24.001Z] [INFO ] SUCCESS — Source: bajusctg-api
[2026-08-02T03:23:24.002Z] [INFO ] Fetching international prices...
[2026-08-02T03:23:24.654Z] [INFO ] Gold: no change — skipping append
[2026-08-02T03:23:24.655Z] [INFO ] Silver: no change — skipping append
[2026-08-02T03:23:24.656Z] [INFO ] Intl: appended entry #319
[2026-08-02T03:23:24.672Z] [INFO ] latest.json written | Final source: bajusctg-api
[2026-08-02T03:23:24.673Z] [INFO ] ══════════════════════════════════════════════
[2026-08-02T06:18:27.211Z] [INFO ] ══════════════════════════════════════════════
[2026-08-02T06:18:27.213Z] [INFO ] SonarGold Scraper v4.0 starting...
[2026-08-02T06:18:27.214Z] [INFO ] Mode: LIVE
[2026-08-02T06:18:27.214Z] [INFO ] ══════════════════════════════════════════════
[2026-08-02T06:18:27.216Z] [INFO ] History size — Gold: 246, Silver: 234, Intl: 319
[2026-08-02T06:18:27.220Z] [INFO ] ════════════════════════════════
[2026-08-02T06:18:27.221Z] [INFO ] Starting BAJUS scrape v4.0 (sequential)...
[2026-08-02T06:18:27.221Z] [INFO ] Trying Strategy 1: BAJUSCTG API...
[2026-08-02T06:18:27.626Z] [INFO ] ✓ BAJUSCTG success: 22K gram ≈ 19125
[2026-08-02T06:18:27.627Z] [INFO ] SUCCESS — Source: bajusctg-api
[2026-08-02T06:18:27.628Z] [INFO ] Fetching international prices...
[2026-08-02T06:18:27.798Z] [ERROR] XAU fetch failed: request to https://api.gold-api.com/price/XAU failed, reason: getaddrinfo ENOTFOUND api.gold-api.com
[2026-08-02T06:18:28.472Z] [INFO ] Gold: no change — skipping append
[2026-08-02T06:18:28.473Z] [INFO ] Silver: no change — skipping append
[2026-08-02T06:18:28.474Z] [INFO ] Intl: updated same-day entry
[2026-08-02T06:18:28.489Z] [INFO ] latest.json written | Final source: bajusctg-api
[2026-08-02T06:18:28.490Z] [INFO ] ══════════════════════════════════════════════
[2026-08-02T08:55:56.701Z] [INFO ] ══════════════════════════════════════════════
[2026-08-02T08:55:56.702Z] [INFO ] SonarGold Scraper v4.0 starting...
[2026-08-02T08:55:56.703Z] [INFO ] Mode: LIVE
[2026-08-02T08:55:56.704Z] [INFO ] ══════════════════════════════════════════════
[2026-08-02T08:55:56.706Z] [INFO ] History size — Gold: 246, Silver: 234, Intl: 319
[2026-08-02T08:55:56.708Z] [INFO ] ════════════════════════════════
[2026-08-02T08:55:56.709Z] [INFO ] Starting BAJUS scrape v4.0 (sequential)...
[2026-08-02T08:55:56.710Z] [INFO ] Trying Strategy 1: BAJUSCTG API...
[2026-08-02T08:55:58.085Z] [INFO ] ✓ BAJUSCTG success: 22K gram ≈ 19125
[2026-08-02T08:55:58.086Z] [INFO ] SUCCESS — Source: bajusctg-api
[2026-08-02T08:55:58.087Z] [INFO ] Fetching international prices...
[2026-08-02T08:55:58.601Z] [INFO ] Gold: no change — skipping append
[2026-08-02T08:55:58.602Z] [INFO ] Silver: no change — skipping append
[2026-08-02T08:55:58.602Z] [INFO ] Intl: updated same-day entry
[2026-08-02T08:55:58.693Z] [INFO ] latest.json written | Final source: bajusctg-api
[2026-08-02T08:55:58.693Z] [INFO ] ══════════════════════════════════════════════
[2026-08-02T10:44:38.844Z] [INFO ] ══════════════════════════════════════════════
[2026-08-02T10:44:38.847Z] [INFO ] SonarGold Scraper v4.0 starting...
[2026-08-02T10:44:38.848Z] [INFO ] Mode: LIVE
[2026-08-02T10:44:38.848Z] [INFO ] ══════════════════════════════════════════════
[2026-08-02T10:44:38.851Z] [INFO ] History size — Gold: 246, Silver: 234, Intl: 319
[2026-08-02T10:44:38.854Z] [INFO ] ════════════════════════════════
[2026-08-02T10:44:38.854Z] [INFO ] Starting BAJUS scrape v4.0 (sequential)...
[2026-08-02T10:44:38.855Z] [INFO ] Trying Strategy 1: BAJUSCTG API...
[2026-08-02T10:44:39.204Z] [INFO ] ✓ BAJUSCTG success: 22K gram ≈ 19125
[2026-08-02T10:44:39.205Z] [INFO ] SUCCESS — Source: bajusctg-api
[2026-08-02T10:44:39.206Z] [INFO ] Fetching international prices...
[2026-08-02T10:44:39.364Z] [INFO ] Gold: no change — skipping append
[2026-08-02T10:44:39.365Z] [INFO ] Silver: no change — skipping append
[2026-08-02T10:44:39.366Z] [INFO ] Intl: no change — skipping append
[2026-08-02T10:44:39.686Z] [INFO ] latest.json written | Final source: bajusctg-api
[2026-08-02T10:44:39.687Z] [INFO ] ══════════════════════════════════════════════
[2026-08-02T12:05:21.246Z] [INFO ] ══════════════════════════════════════════════
[2026-08-02T12:05:21.248Z] [INFO ] SonarGold Scraper v4.0 starting...
[2026-08-02T12:05:21.249Z] [INFO ] Mode: LIVE
[2026-08-02T12:05:21.249Z] [INFO ] ══════════════════════════════════════════════
[2026-08-02T12:05:21.251Z] [INFO ] History size — Gold: 246, Silver: 234, Intl: 319
[2026-08-02T12:05:21.252Z] [INFO ] ════════════════════════════════
[2026-08-02T12:05:21.254Z] [INFO ] Starting BAJUS scrape v4.0 (sequential)...
[2026-08-02T12:05:21.255Z] [INFO ] Trying Strategy 1: BAJUSCTG API...
[2026-08-02T12:05:21.586Z] [INFO ] ✓ BAJUSCTG success: 22K gram ≈ 19125
[2026-08-02T12:05:21.586Z] [INFO ] SUCCESS — Source: bajusctg-api
[2026-08-02T12:05:21.587Z] [INFO ] Fetching international prices...
[2026-08-02T12:05:21.983Z] [INFO ] Gold: no change — skipping append
[2026-08-02T12:05:21.984Z] [INFO ] Silver: no change — skipping append
[2026-08-02T12:05:21.984Z] [INFO ] Intl: no change — skipping append
[2026-08-02T12:05:21.996Z] [INFO ] latest.json written | Final source: bajusctg-api
[2026-08-02T12:05:21.997Z] [INFO ] ══════════════════════════════════════════════
[2026-08-02T14:09:39.470Z] [INFO ] ══════════════════════════════════════════════
[2026-08-02T14:09:39.472Z] [INFO ] SonarGold Scraper v4.0 starting...
[2026-08-02T14:09:39.473Z] [INFO ] Mode: LIVE
[2026-08-02T14:09:39.474Z] [INFO ] ══════════════════════════════════════════════
[2026-08-02T14:09:39.476Z] [INFO ] History size — Gold: 246, Silver: 234, Intl: 319
[2026-08-02T14:09:39.478Z] [INFO ] ════════════════════════════════
[2026-08-02T14:09:39.480Z] [INFO ] Starting BAJUS scrape v4.0 (sequential)...
[2026-08-02T14:09:39.481Z] [INFO ] Trying Strategy 1: BAJUSCTG API...
[2026-08-02T14:09:39.951Z] [INFO ] ✓ BAJUSCTG success: 22K gram ≈ 19125
[2026-08-02T14:09:39.952Z] [INFO ] SUCCESS — Source: bajusctg-api
[2026-08-02T14:09:39.953Z] [INFO ] Fetching international prices...
[2026-08-02T14:09:40.496Z] [INFO ] Gold: no change — skipping append
[2026-08-02T14:09:40.497Z] [INFO ] Silver: no change — skipping append
[2026-08-02T14:09:40.498Z] [INFO ] Intl: no change — skipping append
[2026-08-02T14:09:40.513Z] [INFO ] latest.json written | Final source: bajusctg-api
[2026-08-02T14:09:40.513Z] [INFO ] ══════════════════════════════════════════════
