[2026-10-06T03:14:54.213Z] [INFO ] ══════════════════════════════════════════════
[2026-10-06T03:14:54.215Z] [INFO ] SonarGold Scraper v4.5 (Fully Dynamic Alamin) starting...
[2026-10-06T03:14:54.216Z] [INFO ] Mode: LIVE
[2026-10-06T03:14:54.218Z] [INFO ] ══════════════════════════════════════════════
[2026-10-06T03:14:54.219Z] [INFO ] History size — Gold: 261, Silver: 242, Intl: 383
[2026-10-06T03:14:54.221Z] [INFO ] ════════════════════════════════
[2026-10-06T03:14:54.222Z] [INFO ] Starting BAJUS scrape v4.5 (Fully Dynamic Alamin)...
[2026-10-06T03:14:54.223Z] [INFO ] Trying Strategy 1: alaminjewellers.com (dynamic)...
[2026-10-06T03:14:54.666Z] [INFO ] ✓ alaminjewellers success: 22K=19640 21K=18760 18K=16110 Trad=13160
[2026-10-06T03:14:54.667Z] [INFO ] SUCCESS — Source: alamin
[2026-10-06T03:14:54.668Z] [INFO ] Fetching international prices...
[2026-10-06T03:14:55.303Z] [INFO ] Gold: no change — skipping append
[2026-10-06T03:14:55.304Z] [INFO ] Silver: no change — skipping append
[2026-10-06T03:14:55.305Z] [INFO ] Intl: appended entry #384
[2026-10-06T03:14:55.336Z] [INFO ] latest.json written | Final source: alamin
[2026-10-06T03:14:55.337Z] [INFO ] ══════════════════════════════════════════════
[2026-10-06T10:40:58.454Z] [INFO ] ══════════════════════════════════════════════
[2026-10-06T10:40:58.457Z] [INFO ] SonarGold Scraper v4.5 (Fully Dynamic Alamin) starting...
[2026-10-06T10:40:58.458Z] [INFO ] Mode: LIVE
[2026-10-06T10:40:58.460Z] [INFO ] ══════════════════════════════════════════════
[2026-10-06T10:40:58.463Z] [INFO ] History size — Gold: 261, Silver: 242, Intl: 384
[2026-10-06T10:40:58.465Z] [INFO ] ════════════════════════════════
[2026-10-06T10:40:58.466Z] [INFO ] Starting BAJUS scrape v4.5 (Fully Dynamic Alamin)...
[2026-10-06T10:40:58.467Z] [INFO ] Trying Strategy 1: alaminjewellers.com (dynamic)...
[2026-10-06T10:40:58.940Z] [INFO ] ✓ alaminjewellers success: 22K=19640 21K=18760 18K=16110 Trad=13160
[2026-10-06T10:40:58.941Z] [INFO ] SUCCESS — Source: alamin
[2026-10-06T10:40:58.943Z] [INFO ] Fetching international prices...
[2026-10-06T10:40:59.057Z] [INFO ] Gold: no change — skipping append
[2026-10-06T10:40:59.058Z] [INFO ] Silver: no change — skipping append
[2026-10-06T10:40:59.059Z] [INFO ] Intl: updated same-day entry
[2026-10-06T10:40:59.076Z] [INFO ] latest.json written | Final source: alamin
[2026-10-06T10:40:59.077Z] [INFO ] ══════════════════════════════════════════════
[2026-10-06T17:05:28.988Z] [INFO ] ══════════════════════════════════════════════
[2026-10-06T17:05:28.991Z] [INFO ] SonarGold Scraper v4.5 (Fully Dynamic Alamin) starting...
[2026-10-06T17:05:28.992Z] [INFO ] Mode: LIVE
[2026-10-06T17:05:28.993Z] [INFO ] ══════════════════════════════════════════════
[2026-10-06T17:05:28.996Z] [INFO ] History size — Gold: 261, Silver: 242, Intl: 384
[2026-10-06T17:05:28.999Z] [INFO ] ════════════════════════════════
[2026-10-06T17:05:29.000Z] [INFO ] Starting BAJUS scrape v4.5 (Fully Dynamic Alamin)...
[2026-10-06T17:05:29.001Z] [INFO ] Trying Strategy 1: alaminjewellers.com (dynamic)...
[2026-10-06T17:05:29.574Z] [INFO ] ✓ alaminjewellers success: 22K=19640 21K=18760 18K=16110 Trad=13160
[2026-10-06T17:05:29.576Z] [INFO ] SUCCESS — Source: alamin
[2026-10-06T17:05:29.577Z] [INFO ] Fetching international prices...
[2026-10-06T17:05:30.025Z] [INFO ] Gold: no change — skipping append
[2026-10-06T17:05:30.026Z] [INFO ] Silver: no change — skipping append
[2026-10-06T17:05:30.027Z] [INFO ] Intl: updated same-day entry
[2026-10-06T17:05:30.042Z] [INFO ] latest.json written | Final source: alamin
[2026-10-06T17:05:30.043Z] [INFO ] ══════════════════════════════════════════════
[2026-10-06T21:49:45.354Z] [INFO ] ══════════════════════════════════════════════
[2026-10-06T21:49:45.356Z] [INFO ] SonarGold Scraper v4.5 (Fully Dynamic Alamin) starting...
[2026-10-06T21:49:45.357Z] [INFO ] Mode: LIVE
[2026-10-06T21:49:45.358Z] [INFO ] ══════════════════════════════════════════════
[2026-10-06T21:49:45.360Z] [INFO ] History size — Gold: 261, Silver: 242, Intl: 384
[2026-10-06T21:49:45.362Z] [INFO ] ════════════════════════════════
[2026-10-06T21:49:45.362Z] [INFO ] Starting BAJUS scrape v4.5 (Fully Dynamic Alamin)...
[2026-10-06T21:49:45.363Z] [INFO ] Trying Strategy 1: alaminjewellers.com (dynamic)...
[2026-10-06T21:49:45.807Z] [INFO ] ✓ alaminjewellers success: 22K=19640 21K=18760 18K=16110 Trad=13160
[2026-10-06T21:49:45.809Z] [INFO ] SUCCESS — Source: alamin
[2026-10-06T21:49:45.810Z] [INFO ] Fetching international prices...
[2026-10-06T21:49:46.080Z] [INFO ] Gold: no change — skipping append
[2026-10-06T21:49:46.081Z] [INFO ] Silver: no change — skipping append
[2026-10-06T21:49:46.082Z] [INFO ] Intl: updated same-day entry
[2026-10-06T21:49:46.199Z] [INFO ] latest.json written | Final source: alamin
[2026-10-06T21:49:46.200Z] [INFO ] ══════════════════════════════════════════════
