[2026-09-05T03:46:58.184Z] [INFO ] ══════════════════════════════════════════════
[2026-09-05T03:46:58.187Z] [INFO ] SonarGold Scraper v4.0 starting...
[2026-09-05T03:46:58.188Z] [INFO ] Mode: LIVE
[2026-09-05T03:46:58.190Z] [INFO ] ══════════════════════════════════════════════
[2026-09-05T03:46:58.195Z] [INFO ] History size — Gold: 257, Silver: 239, Intl: 352
[2026-09-05T03:46:58.196Z] [INFO ] ════════════════════════════════
[2026-09-05T03:46:58.197Z] [INFO ] Starting BAJUS scrape v4.0 (sequential)...
[2026-09-05T03:46:58.198Z] [INFO ] Trying Strategy 1: BAJUSCTG API...
[2026-09-05T03:46:58.757Z] [WARN ] BAJUSCTG API failed: HTTP 403
[2026-09-05T03:46:58.758Z] [INFO ] Trying BAJUSCTG HTML fallback...
[2026-09-05T03:46:59.360Z] [WARN ] BAJUSCTG HTML failed: HTTP 403
[2026-09-05T03:46:59.362Z] [INFO ] Trying Strategy 2: GoldR.org homepage...
[2026-09-05T03:46:59.641Z] [WARN ] GoldR.org parsed but data invalid
[2026-09-05T03:46:59.643Z] [INFO ] Trying Strategy 3: bdgoldprice.com...
[2026-09-05T03:46:59.771Z] [INFO ] Trying Strategy 4: Wayback Machine...
[2026-09-05T03:47:01.280Z] [WARN ] Cache too old (190h)
[2026-09-05T03:47:01.281Z] [ERROR] CRITICAL FAILURE — All sources + cache unavailable. Using zero fallback.
[2026-09-05T03:47:01.282Z] [INFO ] Fetching international prices...
[2026-09-05T03:47:01.914Z] [INFO ] Gold: no change — skipping append
[2026-09-05T03:47:01.916Z] [INFO ] Silver: no change — skipping append
[2026-09-05T03:47:01.917Z] [INFO ] Intl: appended entry #353
[2026-09-05T03:47:01.932Z] [INFO ] latest.json written | Final source: fallback
[2026-09-05T03:47:01.933Z] [INFO ] ══════════════════════════════════════════════
