[2026-08-07T00:25:45.229Z] [INFO ] ══════════════════════════════════════════════
[2026-08-07T00:25:45.231Z] [INFO ] SonarGold Scraper v4.0 starting...
[2026-08-07T00:25:45.233Z] [INFO ] Mode: LIVE
[2026-08-07T00:25:45.234Z] [INFO ] ══════════════════════════════════════════════
[2026-08-07T00:25:45.238Z] [INFO ] History size — Gold: 247, Silver: 235, Intl: 323
[2026-08-07T00:25:45.239Z] [INFO ] ════════════════════════════════
[2026-08-07T00:25:45.241Z] [INFO ] Starting BAJUS scrape v4.0 (sequential)...
[2026-08-07T00:25:45.242Z] [INFO ] Trying Strategy 1: BAJUSCTG API...
[2026-08-07T00:25:45.903Z] [INFO ] ✓ BAJUSCTG success: 22K gram ≈ 19970
[2026-08-07T00:25:45.904Z] [INFO ] SUCCESS — Source: bajusctg-api
[2026-08-07T00:25:45.905Z] [INFO ] Fetching international prices...
[2026-08-07T00:25:46.291Z] [INFO ] Gold: no change — skipping append
[2026-08-07T00:25:46.292Z] [INFO ] Silver: no change — skipping append
[2026-08-07T00:25:46.293Z] [INFO ] Intl: appended entry #324
[2026-08-07T00:25:46.309Z] [INFO ] latest.json written | Final source: bajusctg-api
[2026-08-07T00:25:46.310Z] [INFO ] ══════════════════════════════════════════════
[2026-08-07T03:30:41.973Z] [INFO ] ══════════════════════════════════════════════
[2026-08-07T03:30:41.974Z] [INFO ] SonarGold Scraper v4.0 starting...
[2026-08-07T03:30:41.975Z] [INFO ] Mode: LIVE
[2026-08-07T03:30:41.976Z] [INFO ] ══════════════════════════════════════════════
[2026-08-07T03:30:41.978Z] [INFO ] History size — Gold: 247, Silver: 235, Intl: 324
[2026-08-07T03:30:41.980Z] [INFO ] ════════════════════════════════
[2026-08-07T03:30:41.981Z] [INFO ] Starting BAJUS scrape v4.0 (sequential)...
[2026-08-07T03:30:41.981Z] [INFO ] Trying Strategy 1: BAJUSCTG API...
[2026-08-07T03:30:42.906Z] [INFO ] ✓ BAJUSCTG success: 22K gram ≈ 19970
[2026-08-07T03:30:42.907Z] [INFO ] SUCCESS — Source: bajusctg-api
[2026-08-07T03:30:42.907Z] [INFO ] Fetching international prices...
[2026-08-07T03:30:43.639Z] [INFO ] Gold: no change — skipping append
[2026-08-07T03:30:43.639Z] [INFO ] Silver: no change — skipping append
[2026-08-07T03:30:43.640Z] [INFO ] Intl: updated same-day entry
[2026-08-07T03:30:43.652Z] [INFO ] latest.json written | Final source: bajusctg-api
[2026-08-07T03:30:43.652Z] [INFO ] ══════════════════════════════════════════════
[2026-08-07T05:43:27.676Z] [INFO ] ══════════════════════════════════════════════
[2026-08-07T05:43:27.678Z] [INFO ] SonarGold Scraper v4.0 starting...
[2026-08-07T05:43:27.679Z] [INFO ] Mode: LIVE
[2026-08-07T05:43:27.680Z] [INFO ] ══════════════════════════════════════════════
[2026-08-07T05:43:27.683Z] [INFO ] History size — Gold: 247, Silver: 235, Intl: 324
[2026-08-07T05:43:27.684Z] [INFO ] ════════════════════════════════
[2026-08-07T05:43:27.686Z] [INFO ] Starting BAJUS scrape v4.0 (sequential)...
[2026-08-07T05:43:27.687Z] [INFO ] Trying Strategy 1: BAJUSCTG API...
[2026-08-07T05:43:28.372Z] [INFO ] ✓ BAJUSCTG success: 22K gram ≈ 19690
[2026-08-07T05:43:28.373Z] [INFO ] SUCCESS — Source: bajusctg-api
[2026-08-07T05:43:28.378Z] [INFO ] Fetching international prices...
[2026-08-07T05:43:29.192Z] [INFO ] Gold: appended entry #248
[2026-08-07T05:43:29.193Z] [INFO ] Silver: no change — skipping append
[2026-08-07T05:43:29.194Z] [INFO ] Intl: updated same-day entry
[2026-08-07T05:43:29.487Z] [INFO ] latest.json written | Final source: bajusctg-api
[2026-08-07T05:43:29.488Z] [INFO ] ══════════════════════════════════════════════
[2026-08-07T07:22:50.753Z] [INFO ] ══════════════════════════════════════════════
[2026-08-07T07:22:50.755Z] [INFO ] SonarGold Scraper v4.0 starting...
[2026-08-07T07:22:50.756Z] [INFO ] Mode: LIVE
[2026-08-07T07:22:50.757Z] [INFO ] ══════════════════════════════════════════════
[2026-08-07T07:22:50.760Z] [INFO ] History size — Gold: 248, Silver: 235, Intl: 324
[2026-08-07T07:22:50.761Z] [INFO ] ════════════════════════════════
[2026-08-07T07:22:50.763Z] [INFO ] Starting BAJUS scrape v4.0 (sequential)...
[2026-08-07T07:22:50.764Z] [INFO ] Trying Strategy 1: BAJUSCTG API...
[2026-08-07T07:22:51.153Z] [INFO ] ✓ BAJUSCTG success: 22K gram ≈ 19690
[2026-08-07T07:22:51.154Z] [INFO ] SUCCESS — Source: bajusctg-api
[2026-08-07T07:22:51.155Z] [INFO ] Fetching international prices...
[2026-08-07T07:22:51.472Z] [INFO ] Gold: no change — skipping append
[2026-08-07T07:22:51.472Z] [INFO ] Silver: no change — skipping append
[2026-08-07T07:22:51.473Z] [INFO ] Intl: updated same-day entry
[2026-08-07T07:22:51.794Z] [INFO ] latest.json written | Final source: bajusctg-api
[2026-08-07T07:22:51.794Z] [INFO ] ══════════════════════════════════════════════
[2026-08-07T08:34:36.138Z] [INFO ] ══════════════════════════════════════════════
[2026-08-07T08:34:36.140Z] [INFO ] SonarGold Scraper v4.0 starting...
[2026-08-07T08:34:36.141Z] [INFO ] Mode: LIVE
[2026-08-07T08:34:36.142Z] [INFO ] ══════════════════════════════════════════════
[2026-08-07T08:34:36.145Z] [INFO ] History size — Gold: 248, Silver: 235, Intl: 324
[2026-08-07T08:34:36.146Z] [INFO ] ════════════════════════════════
[2026-08-07T08:34:36.148Z] [INFO ] Starting BAJUS scrape v4.0 (sequential)...
[2026-08-07T08:34:36.149Z] [INFO ] Trying Strategy 1: BAJUSCTG API...
[2026-08-07T08:34:36.549Z] [INFO ] ✓ BAJUSCTG success: 22K gram ≈ 19690
[2026-08-07T08:34:36.550Z] [INFO ] SUCCESS — Source: bajusctg-api
[2026-08-07T08:34:36.551Z] [INFO ] Fetching international prices...
[2026-08-07T08:34:37.058Z] [INFO ] Gold: no change — skipping append
[2026-08-07T08:34:37.059Z] [INFO ] Silver: no change — skipping append
[2026-08-07T08:34:37.060Z] [INFO ] Intl: updated same-day entry
[2026-08-07T08:34:37.075Z] [INFO ] latest.json written | Final source: bajusctg-api
[2026-08-07T08:34:37.076Z] [INFO ] ══════════════════════════════════════════════
[2026-08-07T10:04:12.221Z] [INFO ] ══════════════════════════════════════════════
[2026-08-07T10:04:12.223Z] [INFO ] SonarGold Scraper v4.0 starting...
[2026-08-07T10:04:12.225Z] [INFO ] Mode: LIVE
[2026-08-07T10:04:12.226Z] [INFO ] ══════════════════════════════════════════════
[2026-08-07T10:04:12.229Z] [INFO ] History size — Gold: 248, Silver: 235, Intl: 324
[2026-08-07T10:04:12.233Z] [INFO ] ════════════════════════════════
[2026-08-07T10:04:12.233Z] [INFO ] Starting BAJUS scrape v4.0 (sequential)...
[2026-08-07T10:04:12.234Z] [INFO ] Trying Strategy 1: BAJUSCTG API...
[2026-08-07T10:04:13.117Z] [INFO ] ✓ BAJUSCTG success: 22K gram ≈ 19690
[2026-08-07T10:04:13.119Z] [INFO ] SUCCESS — Source: bajusctg-api
[2026-08-07T10:04:13.120Z] [INFO ] Fetching international prices...
[2026-08-07T10:04:14.795Z] [INFO ] Gold: no change — skipping append
[2026-08-07T10:04:14.796Z] [INFO ] Silver: no change — skipping append
[2026-08-07T10:04:14.797Z] [INFO ] Intl: updated same-day entry
[2026-08-07T10:04:14.813Z] [INFO ] latest.json written | Final source: bajusctg-api
[2026-08-07T10:04:14.814Z] [INFO ] ══════════════════════════════════════════════
[2026-08-07T11:23:18.868Z] [INFO ] ══════════════════════════════════════════════
[2026-08-07T11:23:18.870Z] [INFO ] SonarGold Scraper v4.0 starting...
[2026-08-07T11:23:18.871Z] [INFO ] Mode: LIVE
[2026-08-07T11:23:18.872Z] [INFO ] ══════════════════════════════════════════════
[2026-08-07T11:23:18.875Z] [INFO ] History size — Gold: 248, Silver: 235, Intl: 324
[2026-08-07T11:23:18.877Z] [INFO ] ════════════════════════════════
[2026-08-07T11:23:18.878Z] [INFO ] Starting BAJUS scrape v4.0 (sequential)...
[2026-08-07T11:23:18.879Z] [INFO ] Trying Strategy 1: BAJUSCTG API...
[2026-08-07T11:23:19.239Z] [INFO ] ✓ BAJUSCTG success: 22K gram ≈ 19690
[2026-08-07T11:23:19.240Z] [INFO ] SUCCESS — Source: bajusctg-api
[2026-08-07T11:23:19.241Z] [INFO ] Fetching international prices...
[2026-08-07T11:23:19.361Z] [INFO ] Gold: no change — skipping append
[2026-08-07T11:23:19.362Z] [INFO ] Silver: no change — skipping append
[2026-08-07T11:23:19.363Z] [INFO ] Intl: updated same-day entry
[2026-08-07T11:23:19.379Z] [INFO ] latest.json written | Final source: bajusctg-api
[2026-08-07T11:23:19.379Z] [INFO ] ══════════════════════════════════════════════
[2026-08-07T12:10:16.306Z] [INFO ] ══════════════════════════════════════════════
[2026-08-07T12:10:16.308Z] [INFO ] SonarGold Scraper v4.0 starting...
[2026-08-07T12:10:16.310Z] [INFO ] Mode: LIVE
[2026-08-07T12:10:16.311Z] [INFO ] ══════════════════════════════════════════════
[2026-08-07T12:10:16.314Z] [INFO ] History size — Gold: 248, Silver: 235, Intl: 324
[2026-08-07T12:10:16.316Z] [INFO ] ════════════════════════════════
[2026-08-07T12:10:16.317Z] [INFO ] Starting BAJUS scrape v4.0 (sequential)...
[2026-08-07T12:10:16.317Z] [INFO ] Trying Strategy 1: BAJUSCTG API...
[2026-08-07T12:10:17.239Z] [INFO ] ✓ BAJUSCTG success: 22K gram ≈ 19690
[2026-08-07T12:10:17.240Z] [INFO ] SUCCESS — Source: bajusctg-api
[2026-08-07T12:10:17.241Z] [INFO ] Fetching international prices...
[2026-08-07T12:10:17.558Z] [INFO ] Gold: no change — skipping append
[2026-08-07T12:10:17.558Z] [INFO ] Silver: no change — skipping append
[2026-08-07T12:10:17.559Z] [INFO ] Intl: updated same-day entry
[2026-08-07T12:10:17.575Z] [INFO ] latest.json written | Final source: bajusctg-api
[2026-08-07T12:10:17.575Z] [INFO ] ══════════════════════════════════════════════
